Component: ARM Compiler 6.14 Tool: armlink [5db06800]

==============================================================================

Section Cross References

    hardwaresystem_ini.o(.ARM.exidx.text.SystemInit) refers to hardwaresystem_ini.o(.text.SystemInit) for [Anonymous Symbol]
    hardwaresystem_ini.o(.ARM.exidx.text.stm32_Get_PreempPrioBits) refers to hardwaresystem_ini.o(.text.stm32_Get_PreempPrioBits) for [Anonymous Symbol]
    hardwaresystem_ini.o(.ARM.exidx.text.HAL_RCC_GetSysClockFreq) refers to hardwaresystem_ini.o(.text.HAL_RCC_GetSysClockFreq) for [Anonymous Symbol]
    hardwaresystem_ini.o(.text.stm32f4_Hardware_Init) refers to hardwaresystem_ini.o(.text.HAL_RCC_GetSysClockFreq) for HAL_RCC_GetSysClockFreq
    hardwaresystem_ini.o(.text.stm32f4_Hardware_Init) refers to hardwaresystem_ini.o(.text.my_getHCLKFreq) for my_getHCLKFreq
    hardwaresystem_ini.o(.text.stm32f4_Hardware_Init) refers to hardwaresystem_ini.o(.text.my_getPCLKx_Freq) for my_getPCLKx_Freq
    hardwaresystem_ini.o(.text.stm32f4_Hardware_Init) refers to hardwaresystem_ini.o(.bss..L_MergedGlobals) for [Anonymous Symbol]
    hardwaresystem_ini.o(.ARM.exidx.text.stm32f4_Hardware_Init) refers to hardwaresystem_ini.o(.text.stm32f4_Hardware_Init) for [Anonymous Symbol]
    hardwaresystem_ini.o(.text.my_getPCLKx_Freq) refers to hardwaresystem_ini.o(.bss..L_MergedGlobals) for [Anonymous Symbol]
    hardwaresystem_ini.o(.ARM.exidx.text.my_getPCLKx_Freq) refers to hardwaresystem_ini.o(.text.my_getPCLKx_Freq) for [Anonymous Symbol]
    hardwaresystem_ini.o(.text.my_getHCLKFreq) refers to hardwaresystem_ini.o(.bss..L_MergedGlobals) for [Anonymous Symbol]
    hardwaresystem_ini.o(.ARM.exidx.text.my_getHCLKFreq) refers to hardwaresystem_ini.o(.text.my_getHCLKFreq) for [Anonymous Symbol]
    user_defined.o(.text.SysTick_Handler) refers to user_defined.o(.text.Debounce) for Debounce
    user_defined.o(.text.SysTick_Handler) refers to user_defined.o(.text.HoldCheck_per_4ms) for HoldCheck_per_4ms
    user_defined.o(.text.SysTick_Handler) refers to user_defined.o(.bss..L_MergedGlobals) for [Anonymous Symbol]
    user_defined.o(.ARM.exidx.text.SysTick_Handler) refers to user_defined.o(.text.SysTick_Handler) for [Anonymous Symbol]
    user_defined.o(.text.delay_ms) refers to user_defined.o(.bss..L_MergedGlobals) for [Anonymous Symbol]
    user_defined.o(.ARM.exidx.text.delay_ms) refers to user_defined.o(.text.delay_ms) for [Anonymous Symbol]
    user_defined.o(.text.hold_key_ms) refers to user_defined.o(.text.delay_ms) for delay_ms
    user_defined.o(.text.hold_key_ms) refers to user_defined.o(.bss..L_MergedGlobals) for [Anonymous Symbol]
    user_defined.o(.ARM.exidx.text.hold_key_ms) refers to user_defined.o(.text.hold_key_ms) for [Anonymous Symbol]
    user_defined.o(.text.FLASH_check_BUSY_bit) refers to user_defined.o(.bss..L_MergedGlobals) for [Anonymous Symbol]
    user_defined.o(.ARM.exidx.text.FLASH_check_BUSY_bit) refers to user_defined.o(.text.FLASH_check_BUSY_bit) for [Anonymous Symbol]
    user_defined.o(.text.User_FLASH_SectorErase) refers to user_defined.o(.text.FLASH_check_BUSY_bit) for FLASH_check_BUSY_bit
    user_defined.o(.ARM.exidx.text.User_FLASH_SectorErase) refers to user_defined.o(.text.User_FLASH_SectorErase) for [Anonymous Symbol]
    user_defined.o(.text.User_FLASH_beforeWRITE) refers to user_defined.o(.text.FLASH_check_BUSY_bit) for FLASH_check_BUSY_bit
    user_defined.o(.ARM.exidx.text.User_FLASH_beforeWRITE) refers to user_defined.o(.text.User_FLASH_beforeWRITE) for [Anonymous Symbol]
    user_defined.o(.text.Debounce) refers to user_defined.o(.bss..L_MergedGlobals) for [Anonymous Symbol]
    user_defined.o(.ARM.exidx.text.Debounce) refers to user_defined.o(.text.Debounce) for [Anonymous Symbol]
    user_defined.o(.text.EXTI0_IRQHandler) refers to user_defined.o(.bss..L_MergedGlobals) for [Anonymous Symbol]
    user_defined.o(.ARM.exidx.text.EXTI0_IRQHandler) refers to user_defined.o(.text.EXTI0_IRQHandler) for [Anonymous Symbol]
    user_defined.o(.text.cancel_EXTI_ms) refers to user_defined.o(.bss..L_MergedGlobals) for [Anonymous Symbol]
    user_defined.o(.ARM.exidx.text.cancel_EXTI_ms) refers to user_defined.o(.text.cancel_EXTI_ms) for [Anonymous Symbol]
    user_defined.o(.text.hold_EXTI_ms) refers to user_defined.o(.bss..L_MergedGlobals) for [Anonymous Symbol]
    user_defined.o(.ARM.exidx.text.hold_EXTI_ms) refers to user_defined.o(.text.hold_EXTI_ms) for [Anonymous Symbol]
    user_defined.o(.text.get_ButtonHoldState) refers to user_defined.o(.bss..L_MergedGlobals) for [Anonymous Symbol]
    user_defined.o(.ARM.exidx.text.get_ButtonHoldState) refers to user_defined.o(.text.get_ButtonHoldState) for [Anonymous Symbol]
    user_defined.o(.text.HoldCheck_per_4ms) refers to user_defined.o(.bss..L_MergedGlobals) for [Anonymous Symbol]
    user_defined.o(.ARM.exidx.text.HoldCheck_per_4ms) refers to user_defined.o(.text.HoldCheck_per_4ms) for [Anonymous Symbol]
[...]
    ../clib/printf.c                         0x00000000   Number         0  __printf_flags_wp.o ABSOLUTE
    ../clib/printf.c                         0x00000000   Number         0  __printf_ss_wp.o ABSOLUTE
    ../clib/printf.c                         0x00000000   Number         0  __printf_flags_ss_wp.o ABSOLUTE
    ../clib/printf.c                         0x00000000   Number         0  _printf_intcommon.o ABSOLUTE
    ../clib/printf.c                         0x00000000   Number         0  _printf_char_common.o ABSOLUTE
    ../clib/printf.c                         0x00000000   Number         0  _sputc.o ABSOLUTE
    ../clib/printf.c                         0x00000000   Number         0  __printf_nopercent.o ABSOLUTE
    ../clib/printf_percent.s                 0x00000000   Number         0  _printf_x.o ABSOLUTE
    ../clib/printf_percent.s                 0x00000000   Number         0  _printf_d.o ABSOLUTE
    ../clib/printf_percent.s                 0x00000000   Number         0  _printf_percent.o ABSOLUTE
    ../clib/printf_percent.s                 0x00000000   Number         0  _printf_percent_end.o ABSOLUTE
    ../clib/signal.c                         0x00000000   Number         0  defsig_rtmem_outer.o ABSOLUTE
    ../clib/signal.c                         0x00000000   Number         0  defsig_rtmem_formal.o ABSOLUTE
    ../clib/signal.c                         0x00000000   Number         0  defsig_exit.o ABSOLUTE
    ../clib/signal.c                         0x00000000   Number         0  defsig_rtmem_inner.o ABSOLUTE
    ../clib/signal.c                         0x00000000   Number         0  __raise.o ABSOLUTE
    ../clib/signal.c                         0x00000000   Number         0  defsig_general.o ABSOLUTE
    ../clib/signal.c                         0x00000000   Number         0  defsig_abrt_inner.o ABSOLUTE
    ../clib/signal.c                         0x00000000   Number         0  defsig_fpe_inner.o ABSOLUTE
    ../clib/signal.c                         0x00000000   Number         0  defsig_rtred_inner.o ABSOLUTE
    ../clib/signal.c                         0x00000000   Number         0  defsig_stak_inner.o ABSOLUTE
    ../clib/signal.c                         0x00000000   Number         0  defsig_pvfn_inner.o ABSOLUTE
    ../clib/signal.c                         0x00000000   Number         0  defsig_cppl_inner.o ABSOLUTE
    ../clib/signal.c                         0x00000000   Number         0  defsig_segv_inner.o ABSOLUTE
    ../clib/signal.c                         0x00000000   Number         0  defsig_other.o ABSOLUTE
    ../clib/signal.s                         0x00000000   Number         0  defsig.o ABSOLUTE
    ../clib/stdlib.c                         0x00000000   Number         0  exit.o ABSOLUTE
    ../fplib/daddsub.s                       0x00000000   Number         0  daddsub_clz.o ABSOLUTE
    ../fplib/dfix.s                          0x00000000   Number         0  dfix.o ABSOLUTE
    ../fplib/dflt.s                          0x00000000   Number         0  dflt_clz.o ABSOLUTE
    ../fplib/dmul.s                          0x00000000   Number         0  dmul.o ABSOLUTE
    ../fplib/dnaninf.s                       0x00000000   Number         0  dnaninf.o ABSOLUTE
    ../fplib/dretinf.s                       0x00000000   Number         0  dretinf.o ABSOLUTE
    ../fplib/fpinit.s                        0x00000000   Number         0  fpinit.o ABSOLUTE
    ../fplib/usenofp.s                       0x00000000   Number         0  usenofp.o ABSOLUTE
    Driver_SPI.c                             0x00000000   Number         0  driver_spi.o ABSOLUTE
    HardwareSystem_Ini.c                     0x00000000   Number         0  hardwaresystem_ini.o ABSOLUTE
    RTE/Device/STM32F407ZGTx/startup_stm32f407xx.s 0x00000000   Number         0  startup_stm32f407xx.o ABSOLUTE
    alarm_sample.c                           0x00000000   Number         0  alarm_sample.o ABSOLUTE
    dc.s                                     0x00000000   Number         0  dc.o ABSOLUTE
    main_Samp.c                              0x00000000   Number         0  main_samp.o ABSOLUTE
    rng.c                                    0x00000000   Number         0  rng.o ABSOLUTE
    stm324xg_lcd_ILI9341.c                   0x00000000   Number         0  stm324xg_lcd_ili9341.o ABSOLUTE
    stm32f4xx_fsmc.c                         0x00000000   Number         0  stm32f4xx_fsmc.o ABSOLUTE
    system_stm32f4xx.c                       0x00000000   Number         0  system_stm32f4xx.o ABSOLUTE
    touch_functions.c                        0x00000000   Number         0  touch_functions.o ABSOLUTE
    touch_module.c                           0x00000000   Number         0  touch_module.o ABSOLUTE
    touch_sample_FreeDraw.c                  0x00000000   Number         0  touch_sample_freedraw.o ABSOLUTE
    user_defined.c                           0x00000000   Number         0  user_defined.o ABSOLUTE
    RESET                                    0x20000000   Section      392  startup_stm32f407xx.o(RESET)
    !!!main                                  0x20000188   Section        8  __main.o(!!!main)
    !!!scatter                               0x20000190   Section       52  __scatter.o(!!!scatter)
    !!handler_copy                           0x200001c4   Section       26  __scatter_copy.o(!!handler_copy)
    !!handler_zi                             0x200001e0   Section       28  __scatter_zi.o(!!handler_zi)
    .ARM.Collect$$_printf_percent$$00000000  0x200001fc   Section        0  _printf_percent.o(.ARM.Collect$$_printf_percent$$00000000)
    .ARM.Collect$$_printf_percent$$00000009  0x200001fc   Section        6  _printf_d.o(.ARM.Collect$$_printf_percent$$00000009)
    .ARM.Collect$$_printf_percent$$0000000C  0x20000202   Section        6  _printf_x.o(.ARM.Collect$$_printf_percent$$0000000C)
    .ARM.Collect$$_printf_percent$$00000017  0x20000208   Section        4  _printf_percent_end.o(.ARM.Collect$$_printf_percent$$00000017)
    .ARM.Collect$$libinit$$00000000          0x2000020c   Section        2  libinit.o(.ARM.Collect$$libinit$$00000000)
    .ARM.Collect$$libinit$$00000001          0x2000020e   Section        4  libinit2.o(.ARM.Collect$$libinit$$00000001)
    .ARM.Collect$$libinit$$00000004          0x20000212   Section        0  libinit2.o(.ARM.Collect$$libinit$$00000004)
    .ARM.Collect$$libinit$$0000000A          0x20000212   Section        0  libinit2.o(.ARM.Collect$$libinit$$0000000A)
    .ARM.Collect$$libinit$$0000000C          0x20000212   Section        0  libinit2.o(.ARM.Collect$$libinit$$0000000C)
    .ARM.Collect$$libinit$$0000000E          0x20000212   Section        0  libinit2.o(.ARM.Collect$$libinit$$0000000E)
    .ARM.Collect$$libinit$$00000011          0x20000212   Section        0  libinit2.o(.ARM.Collect$$libinit$$00000011)
    .ARM.Collect$$libinit$$00000013          0x20000212   Section        0  libinit2.o(.ARM.Collect$$libinit$$00000013)
    .ARM.Collect$$libinit$$00000015          0x20000212   Section        0  libinit2.o(.ARM.Collect$$libinit$$00000015)
    .ARM.Collect$$libinit$$00000017          0x20000212   Section        0  libinit2.o(.ARM.Collect$$libinit$$00000017)
    .ARM.Collect$$libinit$$00000019          0x20000212   Section        0  libinit2.o(.ARM.Collect$$libinit$$00000019)
    .ARM.Collect$$libinit$$0000001B          0x20000212   Section        0  libinit2.o(.ARM.Collect$$libinit$$0000001B)
    .ARM.Collect$$libinit$$0000001D          0x20000212   Section        0  libinit2.o(.ARM.Collect$$libinit$$0000001D)
    .ARM.Collect$$libinit$$0000001F          0x20000212   Section        0  libinit2.o(.ARM.Collect$$libinit$$0000001F)
    .ARM.Collect$$libinit$$00000021          0x20000212   Section        0  libinit2.o(.ARM.Collect$$libinit$$00000021)
    .ARM.Collect$$libinit$$00000023          0x20000212   Section        0  libinit2.o(.ARM.Collect$$libinit$$00000023)
    .ARM.Collect$$libinit$$00000025          0x20000212   Section        0  libinit2.o(.ARM.Collect$$libinit$$00000025)
    .ARM.Collect$$libinit$$0000002C          0x20000212   Section        0  libinit2.o(.ARM.Collect$$libinit$$0000002C)
    .ARM.Collect$$libinit$$0000002E          0x20000212   Section        0  libinit2.o(.ARM.Collect$$libinit$$0000002E)
    .ARM.Collect$$libinit$$00000030          0x20000212   Section        0  libinit2.o(.ARM.Collect$$libinit$$00000030)
    .ARM.Collect$$libinit$$00000032          0x20000212   Section        0  libinit2.o(.ARM.Collect$$libinit$$00000032)
    .ARM.Collect$$libinit$$00000033          0x20000212   Section        2  libinit2.o(.ARM.Collect$$libinit$$00000033)
    .ARM.Collect$$libshutdown$$00000000      0x20000214   Section        2  libshutdown.o(.ARM.Collect$$libshutdown$$00000000)
    .ARM.Collect$$libshutdown$$00000002      0x20000216   Section        0  libshutdown2.o(.ARM.Collect$$libshutdown$$00000002)
    .ARM.Collect$$libshutdown$$00000004      0x20000216   Section        0  libshutdown2.o(.ARM.Collect$$libshutdown$$00000004)
    .ARM.Collect$$libshutdown$$00000007      0x20000216   Section        0  libshutdown2.o(.ARM.Collect$$libshutdown$$00000007)
    .ARM.Collect$$libshutdown$$0000000A      0x20000216   Section        0  libshutdown2.o(.ARM.Collect$$libshutdown$$0000000A)
    .ARM.Collect$$libshutdown$$0000000C      0x20000216   Section        0  libshutdown2.o(.ARM.Collect$$libshutdown$$0000000C)
    .ARM.Collect$$libshutdown$$0000000F      0x20000216   Section        0  libshutdown2.o(.ARM.Collect$$libshutdown$$0000000F)
    .ARM.Collect$$libshutdown$$00000010      0x20000216   Section        2  libshutdown2.o(.ARM.Collect$$libshutdown$$00000010)
    .ARM.Collect$$rtentry$$00000000          0x20000218   Section        0  __rtentry.o(.ARM.Collect$$rtentry$$00000000)
    .ARM.Collect$$rtentry$$00000002          0x20000218   Section        0  __rtentry2.o(.ARM.Collect$$rtentry$$00000002)
    .ARM.Collect$$rtentry$$00000004          0x20000218   Section        6  __rtentry4.o(.ARM.Collect$$rtentry$$00000004)
    .ARM.Collect$$rtentry$$00000009          0x2000021e   Section        0  __rtentry2.o(.ARM.Collect$$rtentry$$00000009)
    .ARM.Collect$$rtentry$$0000000A          0x2000021e   Section        4  __rtentry2.o(.ARM.Collect$$rtentry$$0000000A)
    .ARM.Collect$$rtentry$$0000000C          0x20000222   Section        0  __rtentry2.o(.ARM.Collect$$rtentry$$0000000C)
    .ARM.Collect$$rtentry$$0000000D          0x20000222   Section        8  __rtentry2.o(.ARM.Collect$$rtentry$$0000000D)
    .ARM.Collect$$rtexit$$00000000           0x2000022a   Section        2  rtexit.o(.ARM.Collect$$rtexit$$00000000)
    .ARM.Collect$$rtexit$$00000002           0x2000022c   Section        0  rtexit2.o(.ARM.Collect$$rtexit$$00000002)
    .ARM.Collect$$rtexit$$00000003           0x2000022c   Section        4  rtexit2.o(.ARM.Collect$$rtexit$$00000003)
    .ARM.Collect$$rtexit$$00000004           0x20000230   Section        6  rtexit2.o(.ARM.Collect$$rtexit$$00000004)
    $v0                                      0x20000238   Number         0  startup_stm32f407xx.o(.text)
    .text                                    0x20000238   Section       64  startup_stm32f407xx.o(.text)
    .text                                    0x20000278   Section        0  noretval__2sprintf.o(.text)
    .text                                    0x200002a0   Section        0  _printf_pad.o(.text)
    .text                                    0x200002f0   Section        0  _printf_dec.o(.text)
    .text                                    0x20000368   Section        0  _printf_hex_int.o(.text)
    .text                                    0x200003c0   Section        0  __printf_flags_wp.o(.text)
    .text                                    0x200004f8   Section        0  heapauxi.o(.text)
    .text                                    0x200004fe   Section        0  _printf_intcommon.o(.text)
    _printf_input_char                       0x200005b1   Thumb Code    10  _printf_char_common.o(.text)
    .text                                    0x200005b0   Section        0  _printf_char_common.o(.text)
    .text                                    0x200005e0   Section        0  _sputc.o(.text)
    .text                                    0x200005ea   Section       74  sys_stackheap_outer.o(.text)
    .text                                    0x20000634   Section        0  exit.o(.text)
    .text                                    0x20000648   Section        8  libspace.o(.text)
    .text                                    0x20000650   Section        0  sys_exit.o(.text)
    .text                                    0x2000065c   Section        2  use_no_semi.o(.text)
    .text                                    0x2000065e   Section        0  indicate_semi.o(.text)
    [Anonymous Symbol]                       0x20000660   Section        0  alarm_sample.o(.text.BoxTriangle)
    [Anonymous Symbol]                       0x20000710   Section        0  touch_module.o(.text.Cal_GetXY)
    __arm_cp.4_1                             0x2000077c   Number         4  touch_module.o(.text.Cal_GetXY)
    [Anonymous Symbol]                       0x20000780   Section        0  touch_functions.o(.text.Check_TextBox_touch)
    [Anonymous Symbol]                       0x200007ec   Section        0  user_defined.o(.text.Debounce)
    [Anonymous Symbol]                       0x2000083c   Section        0  touch_module.o(.text.Default_Calibration)
    __arm_cp.8_0                             0x2000088c   Number         4  touch_module.o(.text.Default_Calibration)
    __arm_cp.8_1                             0x20000890   Number         4  touch_module.o(.text.Default_Calibration)
    __arm_cp.8_2                             0x20000894   Number         4  touch_module.o(.text.Default_Calibration)
    [Anonymous Symbol]                       0x20000898   Section        0  driver_spi.o(.text.Delay_SPI)
    [Anonymous Symbol]                       0x200008c0   Section        0  alarm_sample.o(.text.Draw_SUN)
    __arm_cp.2_0                             0x200009b8   Number         4  alarm_sample.o(.text.Draw_SUN)
    [Anonymous Symbol]                       0x200009bc   Section        0  alarm_sample.o(.text.Draw_Time)
    __arm_cp.3_1                             0x200009f8   Number         4  alarm_sample.o(.text.Draw_Time)
    [Anonymous Symbol]                       0x200009fc   Section        0  driver_spi.o(.text.Driver_GPIO)
    __arm_cp.0_2                             0x20000ae8   Number         4  driver_spi.o(.text.Driver_GPIO)
    __arm_cp.0_3                             0x20000aec   Number         4  driver_spi.o(.text.Driver_GPIO)
    [Anonymous Symbol]                       0x20000af0   Section        0  driver_spi.o(.text.Driver_SPICS)
    __arm_cp.1_0                             0x20000b00   Number         4  driver_spi.o(.text.Driver_SPICS)
    [Anonymous Symbol]                       0x20000b04   Section        0  user_defined.o(.text.EXTI0_IRQHandler)
    __arm_cp.7_0                             0x20000b48   Number         4  user_defined.o(.text.EXTI0_IRQHandler)
    __arm_cp.7_1                             0x20000b4c   Number         4  user_defined.o(.text.EXTI0_IRQHandler)
    __arm_cp.7_2                             0x20000b50   Number         4  user_defined.o(.text.EXTI0_IRQHandler)
    [Anonymous Symbol]                       0x20000b54   Section        0  stm32f4xx_fsmc.o(.text.FSMC_NORSRAM_Extended_Timing_Init)
    __arm_cp.3_0                             0x20000b88   Number         4  stm32f4xx_fsmc.o(.text.FSMC_NORSRAM_Extended_Timing_Init)
    [Anonymous Symbol]                       0x20000b8c   Section        0  stm32f4xx_fsmc.o(.text.FSMC_NORSRAM_Init)
    __arm_cp.0_0                             0x20000bfc   Number         4  stm32f4xx_fsmc.o(.text.FSMC_NORSRAM_Init)
    [Anonymous Symbol]                       0x20000c00   Section        0  stm32f4xx_fsmc.o(.text.FSMC_NORSRAM_Timing_Init)
    __arm_cp.2_0                             0x20000c38   Number         4  stm32f4xx_fsmc.o(.text.FSMC_NORSRAM_Timing_Init)
    GPIO_AF12PPhigh                          0x20000c3d   Thumb Code   228  stm324xg_lcd_ili9341.o(.text.GPIO_AF12PPhigh)
    [Anonymous Symbol]                       0x20000c3c   Section        0  stm324xg_lcd_ili9341.o(.text.GPIO_AF12PPhigh)
    GPIO_outPPhigh                           0x20000d21   Thumb Code   100  stm324xg_lcd_ili9341.o(.text.GPIO_outPPhigh)
    [Anonymous Symbol]                       0x20000d20   Section        0  stm324xg_lcd_ili9341.o(.text.GPIO_outPPhigh)
    __arm_cp.8_0                             0x20000d7c   Number         4  stm324xg_lcd_ili9341.o(.text.GPIO_outPPhigh)
    __arm_cp.8_1                             0x20000d80   Number         4  stm324xg_lcd_ili9341.o(.text.GPIO_outPPhigh)
    [Anonymous Symbol]                       0x20000d84   Section        0  hardwaresystem_ini.o(.text.HAL_RCC_GetSysClockFreq)
    __arm_cp.2_0                             0x20000dc8   Number         4  hardwaresystem_ini.o(.text.HAL_RCC_GetSysClockFreq)
    __arm_cp.2_1                             0x20000dcc   Number         4  hardwaresystem_ini.o(.text.HAL_RCC_GetSysClockFreq)
    __arm_cp.2_2                             0x20000dd0   Number         4  hardwaresystem_ini.o(.text.HAL_RCC_GetSysClockFreq)
    [Anonymous Symbol]                       0x20000dd4   Section        0  user_defined.o(.text.HoldCheck_per_4ms)
    __arm_cp.11_0                            0x20000df8   Number         4  user_defined.o(.text.HoldCheck_per_4ms)
    __arm_cp.11_1                            0x20000dfc   Number         4  user_defined.o(.text.HoldCheck_per_4ms)
    [Anonymous Symbol]                       0x20000e00   Section        0  stm324xg_lcd_ili9341.o(.text.LCD_Clear)
    [Anonymous Symbol]                       0x20000e30   Section        0  stm324xg_lcd_ili9341.o(.text.LCD_DisplayDevID)
    __arm_cp.4_0                             0x20000e58   Number         4  stm324xg_lcd_ili9341.o(.text.LCD_DisplayDevID)
    [Anonymous Symbol]                       0x20000e6c   Section        0  stm324xg_lcd_ili9341.o(.text.LCD_DisplayOn)
    __arm_cp.13_1                            0x20000e7c   Number         4  stm324xg_lcd_ili9341.o(.text.LCD_DisplayOn)
    [Anonymous Symbol]                       0x20000e80   Section        0  stm324xg_lcd_ili9341.o(.text.LCD_DisplayStringAt)
    [Anonymous Symbol]                       0x20000ee8   Section        0  stm324xg_lcd_ili9341.o(.text.LCD_DisplayStringLineCol)
    LCD_DisplayStringSegment                 0x20000f05   Thumb Code   224  stm324xg_lcd_ili9341.o(.text.LCD_DisplayStringSegment)
    [Anonymous Symbol]                       0x20000f04   Section        0  stm324xg_lcd_ili9341.o(.text.LCD_DisplayStringSegment)
    __arm_cp.25_0                            0x20000fe0   Number         4  stm324xg_lcd_ili9341.o(.text.LCD_DisplayStringSegment)
    [Anonymous Symbol]                       0x20000fe4   Section        0  stm324xg_lcd_ili9341.o(.text.LCD_DrawCircle)
    __arm_cp.31_1                            0x200010e4   Number         4  stm324xg_lcd_ili9341.o(.text.LCD_DrawCircle)
    [Anonymous Symbol]                       0x200010e8   Section        0  stm324xg_lcd_ili9341.o(.text.LCD_DrawHLine)
    __arm_cp.27_1                            0x20001114   Number         4  stm324xg_lcd_ili9341.o(.text.LCD_DrawHLine)
    [Anonymous Symbol]                       0x20001118   Section        0  stm324xg_lcd_ili9341.o(.text.LCD_DrawLine)
    [Anonymous Symbol]                       0x200011ec   Section        0  stm324xg_lcd_ili9341.o(.text.LCD_DrawPixel)
    [Anonymous Symbol]                       0x20001200   Section        0  stm324xg_lcd_ili9341.o(.text.LCD_DrawRect)
    [Anonymous Symbol]                       0x20001238   Section        0  stm324xg_lcd_ili9341.o(.text.LCD_DrawVLine)
    __arm_cp.28_0                            0x20001264   Number         4  stm324xg_lcd_ili9341.o(.text.LCD_DrawVLine)
    __arm_cp.28_1                            0x20001268   Number         4  stm324xg_lcd_ili9341.o(.text.LCD_DrawVLine)
    [Anonymous Symbol]                       0x2000126c   Section        0  stm324xg_lcd_ili9341.o(.text.LCD_FSMCConfig)
    __arm_cp.2_0                             0x20001308   Number         4  stm324xg_lcd_ili9341.o(.text.LCD_FSMCConfig)
    __arm_cp.2_1                             0x2000130c   Number         4  stm324xg_lcd_ili9341.o(.text.LCD_FSMCConfig)
    [Anonymous Symbol]                       0x20001310   Section        0  stm324xg_lcd_ili9341.o(.text.LCD_FillCircle)
    [Anonymous Symbol]                       0x200013b8   Section        0  stm324xg_lcd_ili9341.o(.text.LCD_FillRect)
    __arm_cp.32_0                            0x200013f0   Number         4  stm324xg_lcd_ili9341.o(.text.LCD_FillRect)
    __arm_cp.32_1                            0x200013f4   Number         4  stm324xg_lcd_ili9341.o(.text.LCD_FillRect)
    [Anonymous Symbol]                       0x200013f8   Section        0  stm324xg_lcd_ili9341.o(.text.LCD_FillTriangle)
    [Anonymous Symbol]                       0x200015a8   Section        0  stm324xg_lcd_ili9341.o(.text.LCD_GetColors)
    [Anonymous Symbol]                       0x200015b8   Section        0  stm324xg_lcd_ili9341.o(.text.LCD_GetFont)
    __arm_cp.22_0                            0x200015c0   Number         4  stm324xg_lcd_ili9341.o(.text.LCD_GetFont)
    [Anonymous Symbol]                       0x200015c4   Section        0  stm324xg_lcd_ili9341.o(.text.LCD_Init)
    __arm_cp.7_1                             0x200017c4   Number         4  stm324xg_lcd_ili9341.o(.text.LCD_Init)
    [Anonymous Symbol]                       0x200017c8   Section        0  stm324xg_lcd_ili9341.o(.text.LCD_OpenWin)
    __arm_cp.14_0                            0x20001800   Number         4  stm324xg_lcd_ili9341.o(.text.LCD_OpenWin)
    [Anonymous Symbol]                       0x20001804   Section        0  stm324xg_lcd_ili9341.o(.text.LCD_Pixel_Height)
    [Anonymous Symbol]                       0x20001808   Section        0  stm324xg_lcd_ili9341.o(.text.LCD_Pixel_Width)
    [Anonymous Symbol]                       0x20001810   Section        0  stm324xg_lcd_ili9341.o(.text.LCD_Reset)
    [Anonymous Symbol]                       0x20001834   Section        0  stm324xg_lcd_ili9341.o(.text.LCD_RestoreColors)
    [Anonymous Symbol]                       0x20001844   Section        0  stm324xg_lcd_ili9341.o(.text.LCD_RestoreFont)
    [Anonymous Symbol]                       0x2000184c   Section        0  stm324xg_lcd_ili9341.o(.text.LCD_SaveColors)
    [Anonymous Symbol]                       0x2000185c   Section        0  stm324xg_lcd_ili9341.o(.text.LCD_SaveFont)
    __arm_cp.49_0                            0x20001868   Number         4  stm324xg_lcd_ili9341.o(.text.LCD_SaveFont)
    [Anonymous Symbol]                       0x2000186c   Section        0  stm324xg_lcd_ili9341.o(.text.LCD_SetColors)
    [Anonymous Symbol]                       0x2000188c   Section        0  stm324xg_lcd_ili9341.o(.text.LCD_SetFont)
    __arm_cp.10_1                            0x200018a4   Number         4  stm324xg_lcd_ili9341.o(.text.LCD_SetFont)
    [Anonymous Symbol]                       0x200018a8   Section        0  stm324xg_lcd_ili9341.o(.text.LCD_SetTextColor)
    __arm_cp.20_0                            0x200018bc   Number         4  stm324xg_lcd_ili9341.o(.text.LCD_SetTextColor)
    [Anonymous Symbol]                       0x200018c0   Section        0  alarm_sample.o(.text.Sample_alarmA)
    __arm_cp.0_0                             0x20001c5c   Number         4  alarm_sample.o(.text.Sample_alarmA)
    __arm_cp.0_2                             0x20001c70   Number         4  alarm_sample.o(.text.Sample_alarmA)
    __arm_cp.0_3                             0x20001c74   Number         4  alarm_sample.o(.text.Sample_alarmA)
    __arm_cp.0_4                             0x20001c78   Number         4  alarm_sample.o(.text.Sample_alarmA)
    __arm_cp.0_7                             0x20001c9c   Number         4  alarm_sample.o(.text.Sample_alarmA)
    __arm_cp.0_8                             0x20001ca0   Number         4  alarm_sample.o(.text.Sample_alarmA)
    __arm_cp.0_9                             0x20001ca4   Number         4  alarm_sample.o(.text.Sample_alarmA)
    [Anonymous Symbol]                       0x20001ca8   Section        0  user_defined.o(.text.SysTick_Handler)
    __arm_cp.0_0                             0x20001cd0   Number         4  user_defined.o(.text.SysTick_Handler)
    __arm_cp.0_1                             0x20001cd4   Number         4  user_defined.o(.text.SysTick_Handler)
    [Anonymous Symbol]                       0x20001cd8   Section        0  hardwaresystem_ini.o(.text.SystemInit)
    __arm_cp.0_0                             0x20001ce4   Number         4  hardwaresystem_ini.o(.text.SystemInit)
    [Anonymous Symbol]                       0x20001ce8   Section        0  touch_module.o(.text.TSC_TouchDet)
    [Anonymous Symbol]                       0x20001d58   Section        0  touch_module.o(.text.TS_GetState)
    __arm_cp.3_0                             0x20001df8   Number         4  touch_module.o(.text.TS_GetState)
    __arm_cp.3_2                             0x20001e14   Number         4  touch_module.o(.text.TS_GetState)
    [Anonymous Symbol]                       0x20001e18   Section        0  touch_sample_freedraw.o(.text.Touch_ChooseColor)
    [Anonymous Symbol]                       0x20001ea4   Section        0  touch_module.o(.text.Touch_GetVal)
    [Anonymous Symbol]                       0x20001ed4   Section        0  driver_spi.o(.text.Touch_SPIRead)
    __arm_cp.6_1                             0x20001f14   Number         4  driver_spi.o(.text.Touch_SPIRead)
    [Anonymous Symbol]                       0x20001f18   Section        0  driver_spi.o(.text.Touch_SPIWrite)
    __arm_cp.7_0                             0x20001f70   Number         4  driver_spi.o(.text.Touch_SPIWrite)
    __arm_cp.7_1                             0x20001f74   Number         4  driver_spi.o(.text.Touch_SPIWrite)
    [Anonymous Symbol]                       0x20001f78   Section        0  touch_functions.o(.text.Touch_TextBox_Draw)
    __arm_cp.1_0                             0x20001fe8   Number         4  touch_functions.o(.text.Touch_TextBox_Draw)
    [Anonymous Symbol]                       0x20001fec   Section        0  touch_sample_freedraw.o(.text.Touch_sample_FreeDraw)
    __arm_cp.0_0                             0x20002204   Number         4  touch_sample_freedraw.o(.text.Touch_sample_FreeDraw)
    __arm_cp.0_1                             0x20002208   Number         4  touch_sample_freedraw.o(.text.Touch_sample_FreeDraw)
    __arm_cp.0_3                             0x20002218   Number         4  touch_sample_freedraw.o(.text.Touch_sample_FreeDraw)
    __arm_cp.0_4                             0x2000221c   Number         4  touch_sample_freedraw.o(.text.Touch_sample_FreeDraw)
    [Anonymous Symbol]                       0x20002224   Section        0  touch_module.o(.text.Touch_sensing)
    [Anonymous Symbol]                       0x20002294   Section        0  touch_module.o(.text.WaitForTouchRelease)
    __arm_cp.7_0                             0x200022b4   Number         4  touch_module.o(.text.WaitForTouchRelease)
    [Anonymous Symbol]                       0x200022b8   Section        0  main_samp.o(.text.Wait_PressPA0)
    [Anonymous Symbol]                       0x200022d8   Section        0  user_defined.o(.text.delay_ms)
    __arm_cp.1_0                             0x200022e8   Number         4  user_defined.o(.text.delay_ms)
    [Anonymous Symbol]                       0x200022ec   Section        0  main_samp.o(.text.main)
    __arm_cp.0_0                             0x20002378   Number         4  main_samp.o(.text.main)
    __arm_cp.0_1                             0x2000237c   Number         4  main_samp.o(.text.main)
    __arm_cp.0_4                             0x200023a0   Number         4  main_samp.o(.text.main)
    my_getHCLKFreq                           0x200023a5   Thumb Code    68  hardwaresystem_ini.o(.text.my_getHCLKFreq)
    [Anonymous Symbol]                       0x200023a4   Section        0  hardwaresystem_ini.o(.text.my_getHCLKFreq)
    __arm_cp.5_0                             0x200023c4   Number         4  hardwaresystem_ini.o(.text.my_getHCLKFreq)
    my_getPCLKx_Freq                         0x200023e9   Thumb Code    20  hardwaresystem_ini.o(.text.my_getPCLKx_Freq)
    [Anonymous Symbol]                       0x200023e8   Section        0  hardwaresystem_ini.o(.text.my_getPCLKx_Freq)
    [Anonymous Symbol]                       0x200023fc   Section        0  hardwaresystem_ini.o(.text.stm32f4_Hardware_Init)
    __arm_cp.3_0                             0x200024b4   Number         4  hardwaresystem_ini.o(.text.stm32f4_Hardware_Init)
    __arm_cp.3_1                             0x200024b8   Number         4  hardwaresystem_ini.o(.text.stm32f4_Hardware_Init)
    __arm_cp.3_2                             0x200024bc   Number         4  hardwaresystem_ini.o(.text.stm32f4_Hardware_Init)
    __arm_cp.3_3                             0x200024c0   Number         4  hardwaresystem_ini.o(.text.stm32f4_Hardware_Init)
    __arm_cp.3_4                             0x200024c4   Number         4  hardwaresystem_ini.o(.text.stm32f4_Hardware_Init)
    __arm_cp.3_5                             0x200024c8   Number         4  hardwaresystem_ini.o(.text.stm32f4_Hardware_Init)
    __arm_cp.3_6                             0x200024cc   Number         4  hardwaresystem_ini.o(.text.stm32f4_Hardware_Init)
    __arm_cp.3_7                             0x200024d0   Number         4  hardwaresystem_ini.o(.text.stm32f4_Hardware_Init)
    i._is_digit                              0x200024d4   Section        0  __printf_wp.o(i._is_digit)
    $v0                                      0x200024e4   Number         0  daddsub_clz.o(x$fpl$dadd)
    x$fpl$dadd                               0x200024e4   Section      336  daddsub_clz.o(x$fpl$dadd)
    _dadd1                                   0x200024f5   Thumb Code     0  daddsub_clz.o(x$fpl$dadd)
    $v0                                      0x20002634   Number         0  dfix.o(x$fpl$dfix)
    x$fpl$dfix                               0x20002634   Section       94  dfix.o(x$fpl$dfix)
    $v0                                      0x20002692   Number         0  dflt_clz.o(x$fpl$dfltu)
    x$fpl$dfltu                              0x20002692   Section       38  dflt_clz.o(x$fpl$dfltu)
    $v0                                      0x200026b8   Number         0  dmul.o(x$fpl$dmul)
    x$fpl$dmul                               0x200026b8   Section      340  dmul.o(x$fpl$dmul)
    $v0                                      0x2000280c   Number         0  dnaninf.o(x$fpl$dnaninf)
    x$fpl$dnaninf                            0x2000280c   Section      156  dnaninf.o(x$fpl$dnaninf)
    $v0                                      0x200028a8   Number         0  dretinf.o(x$fpl$dretinf)
    x$fpl$dretinf                            0x200028a8   Section       12  dretinf.o(x$fpl$dretinf)
    $v0                                      0x200028b4   Number         0  daddsub_clz.o(x$fpl$dsub)
    x$fpl$dsub                               0x200028b4   Section      468  daddsub_clz.o(x$fpl$dsub)
    _dsub1                                   0x200028c5   Thumb Code     0  daddsub_clz.o(x$fpl$dsub)
    $v0                                      0x20002a88   Number         0  fpinit.o(x$fpl$fpinit)
    x$fpl$fpinit                             0x20002a88   Section       26  fpinit.o(x$fpl$fpinit)
    uc_hextab                                0x20002aa2   Data          20  _printf_hex_int.o(.constdata)
    .constdata                               0x20002aa2   Section       40  _printf_hex_int.o(.constdata)
    x$fpl$usenofp                            0x20002aa2   Section        0  usenofp.o(x$fpl$usenofp)
    lc_hextab                                0x20002ab6   Data          20  _printf_hex_int.o(.constdata)
    maptable                                 0x20002aca   Data          17  __printf_flags_wp.o(.constdata)
    .constdata                               0x20002aca   Section       17  __printf_flags_wp.o(.constdata)
    .L.str.3                                 0x2000604b   Data           7  alarm_sample.o(.rodata.str1.1)
    [Anonymous Symbol]                       0x2000604b   Section        0  alarm_sample.o(.rodata.str1.1)
    .L.str.4                                 0x20006052   Data           7  alarm_sample.o(.rodata.str1.1)
    .L.str                                   0x20006059   Data           4  touch_functions.o(.rodata.str1.1)
    [Anonymous Symbol]                       0x20006059   Section        0  touch_functions.o(.rodata.str1.1)
    DrawProp.0                               0x20010000   Data           2  stm324xg_lcd_ili9341.o(.data..L_MergedGlobals)
    [Anonymous Symbol]                       0x20010000   Section        0  stm324xg_lcd_ili9341.o(.data..L_MergedGlobals)
    DrawProp.2                               0x20010004   Data           4  stm324xg_lcd_ili9341.o(.data..L_MergedGlobals)
    .bss                                     0x20010020   Section       96  libspace.o(.bss)
    [Anonymous Symbol]                       0x20010080   Section        0  hardwaresystem_ini.o(.bss..L_MergedGlobals)
    [Anonymous Symbol]                       0x20010090   Section        0  user_defined.o(.bss..L_MergedGlobals)
    [Anonymous Symbol]                       0x200100c0   Section        0  touch_module.o(.bss..L_MergedGlobals)
    [Anonymous Symbol]                       0x200100d8   Section        0  stm324xg_lcd_ili9341.o(.bss..L_MergedGlobals.7)
    wf                                       0x200100dc   Data           2  stm324xg_lcd_ili9341.o(.bss..L_MergedGlobals.7)
    hf                                       0x200100de   Data           2  stm324xg_lcd_ili9341.o(.bss..L_MergedGlobals.7)
    bytes_f                                  0x200100e0   Data           2  stm324xg_lcd_ili9341.o(.bss..L_MergedGlobals.7)
    DrawProp.1                               0x200100e8   Data           2  stm324xg_lcd_ili9341.o(.bss..L_MergedGlobals.7)
    Heap_Mem                                 0x200100f8   Data         512  startup_stm32f407xx.o(HEAP)
    HEAP                                     0x200100f8   Section      512  startup_stm32f407xx.o(HEAP)
    Stack_Mem                                0x200102f8   Data        1024  startup_stm32f407xx.o(STACK)
    STACK                                    0x200102f8   Section     1024  startup_stm32f407xx.o(STACK)
    __initial_sp                             0x200106f8   Data           0  startup_stm32f407xx.o(STACK)

    Global Symbols

    Symbol Name                              Value     Ov Type        Size  Object(Section)

    BuildAttributes$$THM_ISAv4$E$P$D$K$B$S$7EM$VFPi3$EXTD16$VFPS$VFMA$PE$A:L22UL41UL21$X:L11$S22US41US21$IEEE1$IW$~IW$USESV6$~STKCKD$USESV7$~SHL$OSPACE$ROPI$EBA8$UX$STANDARDLIB$REQ8$PRES8$EABIv2 0x00000000   Number         0  anon$$obj.o ABSOLUTE
    _printf_flags                            0x00000000   Number         0  printf_stubs.o ABSOLUTE
    _printf_return_value                     0x00000000   Number         0  printf_stubs.o ABSOLUTE
    _printf_sizespec                         0x00000000   Number         0  printf_stubs.o ABSOLUTE
    _printf_widthprec                        0x00000000   Number         0  printf_stubs.o ABSOLUTE
    __ARM_exceptions_init                     - Undefined Weak Reference
    __alloca_initialize                       - Undefined Weak Reference
    __arm_preinit_                            - Undefined Weak Reference
    __cpp_initialize__aeabi_                  - Undefined Weak Reference
    __cxa_finalize                            - Undefined Weak Reference
    __rt_locale                               - Undefined Weak Reference
    __sigvec_lookup                           - Undefined Weak Reference
    _atexit_init                              - Undefined Weak Reference
    _call_atexit_fns                          - Undefined Weak Reference
    _clock_init                               - Undefined Weak Reference
    _fp_trap_init                             - Undefined Weak Reference
    _fp_trap_shutdown                         - Undefined Weak Reference
    _get_lc_collate                           - Undefined Weak Reference
    _get_lc_ctype                             - Undefined Weak Reference
    _get_lc_monetary                          - Undefined Weak Reference
    _get_lc_numeric                           - Undefined Weak Reference
    _get_lc_time                              - Undefined Weak Reference
    _getenv_init                              - Undefined Weak Reference
    _handle_redirection                       - Undefined Weak Reference
    _init_alloc                               - Undefined Weak Reference
    _init_user_alloc                          - Undefined Weak Reference
    _initio                                   - Undefined Weak Reference
    _printf_truncate_signed                   - Undefined Weak Reference
    _printf_truncate_unsigned                 - Undefined Weak Reference
    _rand_init                                - Undefined Weak Reference
    _signal_finish                            - Undefined Weak Reference
    _signal_init                              - Undefined Weak Reference
    _terminate_alloc                          - Undefined Weak Reference
    _terminate_user_alloc                     - Undefined Weak Reference
    _terminateio                              - Undefined Weak Reference
    __Vectors_Size                           0x00000188   Number         0  startup_stm32f407xx.o ABSOLUTE
    __Vectors                                0x20000000   Data           4  startup_stm32f407xx.o(RESET)
    __Vectors_End                            0x20000188   Data           0  startup_stm32f407xx.o(RESET)
    __main                                   0x20000189   Thumb Code     8  __main.o(!!!main)
    __scatterload                            0x20000191   Thumb Code     0  __scatter.o(!!!scatter)
    __scatterload_rt2                        0x20000191   Thumb Code    44  __scatter.o(!!!scatter)
    __scatterload_rt2_thumb_only             0x20000191   Thumb Code     0  __scatter.o(!!!scatter)
    __scatterload_null                       0x2000019f   Thumb Code     0  __scatter.o(!!!scatter)
    __scatterload_copy                       0x200001c5   Thumb Code    26  __scatter_copy.o(!!handler_copy)
    __scatterload_zeroinit                   0x200001e1   Thumb Code    28  __scatter_zi.o(!!handler_zi)
    _printf_d                                0x200001fd   Thumb Code     0  _printf_d.o(.ARM.Collect$$_printf_percent$$00000009)
    _printf_percent                          0x200001fd   Thumb Code     0  _printf_percent.o(.ARM.Collect$$_printf_percent$$00000000)
    _printf_x                                0x20000203   Thumb Code     0  _printf_x.o(.ARM.Collect$$_printf_percent$$0000000C)
    _printf_percent_end                      0x20000209   Thumb Code     0  _printf_percent_end.o(.ARM.Collect$$_printf_percent$$00000017)
    __rt_lib_init                            0x2000020d   Thumb Code     0  libinit.o(.ARM.Collect$$libinit$$00000000)
    __rt_lib_init_fp_1                       0x2000020f   Thumb Code     0  libinit2.o(.ARM.Collect$$libinit$$00000001)
    __rt_lib_init_alloca_1                   0x20000213   Thumb Code     0  libinit2.o(.ARM.Collect$$libinit$$0000002E)
    __rt_lib_init_argv_1                     0x20000213   Thumb Code     0  libinit2.o(.ARM.Collect$$libinit$$0000002C)
    __rt_lib_init_atexit_1                   0x20000213   Thumb Code     0  libinit2.o(.ARM.Collect$$libinit$$0000001B)
    __rt_lib_init_clock_1                    0x20000213   Thumb Code     0  libinit2.o(.ARM.Collect$$libinit$$00000021)
    __rt_lib_init_cpp_1                      0x20000213   Thumb Code     0  libinit2.o(.ARM.Collect$$libinit$$00000032)
    __rt_lib_init_exceptions_1               0x20000213   Thumb Code     0  libinit2.o(.ARM.Collect$$libinit$$00000030)
    __rt_lib_init_fp_trap_1                  0x20000213   Thumb Code     0  libinit2.o(.ARM.Collect$$libinit$$0000001F)
    __rt_lib_init_getenv_1                   0x20000213   Thumb Code     0  libinit2.o(.ARM.Collect$$libinit$$00000023)
    __rt_lib_init_heap_1                     0x20000213   Thumb Code     0  libinit2.o(.ARM.Collect$$libinit$$0000000A)
    __rt_lib_init_lc_collate_1               0x20000213   Thumb Code     0  libinit2.o(.ARM.Collect$$libinit$$00000011)
    __rt_lib_init_lc_ctype_1                 0x20000213   Thumb Code     0  libinit2.o(.ARM.Collect$$libinit$$00000013)
    __rt_lib_init_lc_monetary_1              0x20000213   Thumb Code     0  libinit2.o(.ARM.Collect$$libinit$$00000015)
    __rt_lib_init_lc_numeric_1               0x20000213   Thumb Code     0  libinit2.o(.ARM.Collect$$libinit$$00000017)
    __rt_lib_init_lc_time_1                  0x20000213   Thumb Code     0  libinit2.o(.ARM.Collect$$libinit$$00000019)
    __rt_lib_init_preinit_1                  0x20000213   Thumb Code     0  libinit2.o(.ARM.Collect$$libinit$$00000004)
    __rt_lib_init_rand_1                     0x20000213   Thumb Code     0  libinit2.o(.ARM.Collect$$libinit$$0000000E)
    __rt_lib_init_return                     0x20000213   Thumb Code     0  libinit2.o(.ARM.Collect$$libinit$$00000033)
    __rt_lib_init_signal_1                   0x20000213   Thumb Code     0  libinit2.o(.ARM.Collect$$libinit$$0000001D)
    __rt_lib_init_stdio_1                    0x20000213   Thumb Code     0  libinit2.o(.ARM.Collect$$libinit$$00000025)
    __rt_lib_init_user_alloc_1               0x20000213   Thumb Code     0  libinit2.o(.ARM.Collect$$libinit$$0000000C)
    __rt_lib_shutdown                        0x20000215   Thumb Code     0  libshutdown.o(.ARM.Collect$$libshutdown$$00000000)
    __rt_lib_shutdown_cpp_1                  0x20000217   Thumb Code     0  libshutdown2.o(.ARM.Collect$$libshutdown$$00000002)
    __rt_lib_shutdown_fp_trap_1              0x20000217   Thumb Code     0  libshutdown2.o(.ARM.Collect$$libshutdown$$00000007)
    __rt_lib_shutdown_heap_1                 0x20000217   Thumb Code     0  libshutdown2.o(.ARM.Collect$$libshutdown$$0000000F)
    __rt_lib_shutdown_return                 0x20000217   Thumb Code     0  libshutdown2.o(.ARM.Collect$$libshutdown$$00000010)
    __rt_lib_shutdown_signal_1               0x20000217   Thumb Code     0  libshutdown2.o(.ARM.Collect$$libshutdown$$0000000A)
    __rt_lib_shutdown_stdio_1                0x20000217   Thumb Code     0  libshutdown2.o(.ARM.Collect$$libshutdown$$00000004)
    __rt_lib_shutdown_user_alloc_1           0x20000217   Thumb Code     0  libshutdown2.o(.ARM.Collect$$libshutdown$$0000000C)
    __rt_entry                               0x20000219   Thumb Code     0  __rtentry.o(.ARM.Collect$$rtentry$$00000000)
    __rt_entry_presh_1                       0x20000219   Thumb Code     0  __rtentry2.o(.ARM.Collect$$rtentry$$00000002)
    __rt_entry_sh                            0x20000219   Thumb Code     0  __rtentry4.o(.ARM.Collect$$rtentry$$00000004)
    __rt_entry_li                            0x2000021f   Thumb Code     0  __rtentry2.o(.ARM.Collect$$rtentry$$0000000A)
    __rt_entry_postsh_1                      0x2000021f   Thumb Code     0  __rtentry2.o(.ARM.Collect$$rtentry$$00000009)
    __rt_entry_main                          0x20000223   Thumb Code     0  __rtentry2.o(.ARM.Collect$$rtentry$$0000000D)
    __rt_entry_postli_1                      0x20000223   Thumb Code     0  __rtentry2.o(.ARM.Collect$$rtentry$$0000000C)
    __rt_exit                                0x2000022b   Thumb Code     0  rtexit.o(.ARM.Collect$$rtexit$$00000000)
    __rt_exit_ls                             0x2000022d   Thumb Code     0  rtexit2.o(.ARM.Collect$$rtexit$$00000003)
    __rt_exit_prels_1                        0x2000022d   Thumb Code     0  rtexit2.o(.ARM.Collect$$rtexit$$00000002)
    __rt_exit_exit                           0x20000231   Thumb Code     0  rtexit2.o(.ARM.Collect$$rtexit$$00000004)
    Reset_Handler                            0x20000239   Thumb Code     8  startup_stm32f407xx.o(.text)
    NMI_Handler                              0x20000241   Thumb Code     2  startup_stm32f407xx.o(.text)
    HardFault_Handler                        0x20000243   Thumb Code     2  startup_stm32f407xx.o(.text)
    MemManage_Handler                        0x20000245   Thumb Code     2  startup_stm32f407xx.o(.text)
    BusFault_Handler                         0x20000247   Thumb Code     2  startup_stm32f407xx.o(.text)
    UsageFault_Handler                       0x20000249   Thumb Code     2  startup_stm32f407xx.o(.text)
    SVC_Handler                              0x2000024b   Thumb Code     2  startup_stm32f407xx.o(.text)
    DebugMon_Handler                         0x2000024d   Thumb Code     2  startup_stm32f407xx.o(.text)
    PendSV_Handler                           0x2000024f   Thumb Code     2  startup_stm32f407xx.o(.text)
    ADC_IRQHandler                           0x20000253   Thumb Code     0  startup_stm32f407xx.o(.text)
    CAN1_RX0_IRQHandler                      0x20000253   Thumb Code     0  startup_stm32f407xx.o(.text)
    CAN1_RX1_IRQHandler                      0x20000253   Thumb Code     0  startup_stm32f407xx.o(.text)
    CAN1_SCE_IRQHandler                      0x20000253   Thumb Code     0  startup_stm32f407xx.o(.text)
    CAN1_TX_IRQHandler                       0x20000253   Thumb Code     0  startup_stm32f407xx.o(.text)
    CAN2_RX0_IRQHandler                      0x20000253   Thumb Code     0  startup_stm32f407xx.o(.text)
    CAN2_RX1_IRQHandler                      0x20000253   Thumb Code     0  startup_stm32f407xx.o(.text)
    CAN2_SCE_IRQHandler                      0x20000253   Thumb Code     0  startup_stm32f407xx.o(.text)
    CAN2_TX_IRQHandler                       0x20000253   Thumb Code     0  startup_stm32f407xx.o(.text)
    DCMI_IRQHandler                          0x20000253   Thumb Code     0  startup_stm32f407xx.o(.text)
    DMA1_Stream0_IRQHandler                  0x20000253   Thumb Code     0  startup_stm32f407xx.o(.text)
    DMA1_Stream1_IRQHandler                  0x20000253   Thumb Code     0  startup_stm32f407xx.o(.text)
    DMA1_Stream2_IRQHandler                  0x20000253   Thumb Code     0  startup_stm32f407xx.o(.text)
    DMA1_Stream3_IRQHandler                  0x20000253   Thumb Code     0  startup_stm32f407xx.o(.text)
    DMA1_Stream4_IRQHandler                  0x20000253   Thumb Code     0  startup_stm32f407xx.o(.text)
    DMA1_Stream5_IRQHandler                  0x20000253   Thumb Code     0  startup_stm32f407xx.o(.text)
    DMA1_Stream6_IRQHandler                  0x20000253   Thumb Code     0  startup_stm32f407xx.o(.text)
    DMA1_Stream7_IRQHandler                  0x20000253   Thumb Code     0  startup_stm32f407xx.o(.text)
    DMA2_Stream0_IRQHandler                  0x20000253   Thumb Code     0  startup_stm32f407xx.o(.text)
    DMA2_Stream1_IRQHandler                  0x20000253   Thumb Code     0  startup_stm32f407xx.o(.text)
    DMA2_Stream2_IRQHandler                  0x20000253   Thumb Code     0  startup_stm32f407xx.o(.text)
    DMA2_Stream3_IRQHandler                  0x20000253   Thumb Code     0  startup_stm32f407xx.o(.text)
    DMA2_Stream4_IRQHandler                  0x20000253   Thumb Code     0  startup_stm32f407xx.o(.text)
    DMA2_Stream5_IRQHandler                  0x20000253   Thumb Code     0  startup_stm32f407xx.o(.text)
    DMA2_Stream6_IRQHandler                  0x20000253   Thumb Code     0  startup_stm32f407xx.o(.text)
    DMA2_Stream7_IRQHandler                  0x20000253   Thumb Code     0  startup_stm32f407xx.o(.text)
    ETH_IRQHandler                           0x20000253   Thumb Code     0  startup_stm32f407xx.o(.text)
    ETH_WKUP_IRQHandler                      0x20000253   Thumb Code     0  startup_stm32f407xx.o(.text)
    EXTI15_10_IRQHandler                     0x20000253   Thumb Code     0  startup_stm32f407xx.o(.text)
    EXTI1_IRQHandler                         0x20000253   Thumb Code     0  startup_stm32f407xx.o(.text)
    EXTI2_IRQHandler                         0x20000253   Thumb Code     0  startup_stm32f407xx.o(.text)
    EXTI3_IRQHandler                         0x20000253   Thumb Code     0  startup_stm32f407xx.o(.text)
    EXTI4_IRQHandler                         0x20000253   Thumb Code     0  startup_stm32f407xx.o(.text)
    EXTI9_5_IRQHandler                       0x20000253   Thumb Code     0  startup_stm32f407xx.o(.text)
    FLASH_IRQHandler                         0x20000253   Thumb Code     0  startup_stm32f407xx.o(.text)
    FMC_IRQHandler                           0x20000253   Thumb Code     0  startup_stm32f407xx.o(.text)
    FPU_IRQHandler                           0x20000253   Thumb Code     0  startup_stm32f407xx.o(.text)
    HASH_RNG_IRQHandler                      0x20000253   Thumb Code     0  startup_stm32f407xx.o(.text)
    I2C1_ER_IRQHandler                       0x20000253   Thumb Code     0  startup_stm32f407xx.o(.text)
    I2C1_EV_IRQHandler                       0x20000253   Thumb Code     0  startup_stm32f407xx.o(.text)
    I2C2_ER_IRQHandler                       0x20000253   Thumb Code     0  startup_stm32f407xx.o(.text)
    I2C2_EV_IRQHandler                       0x20000253   Thumb Code     0  startup_stm32f407xx.o(.text)
    I2C3_ER_IRQHandler                       0x20000253   Thumb Code     0  startup_stm32f407xx.o(.text)
    I2C3_EV_IRQHandler                       0x20000253   Thumb Code     0  startup_stm32f407xx.o(.text)
    OTG_FS_IRQHandler                        0x20000253   Thumb Code     0  startup_stm32f407xx.o(.text)
    OTG_FS_WKUP_IRQHandler                   0x20000253   Thumb Code     0  startup_stm32f407xx.o(.text)
    OTG_HS_EP1_IN_IRQHandler                 0x20000253   Thumb Code     0  startup_stm32f407xx.o(.text)
    OTG_HS_EP1_OUT_IRQHandler                0x20000253   Thumb Code     0  startup_stm32f407xx.o(.text)
    OTG_HS_IRQHandler                        0x20000253   Thumb Code     0  startup_stm32f407xx.o(.text)
    OTG_HS_WKUP_IRQHandler                   0x20000253   Thumb Code     0  startup_stm32f407xx.o(.text)
    PVD_IRQHandler                           0x20000253   Thumb Code     0  startup_stm32f407xx.o(.text)
    RCC_IRQHandler                           0x20000253   Thumb Code     0  startup_stm32f407xx.o(.text)
    RTC_Alarm_IRQHandler                     0x20000253   Thumb Code     0  startup_stm32f407xx.o(.text)
    RTC_WKUP_IRQHandler                      0x20000253   Thumb Code     0  startup_stm32f407xx.o(.text)
    SDIO_IRQHandler                          0x20000253   Thumb Code     0  startup_stm32f407xx.o(.text)
    SPI1_IRQHandler                          0x20000253   Thumb Code     0  startup_stm32f407xx.o(.text)
    SPI2_IRQHandler                          0x20000253   Thumb Code     0  startup_stm32f407xx.o(.text)
    SPI3_IRQHandler                          0x20000253   Thumb Code     0  startup_stm32f407xx.o(.text)
    TAMP_STAMP_IRQHandler                    0x20000253   Thumb Code     0  startup_stm32f407xx.o(.text)
    TIM1_BRK_TIM9_IRQHandler                 0x20000253   Thumb Code     0  startup_stm32f407xx.o(.text)
    TIM1_CC_IRQHandler                       0x20000253   Thumb Code     0  startup_stm32f407xx.o(.text)
    TIM1_TRG_COM_TIM11_IRQHandler            0x20000253   Thumb Code     0  startup_stm32f407xx.o(.text)
    TIM1_UP_TIM10_IRQHandler                 0x20000253   Thumb Code     0  startup_stm32f407xx.o(.text)
    TIM2_IRQHandler                          0x20000253   Thumb Code     0  startup_stm32f407xx.o(.text)
    TIM3_IRQHandler                          0x20000253   Thumb Code     0  startup_stm32f407xx.o(.text)
    TIM4_IRQHandler                          0x20000253   Thumb Code     0  startup_stm32f407xx.o(.text)
    TIM5_IRQHandler                          0x20000253   Thumb Code     0  startup_stm32f407xx.o(.text)
    TIM6_DAC_IRQHandler                      0x20000253   Thumb Code     0  startup_stm32f407xx.o(.text)
    TIM7_IRQHandler                          0x20000253   Thumb Code     0  startup_stm32f407xx.o(.text)
    TIM8_BRK_TIM12_IRQHandler                0x20000253   Thumb Code     0  startup_stm32f407xx.o(.text)
    TIM8_CC_IRQHandler                       0x20000253   Thumb Code     0  startup_stm32f407xx.o(.text)
    TIM8_TRG_COM_TIM14_IRQHandler            0x20000253   Thumb Code     0  startup_stm32f407xx.o(.text)
    TIM8_UP_TIM13_IRQHandler                 0x20000253   Thumb Code     0  startup_stm32f407xx.o(.text)
    UART4_IRQHandler                         0x20000253   Thumb Code     0  startup_stm32f407xx.o(.text)
    UART5_IRQHandler                         0x20000253   Thumb Code     0  startup_stm32f407xx.o(.text)
    USART1_IRQHandler                        0x20000253   Thumb Code     0  startup_stm32f407xx.o(.text)
    USART2_IRQHandler                        0x20000253   Thumb Code     0  startup_stm32f407xx.o(.text)
    USART3_IRQHandler                        0x20000253   Thumb Code     0  startup_stm32f407xx.o(.text)
    USART6_IRQHandler                        0x20000253   Thumb Code     0  startup_stm32f407xx.o(.text)
    WWDG_IRQHandler                          0x20000253   Thumb Code     0  startup_stm32f407xx.o(.text)
    __user_initial_stackheap                 0x20000255   Thumb Code     0  startup_stm32f407xx.o(.text)
    __2sprintf                               0x20000279   Thumb Code    34  noretval__2sprintf.o(.text)
    _printf_pre_padding                      0x200002a1   Thumb Code    44  _printf_pad.o(.text)
    _printf_post_padding                     0x200002cd   Thumb Code    34  _printf_pad.o(.text)
    _printf_int_dec                          0x200002f1   Thumb Code   104  _printf_dec.o(.text)
    _printf_int_hex                          0x20000369   Thumb Code    84  _printf_hex_int.o(.text)
    _printf_longlong_hex                     0x20000369   Thumb Code     0  _printf_hex_int.o(.text)
    __printf                                 0x200003c1   Thumb Code   308  __printf_flags_wp.o(.text)
    __use_two_region_memory                  0x200004f9   Thumb Code     2  heapauxi.o(.text)
    __rt_heap_escrow$2region                 0x200004fb   Thumb Code     2  heapauxi.o(.text)
    __rt_heap_expand$2region                 0x200004fd   Thumb Code     2  heapauxi.o(.text)
    _printf_int_common                       0x200004ff   Thumb Code   178  _printf_intcommon.o(.text)
    _printf_char_common                      0x200005bb   Thumb Code    32  _printf_char_common.o(.text)
    _sputc                                   0x200005e1   Thumb Code    10  _sputc.o(.text)
    __user_setup_stackheap                   0x200005eb   Thumb Code    74  sys_stackheap_outer.o(.text)
    exit                                     0x20000635   Thumb Code    18  exit.o(.text)
    __user_libspace                          0x20000649   Thumb Code     8  libspace.o(.text)
    __user_perproc_libspace                  0x20000649   Thumb Code     0  libspace.o(.text)
    __user_perthread_libspace                0x20000649   Thumb Code     0  libspace.o(.text)
    _sys_exit                                0x20000651   Thumb Code     8  sys_exit.o(.text)
    __I$use$semihosting                      0x2000065d   Thumb Code     0  use_no_semi.o(.text)
    __use_no_semihosting_swi                 0x2000065d   Thumb Code     2  use_no_semi.o(.text)
    __semihosting_library_function           0x2000065f   Thumb Code     0  indicate_semi.o(.text)
    BoxTriangle                              0x20000661   Thumb Code   176  alarm_sample.o(.text.BoxTriangle)
    Cal_GetXY                                0x20000711   Thumb Code   112  touch_module.o(.text.Cal_GetXY)
    Check_TextBox_touch                      0x20000781   Thumb Code   108  touch_functions.o(.text.Check_TextBox_touch)
    Debounce                                 0x200007ed   Thumb Code    80  user_defined.o(.text.Debounce)
    Default_Calibration                      0x2000083d   Thumb Code    92  touch_module.o(.text.Default_Calibration)
    Delay_SPI                                0x20000899   Thumb Code    34  driver_spi.o(.text.Delay_SPI)
    Draw_SUN                                 0x200008c1   Thumb Code   252  alarm_sample.o(.text.Draw_SUN)
    Draw_Time                                0x200009bd   Thumb Code    64  alarm_sample.o(.text.Draw_Time)
    Driver_GPIO                              0x200009fd   Thumb Code   244  driver_spi.o(.text.Driver_GPIO)
    Driver_SPICS                             0x20000af1   Thumb Code    20  driver_spi.o(.text.Driver_SPICS)
    EXTI0_IRQHandler                         0x20000b05   Thumb Code    80  user_defined.o(.text.EXTI0_IRQHandler)
    FSMC_NORSRAM_Extended_Timing_Init        0x20000b55   Thumb Code    56  stm32f4xx_fsmc.o(.text.FSMC_NORSRAM_Extended_Timing_Init)
    FSMC_NORSRAM_Init                        0x20000b8d   Thumb Code   116  stm32f4xx_fsmc.o(.text.FSMC_NORSRAM_Init)
    FSMC_NORSRAM_Timing_Init                 0x20000c01   Thumb Code    60  stm32f4xx_fsmc.o(.text.FSMC_NORSRAM_Timing_Init)
    HAL_RCC_GetSysClockFreq                  0x20000d85   Thumb Code    80  hardwaresystem_ini.o(.text.HAL_RCC_GetSysClockFreq)
    HoldCheck_per_4ms                        0x20000dd5   Thumb Code    44  user_defined.o(.text.HoldCheck_per_4ms)
    LCD_Clear                                0x20000e01   Thumb Code    48  stm324xg_lcd_ili9341.o(.text.LCD_Clear)
    LCD_DisplayDevID                         0x20000e31   Thumb Code    60  stm324xg_lcd_ili9341.o(.text.LCD_DisplayDevID)
    LCD_DisplayOn                            0x20000e6d   Thumb Code    20  stm324xg_lcd_ili9341.o(.text.LCD_DisplayOn)
    LCD_DisplayStringAt                      0x20000e81   Thumb Code   104  stm324xg_lcd_ili9341.o(.text.LCD_DisplayStringAt)
    LCD_DisplayStringLineCol                 0x20000ee9   Thumb Code    28  stm324xg_lcd_ili9341.o(.text.LCD_DisplayStringLineCol)
    LCD_DrawCircle                           0x20000fe5   Thumb Code   260  stm324xg_lcd_ili9341.o(.text.LCD_DrawCircle)
    LCD_DrawHLine                            0x200010e9   Thumb Code    48  stm324xg_lcd_ili9341.o(.text.LCD_DrawHLine)
    LCD_DrawLine                             0x20001119   Thumb Code   212  stm324xg_lcd_ili9341.o(.text.LCD_DrawLine)
    LCD_DrawPixel                            0x200011ed   Thumb Code    20  stm324xg_lcd_ili9341.o(.text.LCD_DrawPixel)
    LCD_DrawRect                             0x20001201   Thumb Code    56  stm324xg_lcd_ili9341.o(.text.LCD_DrawRect)
    LCD_DrawVLine                            0x20001239   Thumb Code    52  stm324xg_lcd_ili9341.o(.text.LCD_DrawVLine)
    LCD_FSMCConfig                           0x2000126d   Thumb Code   164  stm324xg_lcd_ili9341.o(.text.LCD_FSMCConfig)
    LCD_FillCircle                           0x20001311   Thumb Code   168  stm324xg_lcd_ili9341.o(.text.LCD_FillCircle)
    LCD_FillRect                             0x200013b9   Thumb Code    64  stm324xg_lcd_ili9341.o(.text.LCD_FillRect)
    LCD_FillTriangle                         0x200013f9   Thumb Code   432  stm324xg_lcd_ili9341.o(.text.LCD_FillTriangle)
    LCD_GetColors                            0x200015a9   Thumb Code    16  stm324xg_lcd_ili9341.o(.text.LCD_GetColors)
    LCD_GetFont                              0x200015b9   Thumb Code    12  stm324xg_lcd_ili9341.o(.text.LCD_GetFont)
    LCD_Init                                 0x200015c5   Thumb Code   516  stm324xg_lcd_ili9341.o(.text.LCD_Init)
    LCD_OpenWin                              0x200017c9   Thumb Code    60  stm324xg_lcd_ili9341.o(.text.LCD_OpenWin)
    LCD_Pixel_Height                         0x20001805   Thumb Code     4  stm324xg_lcd_ili9341.o(.text.LCD_Pixel_Height)
    LCD_Pixel_Width                          0x20001809   Thumb Code     6  stm324xg_lcd_ili9341.o(.text.LCD_Pixel_Width)
    LCD_Reset                                0x20001811   Thumb Code    36  stm324xg_lcd_ili9341.o(.text.LCD_Reset)
    LCD_RestoreColors                        0x20001835   Thumb Code    16  stm324xg_lcd_ili9341.o(.text.LCD_RestoreColors)
    LCD_RestoreFont                          0x20001845   Thumb Code     8  stm324xg_lcd_ili9341.o(.text.LCD_RestoreFont)
    LCD_SaveColors                           0x2000184d   Thumb Code    16  stm324xg_lcd_ili9341.o(.text.LCD_SaveColors)
    LCD_SaveFont                             0x2000185d   Thumb Code    16  stm324xg_lcd_ili9341.o(.text.LCD_SaveFont)
    LCD_SetColors                            0x2000186d   Thumb Code    32  stm324xg_lcd_ili9341.o(.text.LCD_SetColors)
    LCD_SetFont                              0x2000188d   Thumb Code    28  stm324xg_lcd_ili9341.o(.text.LCD_SetFont)
    LCD_SetTextColor                         0x200018a9   Thumb Code    24  stm324xg_lcd_ili9341.o(.text.LCD_SetTextColor)
    Sample_alarmA                            0x200018c1   Thumb Code  1000  alarm_sample.o(.text.Sample_alarmA)
    SysTick_Handler                          0x20001ca9   Thumb Code    48  user_defined.o(.text.SysTick_Handler)
    SystemInit                               0x20001cd9   Thumb Code    16  hardwaresystem_ini.o(.text.SystemInit)
    TSC_TouchDet                             0x20001ce9   Thumb Code   112  touch_module.o(.text.TSC_TouchDet)
    TS_GetState                              0x20001d59   Thumb Code   192  touch_module.o(.text.TS_GetState)
    Touch_ChooseColor                        0x20001e19   Thumb Code   140  touch_sample_freedraw.o(.text.Touch_ChooseColor)
    Touch_GetVal                             0x20001ea5   Thumb Code    46  touch_module.o(.text.Touch_GetVal)
    Touch_SPIRead                            0x20001ed5   Thumb Code    68  driver_spi.o(.text.Touch_SPIRead)
    Touch_SPIWrite                           0x20001f19   Thumb Code    96  driver_spi.o(.text.Touch_SPIWrite)
    Touch_TextBox_Draw                       0x20001f79   Thumb Code   116  touch_functions.o(.text.Touch_TextBox_Draw)
    Touch_sample_FreeDraw                    0x20001fed   Thumb Code   568  touch_sample_freedraw.o(.text.Touch_sample_FreeDraw)
    Touch_sensing                            0x20002225   Thumb Code   112  touch_module.o(.text.Touch_sensing)
    WaitForTouchRelease                      0x20002295   Thumb Code    36  touch_module.o(.text.WaitForTouchRelease)
    Wait_PressPA0                            0x200022b9   Thumb Code    32  main_samp.o(.text.Wait_PressPA0)
    delay_ms                                 0x200022d9   Thumb Code    20  user_defined.o(.text.delay_ms)
    main                                     0x200022ed   Thumb Code   184  main_samp.o(.text.main)
    stm32f4_Hardware_Init                    0x200023fd   Thumb Code   216  hardwaresystem_ini.o(.text.stm32f4_Hardware_Init)
    _is_digit                                0x200024d5   Thumb Code    14  __printf_wp.o(i._is_digit)
    __aeabi_dadd                             0x200024e5   Thumb Code     0  daddsub_clz.o(x$fpl$dadd)
    _dadd                                    0x200024e5   Thumb Code   332  daddsub_clz.o(x$fpl$dadd)
    __aeabi_d2iz                             0x20002635   Thumb Code     0  dfix.o(x$fpl$dfix)
    _dfix                                    0x20002635   Thumb Code    94  dfix.o(x$fpl$dfix)
    __aeabi_ui2d                             0x20002693   Thumb Code     0  dflt_clz.o(x$fpl$dfltu)
    _dfltu                                   0x20002693   Thumb Code    38  dflt_clz.o(x$fpl$dfltu)
    __aeabi_dmul                             0x200026b9   Thumb Code     0  dmul.o(x$fpl$dmul)
    _dmul                                    0x200026b9   Thumb Code   332  dmul.o(x$fpl$dmul)
    __fpl_dnaninf                            0x2000280d   Thumb Code   156  dnaninf.o(x$fpl$dnaninf)
    __fpl_dretinf                            0x200028a9   Thumb Code    12  dretinf.o(x$fpl$dretinf)
    __aeabi_dsub                             0x200028b5   Thumb Code     0  daddsub_clz.o(x$fpl$dsub)
    _dsub                                    0x200028b5   Thumb Code   464  daddsub_clz.o(x$fpl$dsub)
    _fp_init                                 0x20002a89   Thumb Code    26  fpinit.o(x$fpl$fpinit)
    __fplib_config_fpu_vfp                   0x20002aa1   Thumb Code     0  fpinit.o(x$fpl$fpinit)
    __fplib_config_pureend_doubles           0x20002aa1   Thumb Code     0  fpinit.o(x$fpl$fpinit)
    __I$use$fp                               0x20002aa2   Number         0  usenofp.o(x$fpl$usenofp)
    Font16_Table                             0x20002adb   Data        3040  stm324xg_lcd_ili9341.o(.rodata.Font16_Table)
    Font20_Table                             0x200036bb   Data        3800  stm324xg_lcd_ili9341.o(.rodata.Font20_Table)
    Font24_Table                             0x20004593   Data        6840  stm324xg_lcd_ili9341.o(.rodata.Font24_Table)
    Region$$Table$$Base                      0x20006060   Number         0  anon$$obj.o(Region$$Table)
    Region$$Table$$Limit                     0x20006080   Number         0  anon$$obj.o(Region$$Table)
    Font20                                   0x20010008   Data           8  stm324xg_lcd_ili9341.o(.data..L_MergedGlobals)
    Font16                                   0x20010010   Data           8  stm324xg_lcd_ili9341.o(.data.Font16)
    Font24                                   0x20010018   Data           8  stm324xg_lcd_ili9341.o(.data.Font24)
    __libspace_start                         0x20010020   Data          96  libspace.o(.bss)
    SYS_Freq                                 0x20010080   Data           4  hardwaresystem_ini.o(.bss..L_MergedGlobals)
    __temporary_stack_top$libspace           0x20010080   Data           0  libspace.o(.bss)
    HCLK_Freq                                0x20010084   Data           4  hardwaresystem_ini.o(.bss..L_MergedGlobals)
    PCLK1_Freq                               0x20010088   Data           4  hardwaresystem_ini.o(.bss..L_MergedGlobals)
    PCLK2_Freq                               0x2001008c   Data           4  hardwaresystem_ini.o(.bss..L_MergedGlobals)
    trig_PASS                                0x20010090   Data           1  user_defined.o(.bss..L_MergedGlobals)
    trig_status                              0x20010091   Data           1  user_defined.o(.bss..L_MergedGlobals)
    msTick                                   0x20010094   Data           4  user_defined.o(.bss..L_MergedGlobals)
    HoldRequestTime                          0x20010098   Data           4  user_defined.o(.bss..L_MergedGlobals)
    MyCounts                                 0x2001009c   Data           4  user_defined.o(.bss..L_MergedGlobals)
    debState                                 0x200100a0   Data          16  user_defined.o(.bss..L_MergedGlobals)
    waitCnt                                  0x200100b0   Data          16  user_defined.o(.bss..L_MergedGlobals)
    X1                                       0x200100c0   Data           4  touch_module.o(.bss..L_MergedGlobals)
    Xx                                       0x200100c4   Data           4  touch_module.o(.bss..L_MergedGlobals)
    Xy                                       0x200100c8   Data           4  touch_module.o(.bss..L_MergedGlobals)
    Y1                                       0x200100cc   Data           4  touch_module.o(.bss..L_MergedGlobals)
    Yy                                       0x200100d0   Data           4  touch_module.o(.bss..L_MergedGlobals)
    Yx                                       0x200100d4   Data           4  touch_module.o(.bss..L_MergedGlobals)
    lcd_id                                   0x200100d8   Data           2  stm324xg_lcd_ili9341.o(.bss..L_MergedGlobals.7)
    GRAM_mode                                0x200100da   Data           2  stm324xg_lcd_ili9341.o(.bss..L_MergedGlobals.7)
    ltColor                                  0x200100e2   Data           2  stm324xg_lcd_ili9341.o(.bss..L_MergedGlobals.7)
    lbColor                                  0x200100e4   Data           2  stm324xg_lcd_ili9341.o(.bss..L_MergedGlobals.7)
    GPIO_reset                               0x200100ec   Data           4  stm324xg_lcd_ili9341.o(.bss..L_MergedGlobals.7)
    GPIO_backlight                           0x200100f0   Data           4  stm324xg_lcd_ili9341.o(.bss..L_MergedGlobals.7)
    lFont                                    0x200100f4   Data           4  stm324xg_lcd_ili9341.o(.bss..L_MergedGlobals.7)



==============================================================================

Memory Map of the image

  Image Entry point : 0x20000189

  Load Region LR_IROM1 (Base: 0x20000000, Size: 0x000060a0, Max: 0x00010000, ABSOLUTE)

    Execution Region ER_IROM1 (Exec base: 0x20000000, Load base: 0x20000000, Size: 0x00006080, Max: 0x00010000, ABSOLUTE)

    Exec Addr    Load Addr    Size         Type   Attr      Idx    E Section Name        Object

    0x20000000   0x20000000   0x00000188   Data   RO          362    RESET               startup_stm32f407xx.o
    0x20000188   0x20000188   0x00000008   Code   RO          444  * !!!main             c_w.l(__main.o)
    0x20000190   0x20000190   0x00000034   Code   RO          639    !!!scatter          c_w.l(__scatter.o)
    0x200001c4   0x200001c4   0x0000001a   Code   RO          641    !!handler_copy      c_w.l(__scatter_copy.o)
    0x200001de   0x200001de   0x00000002   PAD
    0x200001e0   0x200001e0   0x0000001c   Code   RO          643    !!handler_zi        c_w.l(__scatter_zi.o)
    0x200001fc   0x200001fc   0x00000000   Code   RO          439    .ARM.Collect$$_printf_percent$$00000000  c_w.l(_printf_percent.o)
    0x200001fc   0x200001fc   0x00000006   Code   RO          438    .ARM.Collect$$_printf_percent$$00000009  c_w.l(_printf_d.o)
    0x20000202   0x20000202   0x00000006   Code   RO          437    .ARM.Collect$$_printf_percent$$0000000C  c_w.l(_printf_x.o)
    0x20000208   0x20000208   0x00000004   Code   RO          471    .ARM.Collect$$_printf_percent$$00000017  c_w.l(_printf_percent_end.o)
    0x2000020c   0x2000020c   0x00000002   Code   RO          503    .ARM.Collect$$libinit$$00000000  c_w.l(libinit.o)
    0x2000020e   0x2000020e   0x00000004   Code   RO          509    .ARM.Collect$$libinit$$00000001  c_w.l(libinit2.o)
    0x20000212   0x20000212   0x00000000   Code   RO          512    .ARM.Collect$$libinit$$00000004  c_w.l(libinit2.o)
    0x20000212   0x20000212   0x00000000   Code   RO          515    .ARM.Collect$$libinit$$0000000A  c_w.l(libinit2.o)
    0x20000212   0x20000212   0x00000000   Code   RO          517    .ARM.Collect$$libinit$$0000000C  c_w.l(libinit2.o)
    0x20000212   0x20000212   0x00000000   Code   RO          519    .ARM.Collect$$libinit$$0000000E  c_w.l(libinit2.o)
    0x20000212   0x20000212   0x00000000   Code   RO          522    .ARM.Collect$$libinit$$00000011  c_w.l(libinit2.o)
    0x20000212   0x20000212   0x00000000   Code   RO          524    .ARM.Collect$$libinit$$00000013  c_w.l(libinit2.o)
    0x20000212   0x20000212   0x00000000   Code   RO          526    .ARM.Collect$$libinit$$00000015  c_w.l(libinit2.o)
    0x20000212   0x20000212   0x00000000   Code   RO          528    .ARM.Collect$$libinit$$00000017  c_w.l(libinit2.o)
    0x20000212   0x20000212   0x00000000   Code   RO          530    .ARM.Collect$$libinit$$00000019  c_w.l(libinit2.o)
    0x20000212   0x20000212   0x00000000   Code   RO          532    .ARM.Collect$$libinit$$0000001B  c_w.l(libinit2.o)
    0x20000212   0x20000212   0x00000000   Code   RO          534    .ARM.Collect$$libinit$$0000001D  c_w.l(libinit2.o)
    0x20000212   0x20000212   0x00000000   Code   RO          536    .ARM.Collect$$libinit$$0000001F  c_w.l(libinit2.o)
    0x20000212   0x20000212   0x00000000   Code   RO          538    .ARM.Collect$$libinit$$00000021  c_w.l(libinit2.o)
    0x20000212   0x20000212   0x00000000   Code   RO          540    .ARM.Collect$$libinit$$00000023  c_w.l(libinit2.o)
    0x20000212   0x20000212   0x00000000   Code   RO          542    .ARM.Collect$$libinit$$00000025  c_w.l(libinit2.o)
    0x20000212   0x20000212   0x00000000   Code   RO          546    .ARM.Collect$$libinit$$0000002C  c_w.l(libinit2.o)
    0x20000212   0x20000212   0x00000000   Code   RO          548    .ARM.Collect$$libinit$$0000002E  c_w.l(libinit2.o)
    0x20000212   0x20000212   0x00000000   Code   RO          550    .ARM.Collect$$libinit$$00000030  c_w.l(libinit2.o)
    0x20000212   0x20000212   0x00000000   Code   RO          552    .ARM.Collect$$libinit$$00000032  c_w.l(libinit2.o)
    0x20000212   0x20000212   0x00000002   Code   RO          553    .ARM.Collect$$libinit$$00000033  c_w.l(libinit2.o)
    0x20000214   0x20000214   0x00000002   Code   RO          575    .ARM.Collect$$libshutdown$$00000000  c_w.l(libshutdown.o)
    0x20000216   0x20000216   0x00000000   Code   RO          590    .ARM.Collect$$libshutdown$$00000002  c_w.l(libshutdown2.o)
    0x20000216   0x20000216   0x00000000   Code   RO          592    .ARM.Collect$$libshutdown$$00000004  c_w.l(libshutdown2.o)
    0x20000216   0x20000216   0x00000000   Code   RO          595    .ARM.Collect$$libshutdown$$00000007  c_w.l(libshutdown2.o)
    0x20000216   0x20000216   0x00000000   Code   RO          598    .ARM.Collect$$libshutdown$$0000000A  c_w.l(libshutdown2.o)
    0x20000216   0x20000216   0x00000000   Code   RO          600    .ARM.Collect$$libshutdown$$0000000C  c_w.l(libshutdown2.o)
    0x20000216   0x20000216   0x00000000   Code   RO          603    .ARM.Collect$$libshutdown$$0000000F  c_w.l(libshutdown2.o)
    0x20000216   0x20000216   0x00000002   Code   RO          604    .ARM.Collect$$libshutdown$$00000010  c_w.l(libshutdown2.o)
    0x20000218   0x20000218   0x00000000   Code   RO          464    .ARM.Collect$$rtentry$$00000000  c_w.l(__rtentry.o)
    0x20000218   0x20000218   0x00000000   Code   RO          478    .ARM.Collect$$rtentry$$00000002  c_w.l(__rtentry2.o)
    0x20000218   0x20000218   0x00000006   Code   RO          490    .ARM.Collect$$rtentry$$00000004  c_w.l(__rtentry4.o)
    0x2000021e   0x2000021e   0x00000000   Code   RO          480    .ARM.Collect$$rtentry$$00000009  c_w.l(__rtentry2.o)
    0x2000021e   0x2000021e   0x00000004   Code   RO          481    .ARM.Collect$$rtentry$$0000000A  c_w.l(__rtentry2.o)
    0x20000222   0x20000222   0x00000000   Code   RO          483    .ARM.Collect$$rtentry$$0000000C  c_w.l(__rtentry2.o)
    0x20000222   0x20000222   0x00000008   Code   RO          484    .ARM.Collect$$rtentry$$0000000D  c_w.l(__rtentry2.o)
    0x2000022a   0x2000022a   0x00000002   Code   RO          507    .ARM.Collect$$rtexit$$00000000  c_w.l(rtexit.o)
    0x2000022c   0x2000022c   0x00000000   Code   RO          555    .ARM.Collect$$rtexit$$00000002  c_w.l(rtexit2.o)
    0x2000022c   0x2000022c   0x00000004   Code   RO          556    .ARM.Collect$$rtexit$$00000003  c_w.l(rtexit2.o)
    0x20000230   0x20000230   0x00000006   Code   RO          557    .ARM.Collect$$rtexit$$00000004  c_w.l(rtexit2.o)
    0x20000236   0x20000236   0x00000002   PAD
    0x20000238   0x20000238   0x00000040   Code   RO          363    .text               startup_stm32f407xx.o
    0x20000278   0x20000278   0x00000028   Code   RO          388    .text               c_w.l(noretval__2sprintf.o)
    0x200002a0   0x200002a0   0x0000004e   Code   RO          392    .text               c_w.l(_printf_pad.o)
    0x200002ee   0x200002ee   0x00000002   PAD
    0x200002f0   0x200002f0   0x00000078   Code   RO          394    .text               c_w.l(_printf_dec.o)
    0x20000368   0x20000368   0x00000058   Code   RO          399    .text               c_w.l(_printf_hex_int.o)
    0x200003c0   0x200003c0   0x00000138   Code   RO          429    .text               c_w.l(__printf_flags_wp.o)
    0x200004f8   0x200004f8   0x00000006   Code   RO          442    .text               c_w.l(heapauxi.o)
    0x200004fe   0x200004fe   0x000000b2   Code   RO          465    .text               c_w.l(_printf_intcommon.o)
    0x200005b0   0x200005b0   0x00000030   Code   RO          467    .text               c_w.l(_printf_char_common.o)
    0x200005e0   0x200005e0   0x0000000a   Code   RO          469    .text               c_w.l(_sputc.o)
    0x200005ea   0x200005ea   0x0000004a   Code   RO          494    .text               c_w.l(sys_stackheap_outer.o)
    0x20000634   0x20000634   0x00000012   Code   RO          496    .text               c_w.l(exit.o)
    0x20000646   0x20000646   0x00000002   PAD
    0x20000648   0x20000648   0x00000008   Code   RO          504    .text               c_w.l(libspace.o)
    0x20000650   0x20000650   0x0000000c   Code   RO          565    .text               c_w.l(sys_exit.o)
    0x2000065c   0x2000065c   0x00000002   Code   RO          580    .text               c_w.l(use_no_semi.o)
    0x2000065e   0x2000065e   0x00000000   Code   RO          582    .text               c_w.l(indicate_semi.o)
    0x2000065e   0x2000065e   0x00000002   PAD
    0x20000660   0x20000660   0x000000b0   Code   RO          233    .text.BoxTriangle   alarm_sample.o
    0x20000710   0x20000710   0x00000070   Code   RO          324    .text.Cal_GetXY     touch_module.o
    0x20000780   0x20000780   0x0000006c   Code   RO          305    .text.Check_TextBox_touch  touch_functions.o
    0x200007ec   0x200007ec   0x00000050   Code   RO           35    .text.Debounce      user_defined.o
    0x2000083c   0x2000083c   0x0000005c   Code   RO          332    .text.Default_Calibration  touch_module.o
    0x20000898   0x20000898   0x00000022   Code   RO          287    .text.Delay_SPI     driver_spi.o
    0x200008ba   0x200008ba   0x00000006   PAD
    0x200008c0   0x200008c0   0x000000fc   Code   RO          235    .text.Draw_SUN      alarm_sample.o
    0x200009bc   0x200009bc   0x00000040   Code   RO          237    .text.Draw_Time     alarm_sample.o
    0x200009fc   0x200009fc   0x000000f4   Code   RO          277    .text.Driver_GPIO   driver_spi.o
    0x20000af0   0x20000af0   0x00000014   Code   RO          279    .text.Driver_SPICS  driver_spi.o
    0x20000b04   0x20000b04   0x00000050   Code   RO           37    .text.EXTI0_IRQHandler  user_defined.o
    0x20000b54   0x20000b54   0x00000038   Code   RO           62    .text.FSMC_NORSRAM_Extended_Timing_Init  stm32f4xx_fsmc.o
    0x20000b8c   0x20000b8c   0x00000074   Code   RO           56    .text.FSMC_NORSRAM_Init  stm32f4xx_fsmc.o
    0x20000c00   0x20000c00   0x0000003c   Code   RO           60    .text.FSMC_NORSRAM_Timing_Init  stm32f4xx_fsmc.o
    0x20000c3c   0x20000c3c   0x000000e4   Code   RO          120    .text.GPIO_AF12PPhigh  stm324xg_lcd_ili9341.o
    0x20000d20   0x20000d20   0x00000064   Code   RO          118    .text.GPIO_outPPhigh  stm324xg_lcd_ili9341.o
    0x20000d84   0x20000d84   0x00000050   Code   RO            6    .text.HAL_RCC_GetSysClockFreq  hardwaresystem_ini.o
    0x20000dd4   0x20000dd4   0x0000002c   Code   RO           45    .text.HoldCheck_per_4ms  user_defined.o
    0x20000e00   0x20000e00   0x00000030   Code   RO          126    .text.LCD_Clear     stm324xg_lcd_ili9341.o
    0x20000e30   0x20000e30   0x0000003c   Code   RO          110    .text.LCD_DisplayDevID  stm324xg_lcd_ili9341.o
    0x20000e6c   0x20000e6c   0x00000014   Code   RO          128    .text.LCD_DisplayOn  stm324xg_lcd_ili9341.o
    0x20000e80   0x20000e80   0x00000068   Code   RO          150    .text.LCD_DisplayStringAt  stm324xg_lcd_ili9341.o
    0x20000ee8   0x20000ee8   0x0000001c   Code   RO          112    .text.LCD_DisplayStringLineCol  stm324xg_lcd_ili9341.o
    0x20000f04   0x20000f04   0x000000e0   Code   RO          152    .text.LCD_DisplayStringSegment  stm324xg_lcd_ili9341.o
    0x20000fe4   0x20000fe4   0x00000104   Code   RO          164    .text.LCD_DrawCircle  stm324xg_lcd_ili9341.o
    0x200010e8   0x200010e8   0x00000030   Code   RO          156    .text.LCD_DrawHLine  stm324xg_lcd_ili9341.o
    0x20001118   0x20001118   0x000000d4   Code   RO          170    .text.LCD_DrawLine  stm324xg_lcd_ili9341.o
    0x200011ec   0x200011ec   0x00000014   Code   RO          154    .text.LCD_DrawPixel  stm324xg_lcd_ili9341.o
    0x20001200   0x20001200   0x00000038   Code   RO          162    .text.LCD_DrawRect  stm324xg_lcd_ili9341.o
    0x20001238   0x20001238   0x00000034   Code   RO          158    .text.LCD_DrawVLine  stm324xg_lcd_ili9341.o
    0x2000126c   0x2000126c   0x000000a4   Code   RO          106    .text.LCD_FSMCConfig  stm324xg_lcd_ili9341.o
    0x20001310   0x20001310   0x000000a8   Code   RO          168    .text.LCD_FillCircle  stm324xg_lcd_ili9341.o
    0x200013b8   0x200013b8   0x00000040   Code   RO          166    .text.LCD_FillRect  stm324xg_lcd_ili9341.o
    0x200013f8   0x200013f8   0x000001b0   Code   RO          190    .text.LCD_FillTriangle  stm324xg_lcd_ili9341.o
    0x200015a8   0x200015a8   0x00000010   Code   RO          140    .text.LCD_GetColors  stm324xg_lcd_ili9341.o
    0x200015b8   0x200015b8   0x0000000c   Code   RO          146    .text.LCD_GetFont   stm324xg_lcd_ili9341.o
    0x200015c4   0x200015c4   0x00000204   Code   RO          116    .text.LCD_Init      stm324xg_lcd_ili9341.o
    0x200017c8   0x200017c8   0x0000003c   Code   RO          130    .text.LCD_OpenWin   stm324xg_lcd_ili9341.o
    0x20001804   0x20001804   0x00000004   Code   RO          104    .text.LCD_Pixel_Height  stm324xg_lcd_ili9341.o
    0x20001808   0x20001808   0x00000006   Code   RO          102    .text.LCD_Pixel_Width  stm324xg_lcd_ili9341.o
    0x2000180e   0x2000180e   0x00000002   PAD
    0x20001810   0x20001810   0x00000024   Code   RO          114    .text.LCD_Reset     stm324xg_lcd_ili9341.o
    0x20001834   0x20001834   0x00000010   Code   RO          198    .text.LCD_RestoreColors  stm324xg_lcd_ili9341.o
    0x20001844   0x20001844   0x00000008   Code   RO          202    .text.LCD_RestoreFont  stm324xg_lcd_ili9341.o
    0x2000184c   0x2000184c   0x00000010   Code   RO          196    .text.LCD_SaveColors  stm324xg_lcd_ili9341.o
    0x2000185c   0x2000185c   0x00000010   Code   RO          200    .text.LCD_SaveFont  stm324xg_lcd_ili9341.o
    0x2000186c   0x2000186c   0x00000020   Code   RO          124    .text.LCD_SetColors  stm324xg_lcd_ili9341.o
    0x2000188c   0x2000188c   0x0000001c   Code   RO          122    .text.LCD_SetFont   stm324xg_lcd_ili9341.o
    0x200018a8   0x200018a8   0x00000018   Code   RO          142    .text.LCD_SetTextColor  stm324xg_lcd_ili9341.o
    0x200018c0   0x200018c0   0x000003e8   Code   RO          231    .text.Sample_alarmA  alarm_sample.o
    0x20001ca8   0x20001ca8   0x00000030   Code   RO           23    .text.SysTick_Handler  user_defined.o
    0x20001cd8   0x20001cd8   0x00000010   Code   RO            2    .text.SystemInit    hardwaresystem_ini.o
    0x20001ce8   0x20001ce8   0x00000070   Code   RO          320    .text.TSC_TouchDet  touch_module.o
    0x20001d58   0x20001d58   0x000000c0   Code   RO          322    .text.TS_GetState   touch_module.o
    0x20001e18   0x20001e18   0x0000008c   Code   RO          267    .text.Touch_ChooseColor  touch_sample_freedraw.o
    0x20001ea4   0x20001ea4   0x0000002e   Code   RO          318    .text.Touch_GetVal  touch_module.o
    0x20001ed2   0x20001ed2   0x00000002   PAD
    0x20001ed4   0x20001ed4   0x00000044   Code   RO          289    .text.Touch_SPIRead  driver_spi.o
    0x20001f18   0x20001f18   0x00000060   Code   RO          291    .text.Touch_SPIWrite  driver_spi.o
    0x20001f78   0x20001f78   0x00000074   Code   RO          303    .text.Touch_TextBox_Draw  touch_functions.o
    0x20001fec   0x20001fec   0x00000238   Code   RO          265    .text.Touch_sample_FreeDraw  touch_sample_freedraw.o
    0x20002224   0x20002224   0x00000070   Code   RO          326    .text.Touch_sensing  touch_module.o
    0x20002294   0x20002294   0x00000024   Code   RO          330    .text.WaitForTouchRelease  touch_module.o
    0x200022b8   0x200022b8   0x00000020   Code   RO          254    .text.Wait_PressPA0  main_samp.o
    0x200022d8   0x200022d8   0x00000014   Code   RO           25    .text.delay_ms      user_defined.o
    0x200022ec   0x200022ec   0x000000b8   Code   RO          252    .text.main          main_samp.o
    0x200023a4   0x200023a4   0x00000044   Code   RO           12    .text.my_getHCLKFreq  hardwaresystem_ini.o
    0x200023e8   0x200023e8   0x00000014   Code   RO           10    .text.my_getPCLKx_Freq  hardwaresystem_ini.o
    0x200023fc   0x200023fc   0x000000d8   Code   RO            8    .text.stm32f4_Hardware_Init  hardwaresystem_ini.o
    0x200024d4   0x200024d4   0x0000000e   Code   RO          427    i._is_digit         c_w.l(__printf_wp.o)
    0x200024e2   0x200024e2   0x00000002   PAD
    0x200024e4   0x200024e4   0x00000150   Code   RO          446    x$fpl$dadd          fz_wm.l(daddsub_clz.o)
    0x20002634   0x20002634   0x0000005e   Code   RO          452    x$fpl$dfix          fz_wm.l(dfix.o)
    0x20002692   0x20002692   0x00000026   Code   RO          456    x$fpl$dfltu         fz_wm.l(dflt_clz.o)
    0x200026b8   0x200026b8   0x00000154   Code   RO          462    x$fpl$dmul          fz_wm.l(dmul.o)
    0x2000280c   0x2000280c   0x0000009c   Code   RO          472    x$fpl$dnaninf       fz_wm.l(dnaninf.o)
    0x200028a8   0x200028a8   0x0000000c   Code   RO          474    x$fpl$dretinf       fz_wm.l(dretinf.o)
    0x200028b4   0x200028b4   0x000001d4   Code   RO          448    x$fpl$dsub          fz_wm.l(daddsub_clz.o)
    0x20002a88   0x20002a88   0x0000001a   Code   RO          563    x$fpl$fpinit        fz_wm.l(fpinit.o)
    0x20002aa2   0x20002aa2   0x00000000   Code   RO          476    x$fpl$usenofp       fz_wm.l(usenofp.o)
    0x20002aa2   0x20002aa2   0x00000028   Data   RO          400    .constdata          c_w.l(_printf_hex_int.o)
    0x20002aca   0x20002aca   0x00000011   Data   RO          430    .constdata          c_w.l(__printf_flags_wp.o)
    0x20002adb   0x20002adb   0x00000be0   Data   RO          214    .rodata.Font16_Table  stm324xg_lcd_ili9341.o
    0x200036bb   0x200036bb   0x00000ed8   Data   RO          216    .rodata.Font20_Table  stm324xg_lcd_ili9341.o
    0x20004593   0x20004593   0x00001ab8   Data   RO          217    .rodata.Font24_Table  stm324xg_lcd_ili9341.o
    0x2000604b   0x2000604b   0x0000000e   Data   RO          243    .rodata.str1.1      alarm_sample.o
    0x20006059   0x20006059   0x00000004   Data   RO          307    .rodata.str1.1      touch_functions.o
    0x2000605d   0x2000605d   0x00000003   PAD
    0x20006060   0x20006060   0x00000020   Data   RO          638    Region$$Table       anon$$obj.o


    Execution Region RW_IRAM1 (Exec base: 0x20010000, Load base: 0x20006080, Size: 0x000006f8, Max: 0x00010000, ABSOLUTE)

    Exec Addr    Load Addr    Size         Type   Attr      Idx    E Section Name        Object

    0x20010000   0x20006080   0x00000010   Data   RW          221    .data..L_MergedGlobals  stm324xg_lcd_ili9341.o
    0x20010010   0x20006090   0x00000008   Data   RW          215    .data.Font16        stm324xg_lcd_ili9341.o
    0x20010018   0x20006098   0x00000008   Data   RW          218    .data.Font24        stm324xg_lcd_ili9341.o
    0x20010020        -       0x00000060   Zero   RW          505    .bss                c_w.l(libspace.o)
    0x20010080        -       0x00000010   Zero   RW           14    .bss..L_MergedGlobals  hardwaresystem_ini.o
    0x20010090        -       0x00000030   Zero   RW           47    .bss..L_MergedGlobals  user_defined.o
    0x200100c0        -       0x00000018   Zero   RW          335    .bss..L_MergedGlobals  touch_module.o
    0x200100d8        -       0x00000020   Zero   RW          222    .bss..L_MergedGlobals.7  stm324xg_lcd_ili9341.o
    0x200100f8        -       0x00000200   Zero   RW          361    HEAP                startup_stm32f407xx.o
    0x200102f8        -       0x00000400   Zero   RW          360    STACK               startup_stm32f407xx.o


==============================================================================

Image component sizes


      Code (inc. data)   RO Data    RW Data    ZI Data      Debug   Object Name

      1492        132         14          0          0       5524   alarm_sample.o
       462         24          0          0          0       3732   driver_spi.o
       400         84          0          0         16       4117   hardwaresystem_ini.o
       216         44          0          0          0       1492   main_samp.o
        64         26        392          0       1536        864   startup_stm32f407xx.o
      3078         92      13680         32         32      26909   stm324xg_lcd_ili9341.o
       232         12          0          0          0       8101   stm32f4xx_fsmc.o
       224          4          4          0          0       2391   touch_functions.o
       702         52          0          0         24       4852   touch_module.o
       708         32          0          0          0       2571   touch_sample_freedraw.o
       272         32          0          0         48       4678   user_defined.o

    ----------------------------------------------------------------------
      7860        534      14125         32       1656      65231   Object Totals
         0          0         32          0          0          0   (incl. Generated)
        10          0          3          0          0          0   (incl. Padding)

    ----------------------------------------------------------------------

      Code (inc. data)   RO Data    RW Data    ZI Data      Debug   Library Member Name

         8          0          0          0          0         68   __main.o
       312          4         17          0          0         92   __printf_flags_wp.o
        14          0          0          0          0         68   __printf_wp.o
         0          0          0          0          0          0   __rtentry.o
        12          0          0          0          0          0   __rtentry2.o
         6          0          0          0          0          0   __rtentry4.o
        52          8          0          0          0          0   __scatter.o
        26          0          0          0          0          0   __scatter_copy.o
        28          0          0          0          0          0   __scatter_zi.o
        48          6          0          0          0         96   _printf_char_common.o
         6          0          0          0          0          0   _printf_d.o
       120         16          0          0          0         92   _printf_dec.o
        88          4         40          0          0         88   _printf_hex_int.o
       178          0          0          0          0         88   _printf_intcommon.o
        78          0          0          0          0        108   _printf_pad.o
         0          0          0          0          0          0   _printf_percent.o
         4          0          0          0          0          0   _printf_percent_end.o
         6          0          0          0          0          0   _printf_x.o
        10          0          0          0          0         68   _sputc.o
        18          0          0          0          0         80   exit.o
         6          0          0          0          0        152   heapauxi.o
         0          0          0          0          0          0   indicate_semi.o
         2          0          0          0          0          0   libinit.o
         6          0          0          0          0          0   libinit2.o
         2          0          0          0          0          0   libshutdown.o
         2          0          0          0          0          0   libshutdown2.o
         8          4          0          0         96         68   libspace.o
        40          6          0          0          0         84   noretval__2sprintf.o
         2          0          0          0          0          0   rtexit.o
        10          0          0          0          0          0   rtexit2.o
        12          4          0          0          0         68   sys_exit.o
        74          0          0          0          0         80   sys_stackheap_outer.o
         2          0          0          0          0         68   use_no_semi.o
       804         16          0          0          0        376   daddsub_clz.o
        94          4          0          0          0        140   dfix.o
        38          0          0          0          0        116   dflt_clz.o
       340         12          0          0          0        152   dmul.o
       156          4          0          0          0        140   dnaninf.o
        12          0          0          0          0        116   dretinf.o
        26          0          0          0          0        116   fpinit.o
         0          0          0          0          0          0   usenofp.o

    ----------------------------------------------------------------------
      2662         88         57          0         96       2524   Library Totals
        12          0          0          0          0          0   (incl. Padding)

    ----------------------------------------------------------------------

      Code (inc. data)   RO Data    RW Data    ZI Data      Debug   Library Name

      1180         52         57          0         96       1368   c_w.l
      1470         36          0          0          0       1156   fz_wm.l

    ----------------------------------------------------------------------
      2662         88         57          0         96       2524   Library Totals

    ----------------------------------------------------------------------

==============================================================================


      Code (inc. data)   RO Data    RW Data    ZI Data      Debug   

     10522        622      14182         32       1752      66287   Grand Totals
     10522        622      14182         32       1752      66287   ELF Image Totals
     10522        622      14182         32          0          0   ROM Totals

==============================================================================

    Total RO  Size (Code + RO Data)                24704 (  24.13kB)
    Total RW  Size (RW Data + ZI Data)              1784 (   1.74kB)
    Total ROM Size (Code + RO Data + RW Data)      24736 (  24.16kB)

==============================================================================

