Component: Arm Compiler for Embedded 6.23 Tool: armlink [5f102400]

==============================================================================

Section Cross References

    startup_stm32f407xx.o(STACK) refers (Special) to heapauxi.o(.text) for __use_two_region_memory
    startup_stm32f407xx.o(HEAP) refers (Special) to heapauxi.o(.text) for __use_two_region_memory
    startup_stm32f407xx.o(RESET) refers (Special) to heapauxi.o(.text) for __use_two_region_memory
    startup_stm32f407xx.o(RESET) refers to startup_stm32f407xx.o(STACK) for __initial_sp
    startup_stm32f407xx.o(RESET) refers to startup_stm32f407xx.o(.text) for Reset_Handler
    startup_stm32f407xx.o(RESET) refers to lto-llvm-bb8c71.o(.text.SysTick_Handler) for SysTick_Handler
    startup_stm32f407xx.o(RESET) refers to lto-llvm-bb8c71.o(.text.EXTI0_IRQHandler) for EXTI0_IRQHandler
    startup_stm32f407xx.o(.text) refers (Special) to heapauxi.o(.text) for __use_two_region_memory
    startup_stm32f407xx.o(.text) refers to lto-llvm-bb8c71.o(.text.SystemInit) for SystemInit
    startup_stm32f407xx.o(.text) refers to __main.o(!!!main) for __main
    startup_stm32f407xx.o(.text) refers to startup_stm32f407xx.o(HEAP) for Heap_Mem
    startup_stm32f407xx.o(.text) refers to startup_stm32f407xx.o(STACK) for Stack_Mem
    ai_platform.o(i.ai_buffer_array_get_byte_size) refers to ai_platform.o(i.ai_buffer_array_sane) for ai_buffer_array_sane
    ai_platform.o(i.ai_buffer_array_get_byte_size) refers to ai_platform.o(i.ai_buffer_get_size) for ai_buffer_get_size
    ai_platform.o(i.ai_buffer_array_get_byte_size) refers to ai_platform.o(i.ai_buffer_get_byte_size) for ai_buffer_get_byte_size
    ai_platform.o(i.ai_buffer_array_is_empty) refers to ai_platform.o(i.ai_buffer_array_sane) for ai_buffer_array_sane
    ai_platform.o(i.ai_buffer_array_is_valid) refers to ai_platform.o(i.ai_buffer_array_is_empty) for ai_buffer_array_is_empty
    ai_platform.o(i.ai_buffer_array_is_valid) refers to ai_platform.o(i.ai_buffer_array_sane) for ai_buffer_array_sane
    ai_platform.o(i.ai_buffer_array_is_valid) refers to ai_platform.o(i.ai_buffer_get_size) for ai_buffer_get_size
    ai_platform.o(i.ai_buffer_array_item_set_address) refers to ai_platform.o(i.ai_buffer_array_sane) for ai_buffer_array_sane
    ai_platform_interface.o(i._ai_platform_get_io_buffers_info) refers to rt_memclr_w.o(.text) for __aeabi_memclr4
    ai_platform_interface.o(i._ai_platform_get_io_buffers_info) refers to ai_datatypes_format.o(i.ai_array_to_buffer_fmt) for ai_array_to_buffer_fmt
    ai_platform_interface.o(i._ai_platform_get_io_buffers_info) refers to rt_memcpy_w.o(.text) for __aeabi_memcpy4
    ai_platform_interface.o(i._ai_platform_get_io_buffers_info) refers to ai_platform_interface.o(.constdata) for .constdata
    ai_platform_interface.o(i._platform_ai_buffer_array_copy) refers to rt_memcpy_w.o(.text) for __aeabi_memcpy4
    ai_platform_interface.o(i._platform_get_table_map_from_buffer_array) refers to ai_platform.o(i.ai_buffer_array_sane) for ai_buffer_array_sane
    ai_platform_interface.o(i._platform_network_io_bind) refers to ai_platform.o(i.ai_buffer_get_size) for ai_buffer_get_size
    ai_platform_interface.o(i._platform_network_io_bind) refers to ai_datatypes_format.o(i.ai_array_get_data_byte_size) for ai_array_get_data_byte_size
    ai_platform_interface.o(i._platform_network_io_bind) refers to ai_datatypes_internal.o(i.get_tensor_byte_size) for get_tensor_byte_size
    ai_platform_interface.o(i._platform_network_io_bind) refers to ai_datatypes_format.o(i.ai_array_to_buffer_fmt) for ai_array_to_buffer_fmt
    ai_platform_interface.o(i._platform_network_io_bind) refers to ai_platform_interface.o(i._platform_network_state_setup) for _platform_network_state_setup
    ai_platform_interface.o(i._platform_network_io_bind) refers to ai_platform_interface.o(i.ai_platform_network_set_error) for ai_platform_network_set_error
    ai_platform_interface.o(i._platform_network_state_setup) refers to ai_datatypes_internal.o(i.get_tensor_byte_size) for get_tensor_byte_size
    ai_platform_interface.o(i._platform_network_state_update_input) refers to st_int8_fill.o(i.st_int8_copy) for st_int8_copy
    ai_platform_interface.o(i._platform_network_state_update_output) refers to st_int8_fill.o(i.st_int8_copy) for st_int8_copy
    ai_platform_interface.o(i.ai_platform_api_get_network_report) refers to ai_platform_interface.o(i.ai_platform_context_acquire) for ai_platform_context_acquire
    ai_platform_interface.o(i.ai_platform_api_get_network_report) refers to ai_platform_interface.o(i._ai_platform_get_io_buffers_info) for _ai_platform_get_io_buffers_info
    ai_platform_interface.o(i.ai_platform_api_get_network_report) refers to ai_platform.o(i.ai_buffer_array_sane) for ai_buffer_array_sane
    ai_platform_interface.o(i.ai_platform_api_get_network_report) refers to ai_platform_interface.o(i.ai_platform_network_set_error) for ai_platform_network_set_error
[...]
    DMA2_Stream0_IRQHandler                  0x080002db   Thumb Code     0  startup_stm32f407xx.o(.text)
    DMA2_Stream1_IRQHandler                  0x080002db   Thumb Code     0  startup_stm32f407xx.o(.text)
    DMA2_Stream2_IRQHandler                  0x080002db   Thumb Code     0  startup_stm32f407xx.o(.text)
    DMA2_Stream3_IRQHandler                  0x080002db   Thumb Code     0  startup_stm32f407xx.o(.text)
    DMA2_Stream4_IRQHandler                  0x080002db   Thumb Code     0  startup_stm32f407xx.o(.text)
    DMA2_Stream5_IRQHandler                  0x080002db   Thumb Code     0  startup_stm32f407xx.o(.text)
    DMA2_Stream6_IRQHandler                  0x080002db   Thumb Code     0  startup_stm32f407xx.o(.text)
    DMA2_Stream7_IRQHandler                  0x080002db   Thumb Code     0  startup_stm32f407xx.o(.text)
    ETH_IRQHandler                           0x080002db   Thumb Code     0  startup_stm32f407xx.o(.text)
    ETH_WKUP_IRQHandler                      0x080002db   Thumb Code     0  startup_stm32f407xx.o(.text)
    EXTI15_10_IRQHandler                     0x080002db   Thumb Code     0  startup_stm32f407xx.o(.text)
    EXTI1_IRQHandler                         0x080002db   Thumb Code     0  startup_stm32f407xx.o(.text)
    EXTI2_IRQHandler                         0x080002db   Thumb Code     0  startup_stm32f407xx.o(.text)
    EXTI3_IRQHandler                         0x080002db   Thumb Code     0  startup_stm32f407xx.o(.text)
    EXTI4_IRQHandler                         0x080002db   Thumb Code     0  startup_stm32f407xx.o(.text)
    EXTI9_5_IRQHandler                       0x080002db   Thumb Code     0  startup_stm32f407xx.o(.text)
    FLASH_IRQHandler                         0x080002db   Thumb Code     0  startup_stm32f407xx.o(.text)
    FMC_IRQHandler                           0x080002db   Thumb Code     0  startup_stm32f407xx.o(.text)
    FPU_IRQHandler                           0x080002db   Thumb Code     0  startup_stm32f407xx.o(.text)
    HASH_RNG_IRQHandler                      0x080002db   Thumb Code     0  startup_stm32f407xx.o(.text)
    I2C1_ER_IRQHandler                       0x080002db   Thumb Code     0  startup_stm32f407xx.o(.text)
    I2C1_EV_IRQHandler                       0x080002db   Thumb Code     0  startup_stm32f407xx.o(.text)
    I2C2_ER_IRQHandler                       0x080002db   Thumb Code     0  startup_stm32f407xx.o(.text)
    I2C2_EV_IRQHandler                       0x080002db   Thumb Code     0  startup_stm32f407xx.o(.text)
    I2C3_ER_IRQHandler                       0x080002db   Thumb Code     0  startup_stm32f407xx.o(.text)
    I2C3_EV_IRQHandler                       0x080002db   Thumb Code     0  startup_stm32f407xx.o(.text)
    OTG_FS_IRQHandler                        0x080002db   Thumb Code     0  startup_stm32f407xx.o(.text)
    OTG_FS_WKUP_IRQHandler                   0x080002db   Thumb Code     0  startup_stm32f407xx.o(.text)
    OTG_HS_EP1_IN_IRQHandler                 0x080002db   Thumb Code     0  startup_stm32f407xx.o(.text)
    OTG_HS_EP1_OUT_IRQHandler                0x080002db   Thumb Code     0  startup_stm32f407xx.o(.text)
    OTG_HS_IRQHandler                        0x080002db   Thumb Code     0  startup_stm32f407xx.o(.text)
    OTG_HS_WKUP_IRQHandler                   0x080002db   Thumb Code     0  startup_stm32f407xx.o(.text)
    PVD_IRQHandler                           0x080002db   Thumb Code     0  startup_stm32f407xx.o(.text)
    RCC_IRQHandler                           0x080002db   Thumb Code     0  startup_stm32f407xx.o(.text)
    RTC_Alarm_IRQHandler                     0x080002db   Thumb Code     0  startup_stm32f407xx.o(.text)
    RTC_WKUP_IRQHandler                      0x080002db   Thumb Code     0  startup_stm32f407xx.o(.text)
    SDIO_IRQHandler                          0x080002db   Thumb Code     0  startup_stm32f407xx.o(.text)
    SPI1_IRQHandler                          0x080002db   Thumb Code     0  startup_stm32f407xx.o(.text)
    SPI2_IRQHandler                          0x080002db   Thumb Code     0  startup_stm32f407xx.o(.text)
    SPI3_IRQHandler                          0x080002db   Thumb Code     0  startup_stm32f407xx.o(.text)
    TAMP_STAMP_IRQHandler                    0x080002db   Thumb Code     0  startup_stm32f407xx.o(.text)
    TIM1_BRK_TIM9_IRQHandler                 0x080002db   Thumb Code     0  startup_stm32f407xx.o(.text)
    TIM1_CC_IRQHandler                       0x080002db   Thumb Code     0  startup_stm32f407xx.o(.text)
    TIM1_TRG_COM_TIM11_IRQHandler            0x080002db   Thumb Code     0  startup_stm32f407xx.o(.text)
    TIM1_UP_TIM10_IRQHandler                 0x080002db   Thumb Code     0  startup_stm32f407xx.o(.text)
    TIM2_IRQHandler                          0x080002db   Thumb Code     0  startup_stm32f407xx.o(.text)
    TIM3_IRQHandler                          0x080002db   Thumb Code     0  startup_stm32f407xx.o(.text)
    TIM4_IRQHandler                          0x080002db   Thumb Code     0  startup_stm32f407xx.o(.text)
    TIM5_IRQHandler                          0x080002db   Thumb Code     0  startup_stm32f407xx.o(.text)
    TIM6_DAC_IRQHandler                      0x080002db   Thumb Code     0  startup_stm32f407xx.o(.text)
    TIM7_IRQHandler                          0x080002db   Thumb Code     0  startup_stm32f407xx.o(.text)
    TIM8_BRK_TIM12_IRQHandler                0x080002db   Thumb Code     0  startup_stm32f407xx.o(.text)
    TIM8_CC_IRQHandler                       0x080002db   Thumb Code     0  startup_stm32f407xx.o(.text)
    TIM8_TRG_COM_TIM14_IRQHandler            0x080002db   Thumb Code     0  startup_stm32f407xx.o(.text)
    TIM8_UP_TIM13_IRQHandler                 0x080002db   Thumb Code     0  startup_stm32f407xx.o(.text)
    UART4_IRQHandler                         0x080002db   Thumb Code     0  startup_stm32f407xx.o(.text)
    UART5_IRQHandler                         0x080002db   Thumb Code     0  startup_stm32f407xx.o(.text)
    USART1_IRQHandler                        0x080002db   Thumb Code     0  startup_stm32f407xx.o(.text)
    USART2_IRQHandler                        0x080002db   Thumb Code     0  startup_stm32f407xx.o(.text)
    USART3_IRQHandler                        0x080002db   Thumb Code     0  startup_stm32f407xx.o(.text)
    USART6_IRQHandler                        0x080002db   Thumb Code     0  startup_stm32f407xx.o(.text)
    WWDG_IRQHandler                          0x080002db   Thumb Code     0  startup_stm32f407xx.o(.text)
    __user_initial_stackheap                 0x080002dd   Thumb Code     0  startup_stm32f407xx.o(.text)
    malloc                                   0x08000301   Thumb Code    94  h1_alloc.o(.text)
    free                                     0x0800035f   Thumb Code    78  h1_free.o(.text)
    __2sprintf                               0x080003ad   Thumb Code    38  __2sprintf.o(.text)
    _printf_pre_padding                      0x080003d9   Thumb Code    44  _printf_pad.o(.text)
    _printf_post_padding                     0x08000405   Thumb Code    34  _printf_pad.o(.text)
    _printf_int_dec                          0x08000429   Thumb Code   104  _printf_dec.o(.text)
    _printf_int_hex                          0x080004a1   Thumb Code    84  _printf_hex_int.o(.text)
    _printf_longlong_hex                     0x080004a1   Thumb Code     0  _printf_hex_int.o(.text)
    __printf                                 0x080004f9   Thumb Code   308  __printf_flags_wp.o(.text)
    memcmp                                   0x08000631   Thumb Code    88  memcmp.o(.text)
    __aeabi_memcpy4                          0x08000689   Thumb Code     0  rt_memcpy_w.o(.text)
    __aeabi_memcpy8                          0x08000689   Thumb Code     0  rt_memcpy_w.o(.text)
    __rt_memcpy_w                            0x08000689   Thumb Code   100  rt_memcpy_w.o(.text)
    _memcpy_lastbytes_aligned                0x080006d1   Thumb Code     0  rt_memcpy_w.o(.text)
    __aeabi_memclr4                          0x080006ed   Thumb Code     0  rt_memclr_w.o(.text)
    __aeabi_memclr8                          0x080006ed   Thumb Code     0  rt_memclr_w.o(.text)
    __rt_memclr_w                            0x080006ed   Thumb Code     0  rt_memclr_w.o(.text)
    _memset_w                                0x080006f1   Thumb Code    74  rt_memclr_w.o(.text)
    __use_two_region_memory                  0x0800073b   Thumb Code     2  heapauxi.o(.text)
    __rt_heap_escrow                         0x0800073d   Thumb Code     2  heapauxi.o(.text)
    __rt_heap_expand                         0x0800073f   Thumb Code     2  heapauxi.o(.text)
    __rt_heap_descriptor                     0x08000741   Thumb Code     8  rt_heap_descriptor_intlibspace.o(.text)
    __use_no_heap                            0x08000749   Thumb Code     2  hguard.o(.text)
    __heap$guard                             0x0800074b   Thumb Code     2  hguard.o(.text)
    _terminate_user_alloc                    0x0800074d   Thumb Code     2  init_alloc.o(.text)
    _init_user_alloc                         0x0800074f   Thumb Code     2  init_alloc.o(.text)
    __Heap_Full                              0x08000751   Thumb Code    34  init_alloc.o(.text)
    __Heap_Broken                            0x08000773   Thumb Code     6  init_alloc.o(.text)
    _init_alloc                              0x08000779   Thumb Code    94  init_alloc.o(.text)
    __Heap_Initialize                        0x080007d7   Thumb Code     8  h1_init.o(.text)
    __Heap_DescSize                          0x080007df   Thumb Code     4  h1_init.o(.text)
    __read_errno                             0x080007e3   Thumb Code    10  _rserrno.o(.text)
    __set_errno                              0x080007ed   Thumb Code    12  _rserrno.o(.text)
    _printf_int_common                       0x080007f9   Thumb Code   178  _printf_intcommon.o(.text)
    _printf_fp_dec_real                      0x08000a5b   Thumb Code   620  _printf_fp_dec.o(.text)
    _printf_char_common                      0x08000cd3   Thumb Code    32  _printf_char_common.o(.text)
    _sputc                                   0x08000cf9   Thumb Code    10  _sputc.o(.text)
    __user_libspace                          0x08000d05   Thumb Code     8  libspace.o(.text)
    __user_perproc_libspace                  0x08000d05   Thumb Code     0  libspace.o(.text)
    __user_perthread_libspace                0x08000d05   Thumb Code     0  libspace.o(.text)
    __rt_locale                              0x08000d0d   Thumb Code     8  rt_locale_intlibspace.o(.text)
    __aeabi_errno_addr                       0x08000d15   Thumb Code     8  rt_errno_addr_intlibspace.o(.text)
    __errno$intlibspace                      0x08000d15   Thumb Code     0  rt_errno_addr_intlibspace.o(.text)
    __rt_errno_addr$intlibspace              0x08000d15   Thumb Code     0  rt_errno_addr_intlibspace.o(.text)
    __Heap_ProvideMemory                     0x08000d1d   Thumb Code    52  h1_extend.o(.text)
    _maybe_terminate_alloc                   0x08000d1d   Thumb Code     0  maybetermalloc1.o(.text)
    _ll_udiv10                               0x08000d51   Thumb Code   138  lludiv10.o(.text)
    _printf_fp_infnan                        0x08000ddd   Thumb Code   112  _printf_fp_infnan.o(.text)
    _btod_etento                             0x08000e5d   Thumb Code   224  bigflt0.o(.text)
    __rt_SIGRTMEM                            0x08000f41   Thumb Code    14  defsig_rtmem_outer.o(.text)
    __I$use$semihosting                      0x08000f4f   Thumb Code     0  use_no_semi.o(.text)
    __use_no_semihosting_swi                 0x08000f4f   Thumb Code     2  use_no_semi.o(.text)
    __semihosting_library_function           0x08000f51   Thumb Code     0  indicate_semi.o(.text)
    __user_setup_stackheap                   0x08000f51   Thumb Code    74  sys_stackheap_outer.o(.text)
    exit                                     0x08000f9b   Thumb Code    18  exit.o(.text)
    __sig_exit                               0x08000fad   Thumb Code    10  defsig_exit.o(.text)
    __rt_SIGRTMEM_inner                      0x08000fb9   Thumb Code    22  defsig_rtmem_inner.o(.text)
    strcmp                                   0x08001009   Thumb Code   124  strcmpv7em.o(.text)
    _sys_exit                                0x08001085   Thumb Code     8  sys_exit.o(.text)
    __default_signal_display                 0x08001091   Thumb Code    50  defsig_general.o(.text)
    _ttywrch                                 0x080010c3   Thumb Code    14  sys_wrch.o(.text)
    EXTI0_IRQHandler                         0x0800188d   Thumb Code    32  lto-llvm-bb8c71.o(.text.EXTI0_IRQHandler)
    SysTick_Handler                          0x08005d9d   Thumb Code   192  lto-llvm-bb8c71.o(.text.SysTick_Handler)
    SystemInit                               0x08005e5d   Thumb Code    18  lto-llvm-bb8c71.o(.text.SystemInit)
    main                                     0x0800af51   Thumb Code  5256  lto-llvm-bb8c71.o(.text.main)
    _btod_d2e                                0x0801024f   Thumb Code    62  btod.o(CL$$btod_d2e)
    _d2e_denorm_low                          0x0801028d   Thumb Code    70  btod.o(CL$$btod_d2e_denorm_low)
    _d2e_norm_op1                            0x080102d3   Thumb Code    96  btod.o(CL$$btod_d2e_norm_op1)
    __btod_div_common                        0x08010335   Thumb Code   696  btod.o(CL$$btod_div_common)
    _e2e                                     0x0801066d   Thumb Code   220  btod.o(CL$$btod_e2e)
    _btod_ediv                               0x08010749   Thumb Code    42  btod.o(CL$$btod_ediv)
    _btod_emul                               0x08010773   Thumb Code    42  btod.o(CL$$btod_emul)
    __btod_mult_common                       0x0801079d   Thumb Code   580  btod.o(CL$$btod_mult_common)
    __ARM_fpclassify                         0x080109e1   Thumb Code    48  fpclassify.o(i.__ARM_fpclassify)
    __ARM_fpclassifyf                        0x08010a11   Thumb Code    38  fpclassifyf.o(i.__ARM_fpclassifyf)
    __hardfp_cos                             0x08010b71   Thumb Code   180  cos.o(i.__hardfp_cos)
    __hardfp_expf                            0x08010c39   Thumb Code   430  expf.o(i.__hardfp_expf)
    __mathlib_expf                           0x08010c39   Thumb Code     0  expf.o(i.__hardfp_expf)
    __hardfp_sin                             0x08010e29   Thumb Code   180  sin.o(i.__hardfp_sin)
    __hardfp_tan                             0x08010ef1   Thumb Code   108  tan.o(i.__hardfp_tan)
    __ieee754_rem_pio2                       0x08010f71   Thumb Code   938  rred.o(i.__ieee754_rem_pio2)
    __kernel_cos                             0x080113a9   Thumb Code   322  cos_i.o(i.__kernel_cos)
    __kernel_poly                            0x08011519   Thumb Code   248  poly.o(i.__kernel_poly)
    __kernel_sin                             0x08011611   Thumb Code   280  sin_i.o(i.__kernel_sin)
    __kernel_tan                             0x08011741   Thumb Code   764  tan_i.o(i.__kernel_tan)
    __mathlib_dbl_infnan                     0x08011a91   Thumb Code    20  dunder.o(i.__mathlib_dbl_infnan)
    __mathlib_dbl_invalid                    0x08011aa9   Thumb Code    24  dunder.o(i.__mathlib_dbl_invalid)
    __mathlib_dbl_underflow                  0x08011ac9   Thumb Code    24  dunder.o(i.__mathlib_dbl_underflow)
    __mathlib_flt_infnan                     0x08011ae9   Thumb Code     6  funder.o(i.__mathlib_flt_infnan)
    __mathlib_flt_overflow                   0x08011af1   Thumb Code    10  funder.o(i.__mathlib_flt_overflow)
    __mathlib_flt_underflow                  0x08011b01   Thumb Code    10  funder.o(i.__mathlib_flt_underflow)
    _is_digit                                0x08011cd5   Thumb Code    14  __printf_wp.o(i._is_digit)
    ai_array_get_byte_size                   0x0801231f   Thumb Code    40  ai_datatypes_format.o(i.ai_array_get_byte_size)
    ai_array_get_data_byte_size              0x08012347   Thumb Code    30  ai_datatypes_format.o(i.ai_array_get_data_byte_size)
    ai_array_to_buffer_fmt                   0x08012365   Thumb Code   248  ai_datatypes_format.o(i.ai_array_to_buffer_fmt)
    ai_buffer_array_item_set_address         0x08012491   Thumb Code    36  ai_platform.o(i.ai_buffer_array_item_set_address)
    ai_buffer_array_sane                     0x080124b5   Thumb Code    18  ai_platform.o(i.ai_buffer_array_sane)
    ai_buffer_get_size                       0x080124c9   Thumb Code    96  ai_platform.o(i.ai_buffer_get_size)
    ai_check_custom_types                    0x08012531   Thumb Code    38  layers.o(i.ai_check_custom_types)
    ai_layers_destroy_all                    0x0801255d   Thumb Code    54  layers.o(i.ai_layers_destroy_all)
    ai_layers_forward_all                    0x08012593   Thumb Code    80  layers.o(i.ai_layers_forward_all)
    ai_layers_init_all                       0x080125e3   Thumb Code    30  layers.o(i.ai_layers_init_all)
    ai_layers_post_init_all                  0x08012601   Thumb Code    54  layers.o(i.ai_layers_post_init_all)
    ai_platform_bind_network_params          0x08012639   Thumb Code    38  ai_platform_interface.o(i.ai_platform_bind_network_params)
    ai_platform_context_acquire              0x08012665   Thumb Code    14  ai_platform_interface.o(i.ai_platform_context_acquire)
    ai_platform_get_activations_map          0x08012679   Thumb Code    38  ai_platform_interface.o(i.ai_platform_get_activations_map)
    ai_platform_get_weights_map              0x080126a5   Thumb Code    36  ai_platform_interface.o(i.ai_platform_get_weights_map)
    ai_platform_inputs_get                   0x080126cd   Thumb Code    66  ai_platform_interface.o(i.ai_platform_inputs_get)
    ai_platform_network_create               0x08012711   Thumb Code   146  ai_platform_interface.o(i.ai_platform_network_create)
    ai_platform_network_destroy              0x080127ad   Thumb Code    30  ai_platform_interface.o(i.ai_platform_network_destroy)
    ai_platform_network_init                 0x080127d1   Thumb Code   262  ai_platform_interface.o(i.ai_platform_network_init)
    ai_platform_network_post_init            0x080128e9   Thumb Code    76  ai_platform_interface.o(i.ai_platform_network_post_init)
    ai_platform_network_process              0x08012939   Thumb Code    84  ai_platform_interface.o(i.ai_platform_network_process)
    ai_platform_network_set_error            0x0801298d   Thumb Code    12  ai_platform_interface.o(i.ai_platform_network_set_error)
    ai_platform_outputs_get                  0x08012999   Thumb Code    72  ai_platform_interface.o(i.ai_platform_outputs_get)
    ai_version_get                           0x080129fb   Thumb Code    12  ai_datatypes_internal.o(i.ai_version_get)
    core_init                                0x08012a07   Thumb Code     4  core_common.o(i.core_init)
    core_set_error                           0x08012a3d   Thumb Code    26  core_common.o(i.core_set_error)
    fabs                                     0x08012a57   Thumb Code    24  fabs.o(i.fabs)
    forward_conv2d_if32of32wf32_nl_pool      0x08012a6f   Thumb Code   684  layers_conv2d_generic_float.o(i.forward_conv2d_if32of32wf32_nl_pool)
    forward_dense                            0x08012d1d   Thumb Code   322  layers_conv2d_generic_float.o(i.forward_dense)
    forward_lite_conv2d_if32of32wf32_pool    0x08012e65   Thumb Code   640  forward_lite_conv2d_if32of32wf32.o(i.forward_lite_conv2d_if32of32wf32_pool)
    forward_lite_dense_if32of32wf32          0x080130e9   Thumb Code   148  lite_dense_if32.o(i.forward_lite_dense_if32of32wf32)
    forward_lite_dense_if32of32wf32_lut4     0x08013181   Thumb Code   168  lite_dense_if32.o(i.forward_lite_dense_if32of32wf32_lut4)
    forward_lite_dense_if32of32wf32_lut8     0x0801322d   Thumb Code   168  lite_dense_if32.o(i.forward_lite_dense_if32of32wf32_lut8)
    forward_lite_nl_relu_generic_if32of32_kernel 0x080132d9   Thumb Code   168  lite_nl_relu_if32of32.o(i.forward_lite_nl_relu_generic_if32of32_kernel)
    forward_lite_nl_relu_if32of32            0x08013385   Thumb Code    46  lite_nl_generic_float.o(i.forward_lite_nl_relu_if32of32)
    forward_lite_nl_softmax_if32of32         0x080133b9   Thumb Code    86  lite_nl_generic_float.o(i.forward_lite_nl_softmax_if32of32)
    forward_lite_nl_softmax_if32of32_kernel  0x08013411   Thumb Code   158  lite_nl_softmax_if32of32.o(i.forward_lite_nl_softmax_if32of32_kernel)
    forward_relu                             0x080134b5   Thumb Code   202  layers_nl_generic_float.o(i.forward_relu)
    forward_sm                               0x08013585   Thumb Code   140  layers_nl_generic_float.o(i.forward_sm)
    get_tensor_byte_size                     0x08013795   Thumb Code    34  ai_datatypes_internal.o(i.get_tensor_byte_size)
    pool_func_mp_array_f32                   0x080137bd   Thumb Code   420  forward_lite_pool_f32.o(i.pool_func_mp_array_f32)
    st_int8_copy                             0x08013965   Thumb Code   144  st_int8_fill.o(i.st_int8_copy)
    _get_lc_numeric                          0x080139f5   Thumb Code    44  lc_numeric_c.o(locale$$code)
    __aeabi_dneg                             0x08013a21   Thumb Code     0  basic.o(x$fpl$basic)
    _dneg                                    0x08013a21   Thumb Code     6  basic.o(x$fpl$basic)
    __aeabi_fneg                             0x08013a27   Thumb Code     0  basic.o(x$fpl$basic)
    _fneg                                    0x08013a27   Thumb Code     6  basic.o(x$fpl$basic)
    _dabs                                    0x08013a2d   Thumb Code     6  basic.o(x$fpl$basic)
    _fabs                                    0x08013a33   Thumb Code     6  basic.o(x$fpl$basic)
    __aeabi_d2f                              0x08013a39   Thumb Code     0  d2f.o(x$fpl$d2f)
    _d2f                                     0x08013a39   Thumb Code    98  d2f.o(x$fpl$d2f)
    __aeabi_dadd                             0x08013a9d   Thumb Code     0  daddsub_clz.o(x$fpl$dadd)
    _dadd                                    0x08013a9d   Thumb Code   332  daddsub_clz.o(x$fpl$dadd)
    __aeabi_ddiv                             0x08013bed   Thumb Code     0  ddiv.o(x$fpl$ddiv)
    _ddiv                                    0x08013bed   Thumb Code   560  ddiv.o(x$fpl$ddiv)
    __aeabi_d2iz                             0x08013ea5   Thumb Code     0  dfix.o(x$fpl$dfix)
    _dfix                                    0x08013ea5   Thumb Code    94  dfix.o(x$fpl$dfix)
    __aeabi_i2d                              0x08013f03   Thumb Code     0  dflt_clz.o(x$fpl$dflt)
    _dflt                                    0x08013f03   Thumb Code    46  dflt_clz.o(x$fpl$dflt)
    __aeabi_ui2d                             0x08013f31   Thumb Code     0  dflt_clz.o(x$fpl$dfltu)
    _dfltu                                   0x08013f31   Thumb Code    38  dflt_clz.o(x$fpl$dfltu)
    __aeabi_dmul                             0x08013f59   Thumb Code     0  dmul.o(x$fpl$dmul)
    _dmul                                    0x08013f59   Thumb Code   332  dmul.o(x$fpl$dmul)
    __fpl_dnaninf                            0x080140ad   Thumb Code   156  dnaninf.o(x$fpl$dnaninf)
    __fpl_dretinf                            0x08014149   Thumb Code    12  dretinf.o(x$fpl$dretinf)
    __aeabi_drsub                            0x08014155   Thumb Code     0  daddsub_clz.o(x$fpl$drsb)
    _drsb                                    0x08014155   Thumb Code    22  daddsub_clz.o(x$fpl$drsb)
    __aeabi_dsub                             0x0801416d   Thumb Code     0  daddsub_clz.o(x$fpl$dsub)
    _dsub                                    0x0801416d   Thumb Code   472  daddsub_clz.o(x$fpl$dsub)
    __aeabi_f2d                              0x08014349   Thumb Code     0  f2d.o(x$fpl$f2d)
    _f2d                                     0x08014349   Thumb Code    86  f2d.o(x$fpl$f2d)
    __fpl_fnaninf                            0x0801439f   Thumb Code   140  fnaninf.o(x$fpl$fnaninf)
    _fp_init                                 0x0801442b   Thumb Code    26  fpinit.o(x$fpl$fpinit)
    __fplib_config_fpu_vfp                   0x08014443   Thumb Code     0  fpinit.o(x$fpl$fpinit)
    __fplib_config_pureend_doubles           0x08014443   Thumb Code     0  fpinit.o(x$fpl$fpinit)
    __fpl_fretinf                            0x08014445   Thumb Code    10  fretinf.o(x$fpl$fretinf)
    _printf_fp_dec                           0x0801444f   Thumb Code     4  printf1.o(x$fpl$printf1)
    __I$use$fp                               0x08014452   Number         0  usenofp.o(x$fpl$usenofp)
    Region$$Table$$Base                      0x0801e744   Number         0  anon$$obj.o(Region$$Table)
    Region$$Table$$Limit                     0x0801e764   Number         0  anon$$obj.o(Region$$Table)
    __libspace_start                         0x20000a00   Data          96  libspace.o(.bss)
    __temporary_stack_top$libspace           0x20000a60   Data           0  libspace.o(.bss)



==============================================================================

Memory Map of the image

  Image Entry point : 0x08000189

  Load Region LR_IROM1 (Base: 0x08000000, Size: 0x0001f180, Max: 0x00100000, ABSOLUTE, COMPRESSED[0x0001eb68])

    Execution Region ER_IROM1 (Exec base: 0x08000000, Load base: 0x08000000, Size: 0x0001e780, Max: 0x00100000, ABSOLUTE)

    Exec Addr    Load Addr    Size         Type   Attr      Idx    E Section Name        Object

    0x08000000   0x08000000   0x00000188   Data   RO           29    RESET               startup_stm32f407xx.o
    0x08000188   0x08000188   0x00000008   Code   RO         1327  * !!!main             c_w.l(__main.o)
    0x08000190   0x08000190   0x0000005c   Code   RO         2239    !!!scatter          c_w.l(__scatter.o)
    0x080001ec   0x080001ec   0x0000005a   Code   RO         2237    !!dczerorl2         c_w.l(__dczerorl2.o)
    0x08000246   0x08000246   0x00000002   PAD
    0x08000248   0x08000248   0x00000002   Code   RO         2240    !!handler_null      c_w.l(__scatter.o)
    0x0800024a   0x0800024a   0x00000002   PAD
    0x0800024c   0x0800024c   0x0000001c   Code   RO         2243    !!handler_zi        c_w.l(__scatter_zi.o)
    0x08000268   0x08000268   0x00000000   Code   RO         1316    .ARM.Collect$$_printf_percent$$00000000  c_w.l(_printf_percent.o)
    0x08000268   0x08000268   0x00000006   Code   RO         1315    .ARM.Collect$$_printf_percent$$00000003  c_w.l(_printf_f.o)
    0x0800026e   0x0800026e   0x00000006   Code   RO         1314    .ARM.Collect$$_printf_percent$$00000009  c_w.l(_printf_d.o)
    0x08000274   0x08000274   0x00000006   Code   RO         1313    .ARM.Collect$$_printf_percent$$0000000C  c_w.l(_printf_x.o)
    0x0800027a   0x0800027a   0x00000004   Code   RO         1496    .ARM.Collect$$_printf_percent$$00000017  c_w.l(_printf_percent_end.o)
    0x0800027e   0x0800027e   0x00000002   Code   RO         1759    .ARM.Collect$$libinit$$00000000  c_w.l(libinit.o)
    0x08000280   0x08000280   0x00000004   Code   RO         1511    .ARM.Collect$$libinit$$00000001  c_w.l(libinit2.o)
    0x08000284   0x08000284   0x00000000   Code   RO         1514    .ARM.Collect$$libinit$$00000004  c_w.l(libinit2.o)
    0x08000284   0x08000284   0x00000000   Code   RO         1516    .ARM.Collect$$libinit$$00000006  c_w.l(libinit2.o)
    0x08000284   0x08000284   0x00000008   Code   RO         1517    .ARM.Collect$$libinit$$00000007  c_w.l(libinit2.o)
    0x0800028c   0x0800028c   0x00000000   Code   RO         1519    .ARM.Collect$$libinit$$0000000C  c_w.l(libinit2.o)
    0x0800028c   0x0800028c   0x00000000   Code   RO         1521    .ARM.Collect$$libinit$$0000000E  c_w.l(libinit2.o)
    0x0800028c   0x0800028c   0x00000000   Code   RO         1523    .ARM.Collect$$libinit$$00000010  c_w.l(libinit2.o)
    0x0800028c   0x0800028c   0x00000006   Code   RO         1524    .ARM.Collect$$libinit$$00000011  c_w.l(libinit2.o)
    0x08000292   0x08000292   0x00000000   Code   RO         1526    .ARM.Collect$$libinit$$00000013  c_w.l(libinit2.o)
    0x08000292   0x08000292   0x00000000   Code   RO         1528    .ARM.Collect$$libinit$$00000015  c_w.l(libinit2.o)
    0x08000292   0x08000292   0x00000000   Code   RO         1530    .ARM.Collect$$libinit$$00000017  c_w.l(libinit2.o)
    0x08000292   0x08000292   0x0000000a   Code   RO         1531    .ARM.Collect$$libinit$$00000018  c_w.l(libinit2.o)
    0x0800029c   0x0800029c   0x00000000   Code   RO         1532    .ARM.Collect$$libinit$$00000019  c_w.l(libinit2.o)
    0x0800029c   0x0800029c   0x00000000   Code   RO         1534    .ARM.Collect$$libinit$$0000001B  c_w.l(libinit2.o)
    0x0800029c   0x0800029c   0x00000000   Code   RO         1536    .ARM.Collect$$libinit$$0000001D  c_w.l(libinit2.o)
    0x0800029c   0x0800029c   0x00000000   Code   RO         1538    .ARM.Collect$$libinit$$0000001F  c_w.l(libinit2.o)
    0x0800029c   0x0800029c   0x00000000   Code   RO         1540    .ARM.Collect$$libinit$$00000021  c_w.l(libinit2.o)
    0x0800029c   0x0800029c   0x00000000   Code   RO         1542    .ARM.Collect$$libinit$$00000023  c_w.l(libinit2.o)
    0x0800029c   0x0800029c   0x00000000   Code   RO         1544    .ARM.Collect$$libinit$$00000025  c_w.l(libinit2.o)
    0x0800029c   0x0800029c   0x00000000   Code   RO         1546    .ARM.Collect$$libinit$$00000027  c_w.l(libinit2.o)
    0x0800029c   0x0800029c   0x00000000   Code   RO         1550    .ARM.Collect$$libinit$$0000002E  c_w.l(libinit2.o)
    0x0800029c   0x0800029c   0x00000000   Code   RO         1552    .ARM.Collect$$libinit$$00000030  c_w.l(libinit2.o)
    0x0800029c   0x0800029c   0x00000000   Code   RO         1554    .ARM.Collect$$libinit$$00000032  c_w.l(libinit2.o)
    0x0800029c   0x0800029c   0x00000000   Code   RO         1556    .ARM.Collect$$libinit$$00000034  c_w.l(libinit2.o)
    0x0800029c   0x0800029c   0x00000002   Code   RO         1557    .ARM.Collect$$libinit$$00000035  c_w.l(libinit2.o)
    0x0800029e   0x0800029e   0x00000002   Code   RO         1839    .ARM.Collect$$libshutdown$$00000000  c_w.l(libshutdown.o)
    0x080002a0   0x080002a0   0x00000000   Code   RO         1761    .ARM.Collect$$libshutdown$$00000002  c_w.l(libshutdown2.o)
    0x080002a0   0x080002a0   0x00000000   Code   RO         1763    .ARM.Collect$$libshutdown$$00000004  c_w.l(libshutdown2.o)
    0x080002a0   0x080002a0   0x00000000   Code   RO         1766    .ARM.Collect$$libshutdown$$00000007  c_w.l(libshutdown2.o)
    0x080002a0   0x080002a0   0x00000000   Code   RO         1769    .ARM.Collect$$libshutdown$$0000000A  c_w.l(libshutdown2.o)
    0x080002a0   0x080002a0   0x00000000   Code   RO         1771    .ARM.Collect$$libshutdown$$0000000C  c_w.l(libshutdown2.o)
    0x080002a0   0x080002a0   0x00000000   Code   RO         1774    .ARM.Collect$$libshutdown$$0000000F  c_w.l(libshutdown2.o)
    0x080002a0   0x080002a0   0x00000002   Code   RO         1775    .ARM.Collect$$libshutdown$$00000010  c_w.l(libshutdown2.o)
    0x080002a2   0x080002a2   0x00000000   Code   RO         1458    .ARM.Collect$$rtentry$$00000000  c_w.l(__rtentry.o)
    0x080002a2   0x080002a2   0x00000000   Code   RO         1606    .ARM.Collect$$rtentry$$00000002  c_w.l(__rtentry2.o)
    0x080002a2   0x080002a2   0x00000006   Code   RO         1618    .ARM.Collect$$rtentry$$00000004  c_w.l(__rtentry4.o)
    0x080002a8   0x080002a8   0x00000000   Code   RO         1608    .ARM.Collect$$rtentry$$00000009  c_w.l(__rtentry2.o)
    0x080002a8   0x080002a8   0x00000004   Code   RO         1609    .ARM.Collect$$rtentry$$0000000A  c_w.l(__rtentry2.o)
    0x080002ac   0x080002ac   0x00000000   Code   RO         1611    .ARM.Collect$$rtentry$$0000000C  c_w.l(__rtentry2.o)
    0x080002ac   0x080002ac   0x00000008   Code   RO         1612    .ARM.Collect$$rtentry$$0000000D  c_w.l(__rtentry2.o)
    0x080002b4   0x080002b4   0x00000002   Code   RO         1780    .ARM.Collect$$rtexit$$00000000  c_w.l(rtexit.o)
    0x080002b6   0x080002b6   0x00000000   Code   RO         1813    .ARM.Collect$$rtexit$$00000002  c_w.l(rtexit2.o)
    0x080002b6   0x080002b6   0x00000004   Code   RO         1814    .ARM.Collect$$rtexit$$00000003  c_w.l(rtexit2.o)
    0x080002ba   0x080002ba   0x00000006   Code   RO         1815    .ARM.Collect$$rtexit$$00000004  c_w.l(rtexit2.o)
    0x080002c0   0x080002c0   0x00000040   Code   RO           30    .text               startup_stm32f407xx.o
    0x08000300   0x08000300   0x0000005e   Code   RO         1196    .text               c_w.l(h1_alloc.o)
    0x0800035e   0x0800035e   0x0000004e   Code   RO         1198    .text               c_w.l(h1_free.o)
    0x080003ac   0x080003ac   0x0000002c   Code   RO         1260    .text               c_w.l(__2sprintf.o)
    0x080003d8   0x080003d8   0x0000004e   Code   RO         1268    .text               c_w.l(_printf_pad.o)
    0x08000426   0x08000426   0x00000002   PAD
    0x08000428   0x08000428   0x00000078   Code   RO         1270    .text               c_w.l(_printf_dec.o)
    0x080004a0   0x080004a0   0x00000058   Code   RO         1275    .text               c_w.l(_printf_hex_int.o)
    0x080004f8   0x080004f8   0x00000138   Code   RO         1305    .text               c_w.l(__printf_flags_wp.o)
    0x08000630   0x08000630   0x00000058   Code   RO         1319    .text               c_w.l(memcmp.o)
    0x08000688   0x08000688   0x00000064   Code   RO         1321    .text               c_w.l(rt_memcpy_w.o)
    0x080006ec   0x080006ec   0x0000004e   Code   RO         1323    .text               c_w.l(rt_memclr_w.o)
    0x0800073a   0x0800073a   0x00000006   Code   RO         1325    .text               c_w.l(heapauxi.o)
    0x08000740   0x08000740   0x00000008   Code   RO         1462    .text               c_w.l(rt_heap_descriptor_intlibspace.o)
    0x08000748   0x08000748   0x00000004   Code   RO         1464    .text               c_w.l(hguard.o)
    0x0800074c   0x0800074c   0x0000008a   Code   RO         1466    .text               c_w.l(init_alloc.o)
    0x080007d6   0x080007d6   0x0000000c   Code   RO         1470    .text               c_w.l(h1_init.o)
    0x080007e2   0x080007e2   0x00000016   Code   RO         1482    .text               c_w.l(_rserrno.o)
    0x080007f8   0x080007f8   0x000000b2   Code   RO         1484    .text               c_w.l(_printf_intcommon.o)
    0x080008aa   0x080008aa   0x0000041c   Code   RO         1486    .text               c_w.l(_printf_fp_dec.o)
    0x08000cc6   0x08000cc6   0x00000002   PAD
    0x08000cc8   0x08000cc8   0x00000030   Code   RO         1490    .text               c_w.l(_printf_char_common.o)
    0x08000cf8   0x08000cf8   0x0000000a   Code   RO         1492    .text               c_w.l(_sputc.o)
    0x08000d02   0x08000d02   0x00000002   PAD
    0x08000d04   0x08000d04   0x00000008   Code   RO         1602    .text               c_w.l(libspace.o)
    0x08000d0c   0x08000d0c   0x00000008   Code   RO         1623    .text               c_w.l(rt_locale_intlibspace.o)
    0x08000d14   0x08000d14   0x00000008   Code   RO         1628    .text               c_w.l(rt_errno_addr_intlibspace.o)
    0x08000d1c   0x08000d1c   0x00000000   Code   RO         1632    .text               c_w.l(maybetermalloc1.o)
    0x08000d1c   0x08000d1c   0x00000034   Code   RO         1634    .text               c_w.l(h1_extend.o)
    0x08000d50   0x08000d50   0x0000008a   Code   RO         1638    .text               c_w.l(lludiv10.o)
    0x08000dda   0x08000dda   0x00000002   PAD
    0x08000ddc   0x08000ddc   0x00000080   Code   RO         1640    .text               c_w.l(_printf_fp_infnan.o)
    0x08000e5c   0x08000e5c   0x000000e4   Code   RO         1644    .text               c_w.l(bigflt0.o)
    0x08000f40   0x08000f40   0x0000000e   Code   RO         1684    .text               c_w.l(defsig_rtmem_outer.o)
    0x08000f4e   0x08000f4e   0x00000002   Code   RO         1706    .text               c_w.l(use_no_semi.o)
    0x08000f50   0x08000f50   0x00000000   Code   RO         1708    .text               c_w.l(indicate_semi.o)
    0x08000f50   0x08000f50   0x0000004a   Code   RO         1709    .text               c_w.l(sys_stackheap_outer.o)
    0x08000f9a   0x08000f9a   0x00000012   Code   RO         1736    .text               c_w.l(exit.o)
    0x08000fac   0x08000fac   0x0000000a   Code   RO         1738    .text               c_w.l(defsig_exit.o)
    0x08000fb6   0x08000fb6   0x00000002   PAD
    0x08000fb8   0x08000fb8   0x00000050   Code   RO         1744    .text               c_w.l(defsig_rtmem_inner.o)
    0x08001008   0x08001008   0x0000007c   Code   RO         1748    .text               c_w.l(strcmpv7em.o)
    0x08001084   0x08001084   0x0000000c   Code   RO         1776    .text               c_w.l(sys_exit.o)
    0x08001090   0x08001090   0x00000032   Code   RO         1800    .text               c_w.l(defsig_general.o)
    0x080010c2   0x080010c2   0x0000000e   Code   RO         1808    .text               c_w.l(sys_wrch.o)
    0x080010d0   0x080010d0   0x0000035c   Code   RO         1871    .text.Buffer_DisplayStringAt  lto-llvm-bb8c71.o
    0x0800142c   0x0800142c   0x000000ea   Code   RO         1869    .text.Buffer_DrawLine  lto-llvm-bb8c71.o
    0x08001516   0x08001516   0x00000002   PAD
    0x08001518   0x08001518   0x0000035a   Code   RO         1867    .text.Buffer_FillRect  lto-llvm-bb8c71.o
    0x08001872   0x08001872   0x00000002   PAD
    0x08001874   0x08001874   0x00000016   Code   RO         1883    .text.Driver_SPICS  lto-llvm-bb8c71.o
    0x0800188a   0x0800188a   0x00000002   PAD
    0x0800188c   0x0800188c   0x00000020   Code   RO         1907    .text.EXTI0_IRQHandler  lto-llvm-bb8c71.o
    0x080018ac   0x080018ac   0x000001d0   Code   RO         1849    .text.LCD_Clear     lto-llvm-bb8c71.o
    0x08001a7c   0x08001a7c   0x000003a0   Code   RO         1851    .text.LCD_DisplayStringAt  lto-llvm-bb8c71.o
    0x08001e1c   0x08001e1c   0x00000378   Code   RO         1847    .text.LCD_DisplayStringLineCol  lto-llvm-bb8c71.o
    0x08002194   0x08002194   0x000037b0   Code   RO         1857    .text.LCD_DrawJPG   lto-llvm-bb8c71.o
    0x08005944   0x08005944   0x00000456   Code   RO         1853    .text.LCD_ReadRGBImage  lto-llvm-bb8c71.o
    0x08005d9a   0x08005d9a   0x00000002   PAD
    0x08005d9c   0x08005d9c   0x000000c0   Code   RO         1843    .text.SysTick_Handler  lto-llvm-bb8c71.o
    0x08005e5c   0x08005e5c   0x00000012   Code   RO         1841    .text.SystemInit    lto-llvm-bb8c71.o
    0x08005e6e   0x08005e6e   0x00000002   PAD
    0x08005e70   0x08005e70   0x000000e2   Code   RO         1889    .text.TS_GetState   lto-llvm-bb8c71.o
    0x08005f52   0x08005f52   0x00000002   PAD
    0x08005f54   0x08005f54   0x00000894   Code   RO         1885    .text.Touch_SPIRead  lto-llvm-bb8c71.o
    0x080067e8   0x080067e8   0x000004ae   Code   RO         1887    .text.Touch_SPIWrite  lto-llvm-bb8c71.o
    0x08006c96   0x08006c96   0x00000002   PAD
    0x08006c98   0x08006c98   0x00000c1c   Code   RO         1881    .text.aistuff       lto-llvm-bb8c71.o
    0x080078b4   0x080078b4   0x0000008c   Code   RO         1913    .text.buttonToBuffer  lto-llvm-bb8c71.o
    0x08007940   0x08007940   0x00000316   Code   RO         1865    .text.clearBuffer   lto-llvm-bb8c71.o
    0x08007c56   0x08007c56   0x00000002   PAD
    0x08007c58   0x08007c58   0x00000168   Code   RO         1877    .text.clearDrawing  lto-llvm-bb8c71.o
    0x08007dc0   0x08007dc0   0x0000030a   Code   RO         1863    .text.createBuffer  lto-llvm-bb8c71.o
    0x080080ca   0x080080ca   0x00000002   PAD
    0x080080cc   0x080080cc   0x00000030   Code   RO         1845    .text.delay_ms      lto-llvm-bb8c71.o
    0x080080fc   0x080080fc   0x000000dc   Code   RO         1919    .text.downButtonTrigger  lto-llvm-bb8c71.o
    0x080081d8   0x080081d8   0x000003e8   Code   RO         1861    .text.drawBuffer    lto-llvm-bb8c71.o
    0x080085c0   0x080085c0   0x00000d5e   Code   RO         1875    .text.drawShapeScreen  lto-llvm-bb8c71.o
    0x0800931e   0x0800931e   0x00000002   PAD
    0x08009320   0x08009320   0x0000029e   Code   RO         1939    .text.generateLevel1  lto-llvm-bb8c71.o
    0x080095be   0x080095be   0x00000002   PAD
    0x080095c0   0x080095c0   0x00000466   Code   RO         1937    .text.generateLevel2  lto-llvm-bb8c71.o
    0x08009a26   0x08009a26   0x00000002   PAD
    0x08009a28   0x08009a28   0x00000446   Code   RO         1935    .text.generateLevel3  lto-llvm-bb8c71.o
    0x08009e6e   0x08009e6e   0x00000002   PAD
    0x08009e70   0x08009e70   0x00000278   Code   RO         1925    .text.getCoordsFromRawMatrix  lto-llvm-bb8c71.o
    0x0800a0e8   0x0800a0e8   0x00000a86   Code   RO         1859    .text.huffext       lto-llvm-bb8c71.o
    0x0800ab6e   0x0800ab6e   0x00000002   PAD
    0x0800ab70   0x0800ab70   0x00000094   Code   RO         1855    .text.in_func       lto-llvm-bb8c71.o
    0x0800ac04   0x0800ac04   0x0000008a   Code   RO         1911    .text.initPlayer    lto-llvm-bb8c71.o
    0x0800ac8e   0x0800ac8e   0x00000002   PAD
    0x0800ac90   0x0800ac90   0x000000e8   Code   RO         1931    .text.layYRollLeft  lto-llvm-bb8c71.o
    0x0800ad78   0x0800ad78   0x000000f0   Code   RO         1933    .text.layYRollRight  lto-llvm-bb8c71.o
    0x0800ae68   0x0800ae68   0x000000e2   Code   RO         1921    .text.leftButtonTrigger  lto-llvm-bb8c71.o
    0x0800af4a   0x0800af4a   0x00000006   PAD
    0x0800af50   0x0800af50   0x000014f4   Code   RO         1873    .text.main          lto-llvm-bb8c71.o
    0x0800c444   0x0800c444   0x000008c0   Code   RO         1891    .text.matrix_mul    lto-llvm-bb8c71.o
    0x0800cd04   0x0800cd04   0x00000004   PAD
    0x0800cd08   0x0800cd08   0x00001fe0   Code   RO         1909    .text.play          lto-llvm-bb8c71.o
    0x0800ece8   0x0800ece8   0x000001e0   Code   RO         1905    .text.processProjectedMatrix  lto-llvm-bb8c71.o
    0x0800eec8   0x0800eec8   0x000000d0   Code   RO         1893    .text.projectMatrix  lto-llvm-bb8c71.o
    0x0800ef98   0x0800ef98   0x000009c8   Code   RO         1927    .text.projectPlayerRectToBuffer  lto-llvm-bb8c71.o
    0x0800f960   0x0800f960   0x0000029a   Code   RO         1915    .text.renderButtonImmediatelyLCD  lto-llvm-bb8c71.o
    0x0800fbfa   0x0800fbfa   0x00000002   PAD
    0x0800fbfc   0x0800fbfc   0x000000e0   Code   RO         1923    .text.rightButtonTrigger  lto-llvm-bb8c71.o
    0x0800fcdc   0x0800fcdc   0x000000ba   Code   RO         1899    .text.rotateMatrixAxisX  lto-llvm-bb8c71.o
    0x0800fd96   0x0800fd96   0x00000002   PAD
    0x0800fd98   0x0800fd98   0x000000aa   Code   RO         1901    .text.rotateMatrixAxisY  lto-llvm-bb8c71.o
    0x0800fe42   0x0800fe42   0x00000002   PAD
    0x0800fe44   0x0800fe44   0x000000b2   Code   RO         1903    .text.rotateMatrixAxisZ  lto-llvm-bb8c71.o
    0x0800fef6   0x0800fef6   0x00000002   PAD
    0x0800fef8   0x0800fef8   0x0000006a   Code   RO         1895    .text.scaleMatrix   lto-llvm-bb8c71.o
    0x0800ff62   0x0800ff62   0x00000006   PAD
    0x0800ff68   0x0800ff68   0x000000c0   Code   RO         1929    .text.standToLayUp  lto-llvm-bb8c71.o
    0x08010028   0x08010028   0x000000a8   Code   RO         1879    .text.toLevel       lto-llvm-bb8c71.o
    0x080100d0   0x080100d0   0x000000a6   Code   RO         1897    .text.translateMatrix  lto-llvm-bb8c71.o
    0x08010176   0x08010176   0x00000002   PAD
    0x08010178   0x08010178   0x000000d6   Code   RO         1917    .text.upButtonTrigger  lto-llvm-bb8c71.o
    0x0801024e   0x0801024e   0x0000003e   Code   RO         1647    CL$$btod_d2e        c_w.l(btod.o)
    0x0801028c   0x0801028c   0x00000046   Code   RO         1649    CL$$btod_d2e_denorm_low  c_w.l(btod.o)
    0x080102d2   0x080102d2   0x00000060   Code   RO         1648    CL$$btod_d2e_norm_op1  c_w.l(btod.o)
    0x08010332   0x08010332   0x00000002   PAD
    0x08010334   0x08010334   0x00000338   Code   RO         1657    CL$$btod_div_common  c_w.l(btod.o)
    0x0801066c   0x0801066c   0x000000dc   Code   RO         1654    CL$$btod_e2e        c_w.l(btod.o)
    0x08010748   0x08010748   0x0000002a   Code   RO         1651    CL$$btod_ediv       c_w.l(btod.o)
    0x08010772   0x08010772   0x0000002a   Code   RO         1650    CL$$btod_emul       c_w.l(btod.o)
    0x0801079c   0x0801079c   0x00000244   Code   RO         1656    CL$$btod_mult_common  c_w.l(btod.o)
    0x080109e0   0x080109e0   0x00000030   Code   RO         1697    i.__ARM_fpclassify  m_wm.l(fpclassify.o)
    0x08010a10   0x08010a10   0x00000026   Code   RO         1573    i.__ARM_fpclassifyf  m_wm.l(fpclassifyf.o)
    0x08010a36   0x08010a36   0x00000002   PAD
    0x08010a38   0x08010a38   0x00000134   Code   RO          579    i.__ai_math_dot_array  NetworkRuntime1010_CM4_Keil.lib(lite_dense_if32.o)
    0x08010b6c   0x08010b6c   0x00000004   PAD
    0x08010b70   0x08010b70   0x000000c8   Code   RO         2169    i.__hardfp_cos      m_wm.l(cos.o)
    0x08010c38   0x08010c38   0x000001ec   Code   RO         1395    i.__hardfp_expf     m_wm.l(expf.o)
    0x08010e24   0x08010e24   0x00000004   PAD
    0x08010e28   0x08010e28   0x000000c8   Code   RO         2175    i.__hardfp_sin      m_wm.l(sin.o)
    0x08010ef0   0x08010ef0   0x00000080   Code   RO         2181    i.__hardfp_tan      m_wm.l(tan.o)
    0x08010f70   0x08010f70   0x00000438   Code   RO         2212    i.__ieee754_rem_pio2  m_wm.l(rred.o)
    0x080113a8   0x080113a8   0x00000170   Code   RO         2195    i.__kernel_cos      m_wm.l(cos_i.o)
    0x08011518   0x08011518   0x000000f8   Code   RO         2233    i.__kernel_poly     m_wm.l(poly.o)
    0x08011610   0x08011610   0x00000130   Code   RO         2217    i.__kernel_sin      m_wm.l(sin_i.o)
    0x08011740   0x08011740   0x00000350   Code   RO         2220    i.__kernel_tan      m_wm.l(tan_i.o)
    0x08011a90   0x08011a90   0x00000014   Code   RO         2199    i.__mathlib_dbl_infnan  m_wm.l(dunder.o)
    0x08011aa4   0x08011aa4   0x00000004   PAD
    0x08011aa8   0x08011aa8   0x00000020   Code   RO         2201    i.__mathlib_dbl_invalid  m_wm.l(dunder.o)
    0x08011ac8   0x08011ac8   0x00000020   Code   RO         2204    i.__mathlib_dbl_underflow  m_wm.l(dunder.o)
    0x08011ae8   0x08011ae8   0x00000006   Code   RO         1576    i.__mathlib_flt_infnan  m_wm.l(funder.o)
    0x08011aee   0x08011aee   0x00000002   PAD
    0x08011af0   0x08011af0   0x00000010   Code   RO         1579    i.__mathlib_flt_overflow  m_wm.l(funder.o)
    0x08011b00   0x08011b00   0x00000010   Code   RO         1581    i.__mathlib_flt_underflow  m_wm.l(funder.o)
    0x08011b10   0x08011b10   0x00000012   Code   RO          505    i._ai_forward_layer  NetworkRuntime1010_CM4_Keil.lib(layers.o)
    0x08011b22   0x08011b22   0x00000002   PAD
    0x08011b24   0x08011b24   0x000000e0   Code   RO           54    i._ai_platform_get_io_buffers_info  NetworkRuntime1010_CM4_Keil.lib(ai_platform_interface.o)
    0x08011c04   0x08011c04   0x00000078   Code   RO          533    i._final_pooling_buffer_reorder  NetworkRuntime1010_CM4_Keil.lib(forward_lite_conv2d_if32of32wf32.o)
    0x08011c7c   0x08011c7c   0x00000038   Code   RO          165    i._forward_lite_nl_relu_thresholded_if32of32  NetworkRuntime1010_CM4_Keil.lib(layers_nl_generic_float.o)
    0x08011cb4   0x08011cb4   0x00000020   Code   RO          446    i._get_lut_size     NetworkRuntime1010_CM4_Keil.lib(ai_datatypes_format.o)
    0x08011cd4   0x08011cd4   0x0000000e   Code   RO         1303    i._is_digit         c_w.l(__printf_wp.o)
    0x08011ce2   0x08011ce2   0x00000002   PAD
    0x08011ce4   0x08011ce4   0x0000012c   Code   RO          580    i._lite_dict4_dot_array_f32  NetworkRuntime1010_CM4_Keil.lib(lite_dense_if32.o)
    0x08011e10   0x08011e10   0x000000e8   Code   RO          581    i._lite_dict8_dot_array_f32  NetworkRuntime1010_CM4_Keil.lib(lite_dense_if32.o)
    0x08011ef8   0x08011ef8   0x0000004c   Code   RO           55    i._platform_ai_buffer_array_copy  NetworkRuntime1010_CM4_Keil.lib(ai_platform_interface.o)
    0x08011f44   0x08011f44   0x00000050   Code   RO           56    i._platform_get_table_map_from_buffer  NetworkRuntime1010_CM4_Keil.lib(ai_platform_interface.o)
    0x08011f94   0x08011f94   0x00000044   Code   RO           57    i._platform_get_table_map_from_buffer_array  NetworkRuntime1010_CM4_Keil.lib(ai_platform_interface.o)
    0x08011fd8   0x08011fd8   0x00000014   Code   RO           58    i._platform_network_buffers_signature_valid  NetworkRuntime1010_CM4_Keil.lib(ai_platform_interface.o)
    0x08011fec   0x08011fec   0x00000210   Code   RO           59    i._platform_network_io_bind  NetworkRuntime1010_CM4_Keil.lib(ai_platform_interface.o)
    0x080121fc   0x080121fc   0x0000003e   Code   RO           60    i._platform_network_state_setup  NetworkRuntime1010_CM4_Keil.lib(ai_platform_interface.o)
    0x0801223a   0x0801223a   0x00000068   Code   RO           61    i._platform_network_state_update_input  NetworkRuntime1010_CM4_Keil.lib(ai_platform_interface.o)
    0x080122a2   0x080122a2   0x0000007c   Code   RO           62    i._platform_network_state_update_output  NetworkRuntime1010_CM4_Keil.lib(ai_platform_interface.o)
    0x0801231e   0x0801231e   0x00000028   Code   RO          451    i.ai_array_get_byte_size  NetworkRuntime1010_CM4_Keil.lib(ai_datatypes_format.o)
    0x08012346   0x08012346   0x0000001e   Code   RO          452    i.ai_array_get_data_byte_size  NetworkRuntime1010_CM4_Keil.lib(ai_datatypes_format.o)
    0x08012364   0x08012364   0x0000012c   Code   RO          454    i.ai_array_to_buffer_fmt  NetworkRuntime1010_CM4_Keil.lib(ai_datatypes_format.o)
    0x08012490   0x08012490   0x00000024   Code   RO           40    i.ai_buffer_array_item_set_address  NetworkRuntime1010_CM4_Keil.lib(ai_platform.o)
    0x080124b4   0x080124b4   0x00000012   Code   RO           41    i.ai_buffer_array_sane  NetworkRuntime1010_CM4_Keil.lib(ai_platform.o)
    0x080124c6   0x080124c6   0x00000002   PAD
    0x080124c8   0x080124c8   0x00000068   Code   RO           43    i.ai_buffer_get_size  NetworkRuntime1010_CM4_Keil.lib(ai_platform.o)
    0x08012530   0x08012530   0x0000002c   Code   RO          507    i.ai_check_custom_types  NetworkRuntime1010_CM4_Keil.lib(layers.o)
    0x0801255c   0x0801255c   0x00000036   Code   RO          510    i.ai_layers_destroy_all  NetworkRuntime1010_CM4_Keil.lib(layers.o)
    0x08012592   0x08012592   0x00000050   Code   RO          511    i.ai_layers_forward_all  NetworkRuntime1010_CM4_Keil.lib(layers.o)
    0x080125e2   0x080125e2   0x0000001e   Code   RO          512    i.ai_layers_init_all  NetworkRuntime1010_CM4_Keil.lib(layers.o)
    0x08012600   0x08012600   0x00000036   Code   RO          513    i.ai_layers_post_init_all  NetworkRuntime1010_CM4_Keil.lib(layers.o)
    0x08012636   0x08012636   0x00000002   PAD
    0x08012638   0x08012638   0x0000002c   Code   RO           66    i.ai_platform_bind_network_params  NetworkRuntime1010_CM4_Keil.lib(ai_platform_interface.o)
    0x08012664   0x08012664   0x00000014   Code   RO           67    i.ai_platform_context_acquire  NetworkRuntime1010_CM4_Keil.lib(ai_platform_interface.o)
    0x08012678   0x08012678   0x0000002c   Code   RO           69    i.ai_platform_get_activations_map  NetworkRuntime1010_CM4_Keil.lib(ai_platform_interface.o)
    0x080126a4   0x080126a4   0x00000028   Code   RO           70    i.ai_platform_get_weights_map  NetworkRuntime1010_CM4_Keil.lib(ai_platform_interface.o)
    0x080126cc   0x080126cc   0x00000042   Code   RO           71    i.ai_platform_inputs_get  NetworkRuntime1010_CM4_Keil.lib(ai_platform_interface.o)
    0x0801270e   0x0801270e   0x00000002   PAD
    0x08012710   0x08012710   0x0000009c   Code   RO           73    i.ai_platform_network_create  NetworkRuntime1010_CM4_Keil.lib(ai_platform_interface.o)
    0x080127ac   0x080127ac   0x00000024   Code   RO           74    i.ai_platform_network_destroy  NetworkRuntime1010_CM4_Keil.lib(ai_platform_interface.o)
    0x080127d0   0x080127d0   0x00000118   Code   RO           76    i.ai_platform_network_init  NetworkRuntime1010_CM4_Keil.lib(ai_platform_interface.o)
    0x080128e8   0x080128e8   0x00000050   Code   RO           77    i.ai_platform_network_post_init  NetworkRuntime1010_CM4_Keil.lib(ai_platform_interface.o)
    0x08012938   0x08012938   0x00000054   Code   RO           78    i.ai_platform_network_process  NetworkRuntime1010_CM4_Keil.lib(ai_platform_interface.o)
    0x0801298c   0x0801298c   0x0000000c   Code   RO           79    i.ai_platform_network_set_error  NetworkRuntime1010_CM4_Keil.lib(ai_platform_interface.o)
    0x08012998   0x08012998   0x00000048   Code   RO           85    i.ai_platform_outputs_get  NetworkRuntime1010_CM4_Keil.lib(ai_platform_interface.o)
    0x080129e0   0x080129e0   0x0000001a   Code   RO          166    i.ai_shape_get_size  NetworkRuntime1010_CM4_Keil.lib(layers_nl_generic_float.o)
    0x080129fa   0x080129fa   0x0000000c   Code   RO          476    i.ai_version_get    NetworkRuntime1010_CM4_Keil.lib(ai_datatypes_internal.o)
    0x08012a06   0x08012a06   0x00000004   Code   RO          487    i.core_init         NetworkRuntime1010_CM4_Keil.lib(core_common.o)
    0x08012a0a   0x08012a0a   0x00000010   Code   RO          129    i.core_nl_get_params_byte_size  NetworkRuntime1010_CM4_Keil.lib(layers_conv2d_generic_float.o)
    0x08012a1a   0x08012a1a   0x00000012   Code   RO          130    i.core_nl_get_params_ptr  NetworkRuntime1010_CM4_Keil.lib(layers_conv2d_generic_float.o)
    0x08012a2c   0x08012a2c   0x00000010   Code   RO          131    i.core_nl_get_params_stride  NetworkRuntime1010_CM4_Keil.lib(layers_conv2d_generic_float.o)
    0x08012a3c   0x08012a3c   0x0000001a   Code   RO          488    i.core_set_error    NetworkRuntime1010_CM4_Keil.lib(core_common.o)
    0x08012a56   0x08012a56   0x00000018   Code   RO         2229    i.fabs              m_wm.l(fabs.o)
    0x08012a6e   0x08012a6e   0x000002ac   Code   RO          135    i.forward_conv2d_if32of32wf32_nl_pool  NetworkRuntime1010_CM4_Keil.lib(layers_conv2d_generic_float.o)
    0x08012d1a   0x08012d1a   0x00000002   PAD
    0x08012d1c   0x08012d1c   0x00000148   Code   RO          136    i.forward_dense     NetworkRuntime1010_CM4_Keil.lib(layers_conv2d_generic_float.o)
    0x08012e64   0x08012e64   0x00000284   Code   RO          537    i.forward_lite_conv2d_if32of32wf32_pool  NetworkRuntime1010_CM4_Keil.lib(forward_lite_conv2d_if32of32wf32.o)
    0x080130e8   0x080130e8   0x00000098   Code   RO          582    i.forward_lite_dense_if32of32wf32  NetworkRuntime1010_CM4_Keil.lib(lite_dense_if32.o)
    0x08013180   0x08013180   0x000000ac   Code   RO          583    i.forward_lite_dense_if32of32wf32_lut4  NetworkRuntime1010_CM4_Keil.lib(lite_dense_if32.o)
    0x0801322c   0x0801322c   0x000000ac   Code   RO          584    i.forward_lite_dense_if32of32wf32_lut8  NetworkRuntime1010_CM4_Keil.lib(lite_dense_if32.o)
    0x080132d8   0x080132d8   0x000000ac   Code   RO          570    i.forward_lite_nl_relu_generic_if32of32_kernel  NetworkRuntime1010_CM4_Keil.lib(lite_nl_relu_if32of32.o)
    0x08013384   0x08013384   0x00000034   Code   RO          382    i.forward_lite_nl_relu_if32of32  NetworkRuntime1010_CM4_Keil.lib(lite_nl_generic_float.o)
    0x080133b8   0x080133b8   0x00000056   Code   RO          393    i.forward_lite_nl_softmax_if32of32  NetworkRuntime1010_CM4_Keil.lib(lite_nl_generic_float.o)
    0x0801340e   0x0801340e   0x00000002   PAD
    0x08013410   0x08013410   0x000000a4   Code   RO          559    i.forward_lite_nl_softmax_if32of32_kernel  NetworkRuntime1010_CM4_Keil.lib(lite_nl_softmax_if32of32.o)
    0x080134b4   0x080134b4   0x000000d0   Code   RO          192    i.forward_relu      NetworkRuntime1010_CM4_Keil.lib(layers_nl_generic_float.o)
    0x08013584   0x08013584   0x0000008c   Code   RO          201    i.forward_sm        NetworkRuntime1010_CM4_Keil.lib(layers_nl_generic_float.o)
    0x08013610   0x08013610   0x00000182   Code   RO          542    i.fw_lite_conv2d_kernel_simple_opt_f32  NetworkRuntime1010_CM4_Keil.lib(forward_lite_conv2d_if32of32wf32.o)
    0x08013792   0x08013792   0x00000002   PAD
    0x08013794   0x08013794   0x00000028   Code   RO          477    i.get_tensor_byte_size  NetworkRuntime1010_CM4_Keil.lib(ai_datatypes_internal.o)
    0x080137bc   0x080137bc   0x000001a8   Code   RO          351    i.pool_func_mp_array_f32  NetworkRuntime1010_CM4_Keil.lib(forward_lite_pool_f32.o)
    0x08013964   0x08013964   0x00000090   Code   RO         1137    i.st_int8_copy      NetworkRuntime1010_CM4_Keil.lib(st_int8_fill.o)
    0x080139f4   0x080139f4   0x0000002c   Code   RO         1682    locale$$code        c_w.l(lc_numeric_c.o)
    0x08013a20   0x08013a20   0x00000018   Code   RO         2187    x$fpl$basic         fz_wm.l(basic.o)
    0x08013a38   0x08013a38   0x00000062   Code   RO         2147    x$fpl$d2f           fz_wm.l(d2f.o)
    0x08013a9a   0x08013a9a   0x00000002   PAD
    0x08013a9c   0x08013a9c   0x00000150   Code   RO         2149    x$fpl$dadd          fz_wm.l(daddsub_clz.o)
    0x08013bec   0x08013bec   0x000002b8   Code   RO         2156    x$fpl$ddiv          fz_wm.l(ddiv.o)
    0x08013ea4   0x08013ea4   0x0000005e   Code   RO         2223    x$fpl$dfix          fz_wm.l(dfix.o)
    0x08013f02   0x08013f02   0x0000002e   Code   RO         2160    x$fpl$dflt          fz_wm.l(dflt_clz.o)
    0x08013f30   0x08013f30   0x00000026   Code   RO         2159    x$fpl$dfltu         fz_wm.l(dflt_clz.o)
    0x08013f56   0x08013f56   0x00000002   PAD
    0x08013f58   0x08013f58   0x00000154   Code   RO         2165    x$fpl$dmul          fz_wm.l(dmul.o)
    0x080140ac   0x080140ac   0x0000009c   Code   RO         2189    x$fpl$dnaninf       fz_wm.l(dnaninf.o)
    0x08014148   0x08014148   0x0000000c   Code   RO         2191    x$fpl$dretinf       fz_wm.l(dretinf.o)
    0x08014154   0x08014154   0x00000016   Code   RO         2150    x$fpl$drsb          fz_wm.l(daddsub_clz.o)
    0x0801416a   0x0801416a   0x00000002   PAD
    0x0801416c   0x0801416c   0x000001dc   Code   RO         2151    x$fpl$dsub          fz_wm.l(daddsub_clz.o)
    0x08014348   0x08014348   0x00000056   Code   RO         2167    x$fpl$f2d           fz_wm.l(f2d.o)
    0x0801439e   0x0801439e   0x0000008c   Code   RO         1558    x$fpl$fnaninf       fz_wm.l(fnaninf.o)
    0x0801442a   0x0801442a   0x0000001a   Code   RO         1695    x$fpl$fpinit        fz_wm.l(fpinit.o)
    0x08014444   0x08014444   0x0000000a   Code   RO         2193    x$fpl$fretinf       fz_wm.l(fretinf.o)
    0x0801444e   0x0801444e   0x00000004   Code   RO         1333    x$fpl$printf1       fz_wm.l(printf1.o)
    0x08014452   0x08014452   0x00000000   Code   RO         1566    x$fpl$usenofp       fz_wm.l(usenofp.o)
    0x08014452   0x08014452   0x00000002   PAD
    0x08014454   0x08014454   0x00000068   Data   RO           88    .constdata          NetworkRuntime1010_CM4_Keil.lib(ai_platform_interface.o)
    0x080144bc   0x080144bc   0x00000028   Data   RO         1276    .constdata          c_w.l(_printf_hex_int.o)
    0x080144e4   0x080144e4   0x00000011   Data   RO         1306    .constdata          c_w.l(__printf_flags_wp.o)
    0x080144f5   0x080144f5   0x00000003   PAD
    0x080144f8   0x080144f8   0x00000030   Data   RO         1398    .constdata          m_wm.l(expf.o)
    0x08014528   0x08014528   0x00000094   Data   RO         1645    .constdata          c_w.l(bigflt0.o)
    0x080145bc   0x080145bc   0x00000004   PAD
    0x080145c0   0x080145c0   0x00000030   Data   RO         2196    .constdata          m_wm.l(cos_i.o)
    0x080145f0   0x080145f0   0x000000cc   Data   RO         2214    .constdata          m_wm.l(rred.o)
    0x080146bc   0x080146bc   0x00000004   PAD
    0x080146c0   0x080146c0   0x00000028   Data   RO         2218    .constdata          m_wm.l(sin_i.o)
    0x080146e8   0x080146e8   0x00000060   Data   RO         2221    .constdata          m_wm.l(tan_i.o)
    0x08014748   0x08014748   0x00000008   Data   RO         2137    .rodata..L__const.ai_digit_cnn_data_params_get.map_activations  lto-llvm-bb8c71.o
    0x08014750   0x08014750   0x00000008   Data   RO         2138    .rodata..L__const.ai_digit_cnn_data_params_get.map_weights  lto-llvm-bb8c71.o
    0x08014758   0x08014758   0x0000010e   Data   RO         1985    .rodata..L__const.generateLevel1.temp  lto-llvm-bb8c71.o
    0x08014866   0x08014866   0x0000010e   Data   RO         1984    .rodata..L__const.generateLevel2.temp  lto-llvm-bb8c71.o
    0x08014974   0x08014974   0x0000010e   Data   RO         1983    .rodata..L__const.generateLevel3.temp  lto-llvm-bb8c71.o
    0x08014a82   0x08014a82   0x00000400   Data   RO         1964    .rodata.Clip8       lto-llvm-bb8c71.o
    0x08014e82   0x08014e82   0x00000474   Data   RO         1947    .rodata.Font12_Table  lto-llvm-bb8c71.o
    0x080152f6   0x080152f6   0x00000be0   Data   RO         1948    .rodata.Font16_Table  lto-llvm-bb8c71.o
    0x08015ed6   0x08015ed6   0x00000ed8   Data   RO         1949    .rodata.Font20_Table  lto-llvm-bb8c71.o
    0x08016dae   0x08016dae   0x00000080   Data   RO         1963    .rodata.Ipsf        lto-llvm-bb8c71.o
    0x08016e2e   0x08016e2e   0x00000040   Data   RO         1962    .rodata.Zig         lto-llvm-bb8c71.o
    0x08016e6e   0x08016e6e   0x00000002   PAD
    0x08016e70   0x08016e70   0x00000008   Data   RO         2014    .rodata.conv2d_0_chain  lto-llvm-bb8c71.o
    0x08016e78   0x08016e78   0x00000008   Data   RO         2019    .rodata.conv2d_2_chain  lto-llvm-bb8c71.o
    0x08016e80   0x08016e80   0x00000008   Data   RO         2024    .rodata.gemm_5_chain  lto-llvm-bb8c71.o
    0x08016e88   0x08016e88   0x00000008   Data   RO         2028    .rodata.gemm_6_chain  lto-llvm-bb8c71.o
    0x08016e90   0x08016e90   0x00000008   Data   RO         2026    .rodata.nl_5_nl_chain  lto-llvm-bb8c71.o
    0x08016e98   0x08016e98   0x00000008   Data   RO         2029    .rodata.nl_7_chain  lto-llvm-bb8c71.o
    0x08016ea0   0x08016ea0   0x00007890   Data   RO         2139    .rodata.s_digit_cnn_weights_array_u64  lto-llvm-bb8c71.o
    0x0801e730   0x0801e730   0x00000014   Data   RO         1976    .rodata.str1.1      lto-llvm-bb8c71.o
    0x0801e744   0x0801e744   0x00000020   Data   RO         2236    Region$$Table       anon$$obj.o
    0x0801e764   0x0801e764   0x0000001c   Data   RO         1681    locale$$data        c_w.l(lc_numeric_c.o)


    Execution Region RW_IRAM1 (Exec base: 0x20000000, Load base: 0x0801e780, Size: 0x0001ffa0, Max: 0x00020000, ABSOLUTE, COMPRESSED[0x000003e8])

    Exec Addr    Load Addr    Size         Type   Attr      Idx    E Section Name        Object

    0x20000000   COMPRESSED   0x00000010   Data   RW         1990    .data..compoundliteral  lto-llvm-bb8c71.o
    0x20000010   COMPRESSED   0x00000010   Data   RW         2135    .data..compoundliteral.1  lto-llvm-bb8c71.o
    0x20000020   COMPRESSED   0x00000004   Data   RW         2111    .data..compoundliteral.100  lto-llvm-bb8c71.o
    0x20000024   COMPRESSED   0x0000000c   Data   RW         2112    .data..compoundliteral.101  lto-llvm-bb8c71.o
    0x20000030   COMPRESSED   0x00000008   Data   RW         2113    .data..compoundliteral.102  lto-llvm-bb8c71.o
    0x20000038   COMPRESSED   0x00000030   Data   RW         2114    .data..compoundliteral.103  lto-llvm-bb8c71.o
    0x20000068   COMPRESSED   0x00000010   Data   RW         2115    .data..compoundliteral.104  lto-llvm-bb8c71.o
    0x20000078   COMPRESSED   0x00000010   Data   RW         2116    .data..compoundliteral.105  lto-llvm-bb8c71.o
    0x20000088   COMPRESSED   0x00000010   Data   RW         2119    .data..compoundliteral.107  lto-llvm-bb8c71.o
    0x20000098   COMPRESSED   0x00000010   Data   RW         2120    .data..compoundliteral.108  lto-llvm-bb8c71.o
    0x200000a8   COMPRESSED   0x00000010   Data   RW         2123    .data..compoundliteral.110  lto-llvm-bb8c71.o
    0x200000b8   COMPRESSED   0x00000010   Data   RW         2124    .data..compoundliteral.111  lto-llvm-bb8c71.o
    0x200000c8   COMPRESSED   0x00000010   Data   RW         2127    .data..compoundliteral.113  lto-llvm-bb8c71.o
    0x200000d8   COMPRESSED   0x00000010   Data   RW         2128    .data..compoundliteral.114  lto-llvm-bb8c71.o
    0x200000e8   COMPRESSED   0x00000010   Data   RW         2133    .data..compoundliteral.119  lto-llvm-bb8c71.o
    0x200000f8   COMPRESSED   0x0000000c   Data   RW         1998    .data..compoundliteral.12  lto-llvm-bb8c71.o
    0x20000104   COMPRESSED   0x00000004   Data   RW         1999    .data..compoundliteral.13  lto-llvm-bb8c71.o
    0x20000108   COMPRESSED   0x0000000c   Data   RW         2003    .data..compoundliteral.17  lto-llvm-bb8c71.o
    0x20000114   COMPRESSED   0x00000018   Data   RW         2004    .data..compoundliteral.18  lto-llvm-bb8c71.o
    0x2000012c   COMPRESSED   0x00000010   Data   RW         2006    .data..compoundliteral.20  lto-llvm-bb8c71.o
    0x2000013c   COMPRESSED   0x00000010   Data   RW         2007    .data..compoundliteral.21  lto-llvm-bb8c71.o
    0x2000014c   COMPRESSED   0x00000010   Data   RW         2010    .data..compoundliteral.23  lto-llvm-bb8c71.o
    0x2000015c   COMPRESSED   0x00000010   Data   RW         2011    .data..compoundliteral.24  lto-llvm-bb8c71.o
    0x2000016c   COMPRESSED   0x00000004   Data   RW         2030    .data..compoundliteral.32  lto-llvm-bb8c71.o
    0x20000170   COMPRESSED   0x00000004   Data   RW         2031    .data..compoundliteral.33  lto-llvm-bb8c71.o
    0x20000174   COMPRESSED   0x00000030   Data   RW         2034    .data..compoundliteral.36  lto-llvm-bb8c71.o
    0x200001a4   COMPRESSED   0x00000010   Data   RW         2035    .data..compoundliteral.37  lto-llvm-bb8c71.o
    0x200001b4   COMPRESSED   0x00000010   Data   RW         2036    .data..compoundliteral.38  lto-llvm-bb8c71.o
    0x200001c4   COMPRESSED   0x00000004   Data   RW         2039    .data..compoundliteral.40  lto-llvm-bb8c71.o
    0x200001c8   COMPRESSED   0x00000004   Data   RW         2040    .data..compoundliteral.41  lto-llvm-bb8c71.o
    0x200001cc   COMPRESSED   0x00000008   Data   RW         2041    .data..compoundliteral.42  lto-llvm-bb8c71.o
    0x200001d4   COMPRESSED   0x00000030   Data   RW         2043    .data..compoundliteral.44  lto-llvm-bb8c71.o
    0x20000204   COMPRESSED   0x00000010   Data   RW         2044    .data..compoundliteral.45  lto-llvm-bb8c71.o
    0x20000214   COMPRESSED   0x00000010   Data   RW         2045    .data..compoundliteral.46  lto-llvm-bb8c71.o
    0x20000224   COMPRESSED   0x00000010   Data   RW         2048    .data..compoundliteral.48  lto-llvm-bb8c71.o
    0x20000234   COMPRESSED   0x00000010   Data   RW         2049    .data..compoundliteral.49  lto-llvm-bb8c71.o
    0x20000244   COMPRESSED   0x0000001c   Data   RW         1991    .data..compoundliteral.5  lto-llvm-bb8c71.o
    0x20000260   COMPRESSED   0x00000010   Data   RW         2052    .data..compoundliteral.51  lto-llvm-bb8c71.o
    0x20000270   COMPRESSED   0x00000010   Data   RW         2053    .data..compoundliteral.52  lto-llvm-bb8c71.o
    0x20000280   COMPRESSED   0x00000004   Data   RW         2056    .data..compoundliteral.54  lto-llvm-bb8c71.o
    0x20000284   COMPRESSED   0x00000004   Data   RW         2057    .data..compoundliteral.55  lto-llvm-bb8c71.o
    0x20000288   COMPRESSED   0x00000030   Data   RW         2060    .data..compoundliteral.58  lto-llvm-bb8c71.o
    0x200002b8   COMPRESSED   0x00000010   Data   RW         2061    .data..compoundliteral.59  lto-llvm-bb8c71.o
    0x200002c8   COMPRESSED   0x00000010   Data   RW         1992    .data..compoundliteral.6  lto-llvm-bb8c71.o
    0x200002d8   COMPRESSED   0x00000010   Data   RW         2062    .data..compoundliteral.60  lto-llvm-bb8c71.o
    0x200002e8   COMPRESSED   0x00000004   Data   RW         2065    .data..compoundliteral.62  lto-llvm-bb8c71.o
    0x200002ec   COMPRESSED   0x00000004   Data   RW         2066    .data..compoundliteral.63  lto-llvm-bb8c71.o
    0x200002f0   COMPRESSED   0x00000008   Data   RW         2067    .data..compoundliteral.64  lto-llvm-bb8c71.o
    0x200002f8   COMPRESSED   0x00000030   Data   RW         2069    .data..compoundliteral.66  lto-llvm-bb8c71.o
    0x20000328   COMPRESSED   0x00000010   Data   RW         2070    .data..compoundliteral.67  lto-llvm-bb8c71.o
    0x20000338   COMPRESSED   0x00000010   Data   RW         2071    .data..compoundliteral.68  lto-llvm-bb8c71.o
    0x20000348   COMPRESSED   0x0000001c   Data   RW         1993    .data..compoundliteral.7  lto-llvm-bb8c71.o
    0x20000364   COMPRESSED   0x00000010   Data   RW         2074    .data..compoundliteral.70  lto-llvm-bb8c71.o
    0x20000374   COMPRESSED   0x00000010   Data   RW         2075    .data..compoundliteral.71  lto-llvm-bb8c71.o
    0x20000384   COMPRESSED   0x00000010   Data   RW         2078    .data..compoundliteral.73  lto-llvm-bb8c71.o
    0x20000394   COMPRESSED   0x00000010   Data   RW         2079    .data..compoundliteral.74  lto-llvm-bb8c71.o
    0x200003a4   COMPRESSED   0x00000004   Data   RW         2082    .data..compoundliteral.76  lto-llvm-bb8c71.o
    0x200003a8   COMPRESSED   0x00000004   Data   RW         2083    .data..compoundliteral.77  lto-llvm-bb8c71.o
    0x200003ac   COMPRESSED   0x0000000c   Data   RW         2084    .data..compoundliteral.78  lto-llvm-bb8c71.o
    0x200003b8   COMPRESSED   0x00000008   Data   RW         2085    .data..compoundliteral.79  lto-llvm-bb8c71.o
    0x200003c0   COMPRESSED   0x00000004   Data   RW         1994    .data..compoundliteral.8  lto-llvm-bb8c71.o
    0x200003c4   COMPRESSED   0x00000030   Data   RW         2086    .data..compoundliteral.80  lto-llvm-bb8c71.o
    0x200003f4   COMPRESSED   0x00000010   Data   RW         2087    .data..compoundliteral.81  lto-llvm-bb8c71.o
    0x20000404   COMPRESSED   0x00000010   Data   RW         2088    .data..compoundliteral.82  lto-llvm-bb8c71.o
    0x20000414   COMPRESSED   0x00000010   Data   RW         2091    .data..compoundliteral.84  lto-llvm-bb8c71.o
    0x20000424   COMPRESSED   0x00000010   Data   RW         2092    .data..compoundliteral.85  lto-llvm-bb8c71.o
    0x20000434   COMPRESSED   0x00000010   Data   RW         2094    .data..compoundliteral.87  lto-llvm-bb8c71.o
    0x20000444   COMPRESSED   0x00000010   Data   RW         2095    .data..compoundliteral.88  lto-llvm-bb8c71.o
    0x20000454   COMPRESSED   0x00000010   Data   RW         2098    .data..compoundliteral.90  lto-llvm-bb8c71.o
    0x20000464   COMPRESSED   0x00000010   Data   RW         2099    .data..compoundliteral.91  lto-llvm-bb8c71.o
    0x20000474   COMPRESSED   0x00000010   Data   RW         2102    .data..compoundliteral.93  lto-llvm-bb8c71.o
    0x20000484   COMPRESSED   0x00000010   Data   RW         2103    .data..compoundliteral.94  lto-llvm-bb8c71.o
    0x20000494   COMPRESSED   0x00000010   Data   RW         2106    .data..compoundliteral.96  lto-llvm-bb8c71.o
    0x200004a4   COMPRESSED   0x00000010   Data   RW         2107    .data..compoundliteral.97  lto-llvm-bb8c71.o
    0x200004b4   COMPRESSED   0x00000004   Data   RW         2110    .data..compoundliteral.99  lto-llvm-bb8c71.o
    0x200004b8   COMPRESSED   0x00000002   Data   RW         1952    .data.DrawProp.0    lto-llvm-bb8c71.o
    0x200004ba   COMPRESSED   0x00000002   PAD
    0x200004bc   COMPRESSED   0x00000004   Data   RW         1954    .data.DrawProp.2    lto-llvm-bb8c71.o
    0x200004c0   COMPRESSED   0x00000008   Data   RW         1982    .data.Font12        lto-llvm-bb8c71.o
    0x200004c8   COMPRESSED   0x00000008   Data   RW         1980    .data.Font16        lto-llvm-bb8c71.o
    0x200004d0   COMPRESSED   0x00000008   Data   RW         1950    .data.Font20        lto-llvm-bb8c71.o
    0x200004d8   COMPRESSED   0x0000001c   Data   RW         2122    .data.conv2d_0_bias  lto-llvm-bb8c71.o
    0x200004f4   COMPRESSED   0x00000010   Data   RW         2121    .data.conv2d_0_bias_array  lto-llvm-bb8c71.o
    0x20000504   COMPRESSED   0x00000060   Data   RW         2017    .data.conv2d_0_layer  lto-llvm-bb8c71.o
    0x20000564   COMPRESSED   0x0000001c   Data   RW         2090    .data.conv2d_0_output  lto-llvm-bb8c71.o
    0x20000580   COMPRESSED   0x00000010   Data   RW         2089    .data.conv2d_0_output_array  lto-llvm-bb8c71.o
    0x20000590   COMPRESSED   0x0000001c   Data   RW         2126    .data.conv2d_0_scratch0  lto-llvm-bb8c71.o
    0x200005ac   COMPRESSED   0x00000010   Data   RW         2125    .data.conv2d_0_scratch0_array  lto-llvm-bb8c71.o
    0x200005bc   COMPRESSED   0x0000001c   Data   RW         2130    .data.conv2d_0_scratch1  lto-llvm-bb8c71.o
    0x200005d8   COMPRESSED   0x00000010   Data   RW         2129    .data.conv2d_0_scratch1_array  lto-llvm-bb8c71.o
    0x200005e8   COMPRESSED   0x0000001c   Data   RW         2118    .data.conv2d_0_weights  lto-llvm-bb8c71.o
    0x20000604   COMPRESSED   0x00000010   Data   RW         2117    .data.conv2d_0_weights_array  lto-llvm-bb8c71.o
    0x20000614   COMPRESSED   0x0000001c   Data   RW         2101    .data.conv2d_2_bias  lto-llvm-bb8c71.o
    0x20000630   COMPRESSED   0x00000010   Data   RW         2100    .data.conv2d_2_bias_array  lto-llvm-bb8c71.o
    0x20000640   COMPRESSED   0x00000060   Data   RW         2022    .data.conv2d_2_layer  lto-llvm-bb8c71.o
    0x200006a0   COMPRESSED   0x0000001c   Data   RW         2093    .data.conv2d_2_output  lto-llvm-bb8c71.o
    0x200006bc   COMPRESSED   0x0000001c   Data   RW         2073    .data.conv2d_2_output0  lto-llvm-bb8c71.o
    0x200006d8   COMPRESSED   0x00000010   Data   RW         2072    .data.conv2d_2_output_array  lto-llvm-bb8c71.o
    0x200006e8   COMPRESSED   0x0000001c   Data   RW         2105    .data.conv2d_2_scratch0  lto-llvm-bb8c71.o
    0x20000704   COMPRESSED   0x00000010   Data   RW         2104    .data.conv2d_2_scratch0_array  lto-llvm-bb8c71.o
    0x20000714   COMPRESSED   0x0000001c   Data   RW         2109    .data.conv2d_2_scratch1  lto-llvm-bb8c71.o
    0x20000730   COMPRESSED   0x00000010   Data   RW         2108    .data.conv2d_2_scratch1_array  lto-llvm-bb8c71.o
    0x20000740   COMPRESSED   0x0000001c   Data   RW         2097    .data.conv2d_2_weights  lto-llvm-bb8c71.o
    0x2000075c   COMPRESSED   0x00000010   Data   RW         2096    .data.conv2d_2_weights_array  lto-llvm-bb8c71.o
    0x2000076c   COMPRESSED   0x0000004c   Data   RW         2005    .data.g_digit_cnn   lto-llvm-bb8c71.o
    0x200007b8   COMPRESSED   0x0000001c   Data   RW         2134    .data.g_digit_cnn_data_map_activations  lto-llvm-bb8c71.o
    0x200007d4   COMPRESSED   0x0000001c   Data   RW         2136    .data.g_digit_cnn_data_map_weights  lto-llvm-bb8c71.o
    0x200007f0   COMPRESSED   0x0000001c   Data   RW         2081    .data.gemm_5_bias   lto-llvm-bb8c71.o
    0x2000080c   COMPRESSED   0x00000010   Data   RW         2080    .data.gemm_5_bias_array  lto-llvm-bb8c71.o
    0x2000081c   COMPRESSED   0x0000001c   Data   RW         2018    .data.gemm_5_layer  lto-llvm-bb8c71.o
    0x20000838   COMPRESSED   0x0000001c   Data   RW         2064    .data.gemm_5_output  lto-llvm-bb8c71.o
    0x20000854   COMPRESSED   0x00000010   Data   RW         2063    .data.gemm_5_output_array  lto-llvm-bb8c71.o
    0x20000864   COMPRESSED   0x0000001c   Data   RW         2077    .data.gemm_5_weights  lto-llvm-bb8c71.o
    0x20000880   COMPRESSED   0x00000010   Data   RW         2076    .data.gemm_5_weights_array  lto-llvm-bb8c71.o
    0x20000890   COMPRESSED   0x0000001c   Data   RW         2055    .data.gemm_6_bias   lto-llvm-bb8c71.o
    0x200008ac   COMPRESSED   0x00000010   Data   RW         2054    .data.gemm_6_bias_array  lto-llvm-bb8c71.o
    0x200008bc   COMPRESSED   0x0000001c   Data   RW         2025    .data.gemm_6_layer  lto-llvm-bb8c71.o
    0x200008d8   COMPRESSED   0x0000001c   Data   RW         2038    .data.gemm_6_output  lto-llvm-bb8c71.o
    0x200008f4   COMPRESSED   0x00000010   Data   RW         2037    .data.gemm_6_output_array  lto-llvm-bb8c71.o
    0x20000904   COMPRESSED   0x0000001c   Data   RW         2051    .data.gemm_6_weights  lto-llvm-bb8c71.o
    0x20000920   COMPRESSED   0x00000010   Data   RW         2050    .data.gemm_6_weights_array  lto-llvm-bb8c71.o
    0x20000930   COMPRESSED   0x00000004   Data   RW         1979    .data.leastTotalUsedStep  lto-llvm-bb8c71.o
    0x20000934   COMPRESSED   0x00000020   Data   RW         2023    .data.nl_5_nl_layer  lto-llvm-bb8c71.o
    0x20000954   COMPRESSED   0x0000001c   Data   RW         2047    .data.nl_5_nl_output  lto-llvm-bb8c71.o
    0x20000970   COMPRESSED   0x00000010   Data   RW         2046    .data.nl_5_nl_output_array  lto-llvm-bb8c71.o
    0x20000980   COMPRESSED   0x00000024   Data   RW         2027    .data.nl_7_layer    lto-llvm-bb8c71.o
    0x200009a4   COMPRESSED   0x0000001c   Data   RW         2013    .data.nl_7_output   lto-llvm-bb8c71.o
    0x200009c0   COMPRESSED   0x00000010   Data   RW         2012    .data.nl_7_output_array  lto-llvm-bb8c71.o
    0x200009d0   COMPRESSED   0x0000001c   Data   RW         2009    .data.serving_default_input_layer_40_output  lto-llvm-bb8c71.o
    0x200009ec   COMPRESSED   0x00000010   Data   RW         2008    .data.serving_default_input_layer_40_output_array  lto-llvm-bb8c71.o
    0x200009fc   COMPRESSED   0x00000004   PAD
    0x20000a00        -       0x00000060   Zero   RW         1603    .bss                c_w.l(libspace.o)
    0x20000a60        -       0x0000001c   Zero   RW         1996    .bss..compoundliteral.10  lto-llvm-bb8c71.o
    0x20000a7c        -       0x00000008   Zero   RW         1997    .bss..compoundliteral.11  lto-llvm-bb8c71.o
    0x20000a84        -       0x00000010   Zero   RW         2000    .bss..compoundliteral.14  lto-llvm-bb8c71.o
    0x20000a94        -       0x0000001c   Zero   RW         2001    .bss..compoundliteral.15  lto-llvm-bb8c71.o
    0x20000ab0        -       0x00000008   Zero   RW         2002    .bss..compoundliteral.16  lto-llvm-bb8c71.o
    0x20000ab8        -       0x00000010   Zero   RW         2015    .bss..compoundliteral.26  lto-llvm-bb8c71.o
    0x20000ac8        -       0x00000010   Zero   RW         2016    .bss..compoundliteral.27  lto-llvm-bb8c71.o
    0x20000ad8        -       0x00000010   Zero   RW         2020    .bss..compoundliteral.29  lto-llvm-bb8c71.o
    0x20000ae8        -       0x00000010   Zero   RW         2021    .bss..compoundliteral.30  lto-llvm-bb8c71.o
    0x20000af8        -       0x00000004   Zero   RW         2032    .bss..compoundliteral.34  lto-llvm-bb8c71.o
    0x20000afc        -       0x00000004   Zero   RW         2033    .bss..compoundliteral.35  lto-llvm-bb8c71.o
    0x20000b00        -       0x00000004   Zero   RW         2042    .bss..compoundliteral.43  lto-llvm-bb8c71.o
    0x20000b04        -       0x00000004   Zero   RW         2058    .bss..compoundliteral.56  lto-llvm-bb8c71.o
    0x20000b08        -       0x00000004   Zero   RW         2059    .bss..compoundliteral.57  lto-llvm-bb8c71.o
    0x20000b0c        -       0x00000004   Zero   RW         2068    .bss..compoundliteral.65  lto-llvm-bb8c71.o
    0x20000b10        -       0x00000010   Zero   RW         1995    .bss..compoundliteral.9  lto-llvm-bb8c71.o
    0x20000b20        -       0x00000002   Zero   RW         1953    .bss.DrawProp.1     lto-llvm-bb8c71.o
    0x20000b22   COMPRESSED   0x00000002   PAD
    0x20000b24        -       0x00000004   Zero   RW         1946    .bss.MyCounts       lto-llvm-bb8c71.o
    0x20000b28        -       0x00000001   Zero   RW         1972    .bss.X1             lto-llvm-bb8c71.o
    0x20000b29   COMPRESSED   0x00000003   PAD
    0x20000b2c        -       0x00000001   Zero   RW         1973    .bss.Xy             lto-llvm-bb8c71.o
    0x20000b2d   COMPRESSED   0x00000003   PAD
    0x20000b30        -       0x00000001   Zero   RW         1974    .bss.Y1             lto-llvm-bb8c71.o
    0x20000b31   COMPRESSED   0x00000003   PAD
    0x20000b34        -       0x00000001   Zero   RW         1975    .bss.Yx             lto-llvm-bb8c71.o
    0x20000b35   COMPRESSED   0x00000003   PAD
    0x20000b38        -       0x000020b4   Zero   RW         1987    .bss.activations    lto-llvm-bb8c71.o
    0x20002bec        -       0x00000002   Zero   RW         1957    .bss.bytes_f        lto-llvm-bb8c71.o
    0x20002bee        -       0x00000001   Zero   RW         1942    .bss.debState.0     lto-llvm-bb8c71.o
    0x20002bef   COMPRESSED   0x00000001   PAD
    0x20002bf0        -       0x00000004   Zero   RW         2132    .bss.g_digit_cnn_activations_map  lto-llvm-bb8c71.o
    0x20002bf4        -       0x00000004   Zero   RW         2131    .bss.g_digit_cnn_weights_map  lto-llvm-bb8c71.o
    0x20002bf8        -       0x00000004   Zero   RW         1988    .bss.g_inputs       lto-llvm-bb8c71.o
    0x20002bfc        -       0x00000004   Zero   RW         1986    .bss.g_network      lto-llvm-bb8c71.o
    0x20002c00        -       0x00000004   Zero   RW         1989    .bss.g_outputs      lto-llvm-bb8c71.o
    0x20002c04        -       0x00000002   Zero   RW         1956    .bss.hf             lto-llvm-bb8c71.o
    0x20002c06        -       0x00000001   Zero   RW         1981    .bss.key1Triggered  lto-llvm-bb8c71.o
    0x20002c07   COMPRESSED   0x00000001   PAD
    0x20002c08        -       0x00000004   Zero   RW         1960    .bss.lFont          lto-llvm-bb8c71.o
    0x20002c0c        -       0x00000002   Zero   RW         1959    .bss.lbColor        lto-llvm-bb8c71.o
    0x20002c0e        -       0x00000002   Zero   RW         1951    .bss.lcd_id         lto-llvm-bb8c71.o
    0x20002c10        -       0x00000004   Zero   RW         1965    .bss.levelSequence.0  lto-llvm-bb8c71.o
    0x20002c14        -       0x00000004   Zero   RW         1966    .bss.levelSequence.1  lto-llvm-bb8c71.o
    0x20002c18        -       0x00000004   Zero   RW         1967    .bss.levelSequence.2  lto-llvm-bb8c71.o
    0x20002c1c        -       0x00000002   Zero   RW         1958    .bss.ltColor        lto-llvm-bb8c71.o
    0x20002c1e   COMPRESSED   0x00000002   PAD
    0x20002c20        -       0x00000004   Zero   RW         1941    .bss.msTick         lto-llvm-bb8c71.o
    0x20002c24        -       0x00000004   Zero   RW         1968    .bss.probCircle     lto-llvm-bb8c71.o
    0x20002c28        -       0x00000004   Zero   RW         1969    .bss.probSquare     lto-llvm-bb8c71.o
    0x20002c2c        -       0x00000004   Zero   RW         1970    .bss.probTriangle   lto-llvm-bb8c71.o
    0x20002c30        -       0x00000040   Zero   RW         1961    .bss.text           lto-llvm-bb8c71.o
    0x20002c70        -       0x00000004   Zero   RW         1978    .bss.totalUsedStep  lto-llvm-bb8c71.o
    0x20002c74        -       0x00000001   Zero   RW         1944    .bss.trig_PASS      lto-llvm-bb8c71.o
    0x20002c75        -       0x00000001   Zero   RW         1945    .bss.trig_status    lto-llvm-bb8c71.o
    0x20002c76        -       0x00000006   Zero   RW         1977    .bss.tsState        lto-llvm-bb8c71.o
    0x20002c7c        -       0x00000001   Zero   RW         1943    .bss.waitCnt.0      lto-llvm-bb8c71.o
    0x20002c7d   COMPRESSED   0x00000001   PAD
    0x20002c7e        -       0x00000002   Zero   RW         1955    .bss.wf             lto-llvm-bb8c71.o
    0x20002c80        -       0x00017000   Zero   RW           28    HEAP                startup_stm32f407xx.o
    0x20019c80        -       0x00006320   Zero   RW           27    STACK               startup_stm32f407xx.o


==============================================================================

Image component sizes


      Code (inc. data)   RO Data    RW Data    ZI Data      Debug   Object Name

     61766        768      40954       2554       8717     258682   lto-llvm-bb8c71.o
        64         26        392          0     119584        860   startup_stm32f407xx.o

    ----------------------------------------------------------------------
     61886        794      41380       2556     128324     259542   Object Totals
         0          0         32          0          0          0   (incl. Generated)
        56          0          2          2         23          0   (incl. Padding)

    ----------------------------------------------------------------------

      Code (inc. data)   RO Data    RW Data    ZI Data      Debug   Library Member Name

       402         52          0          0          0        488   ai_datatypes_format.o
        52          6          0          0          0        232   ai_datatypes_internal.o
       158          8          0          0          0        368   ai_platform.o
      2220         78        104          0          0       2756   ai_platform_interface.o
        30          0          0          0          0        232   core_common.o
      1150          4          0          0          0        448   forward_lite_conv2d_if32of32wf32.o
       424          4          0          0          0        148   forward_lite_pool_f32.o
       280          6          0          0          0        760   layers.o
      1062          6          0          0          0        644   layers_conv2d_generic_float.o
       430         12          0          0          0        508   layers_nl_generic_float.o
      1336         28          0          0          0        860   lite_dense_if32.o
       138          6          0          0          0        256   lite_nl_generic_float.o
       172          4          0          0          0        116   lite_nl_relu_if32of32.o
       164          6          0          0          0        152   lite_nl_softmax_if32of32.o
       144          0          0          0          0        132   st_int8_fill.o
        44          6          0          0          0         84   __2sprintf.o
        90          0          0          0          0          0   __dczerorl2.o
         8          0          0          0          0         68   __main.o
       312          4         17          0          0         92   __printf_flags_wp.o
        14          0          0          0          0         68   __printf_wp.o
         0          0          0          0          0          0   __rtentry.o
        12          0          0          0          0          0   __rtentry2.o
         6          0          0          0          0          0   __rtentry4.o
        94          8          0          0          0          0   __scatter.o
        28          0          0          0          0          0   __scatter_zi.o
        48          6          0          0          0         96   _printf_char_common.o
         6          0          0          0          0          0   _printf_d.o
       120         16          0          0          0         92   _printf_dec.o
         6          0          0          0          0          0   _printf_f.o
      1052          0          0          0          0        148   _printf_fp_dec.o
       128         16          0          0          0         84   _printf_fp_infnan.o
        88          4         40          0          0         88   _printf_hex_int.o
       178          0          0          0          0         88   _printf_intcommon.o
        78          0          0          0          0        108   _printf_pad.o
         0          0          0          0          0          0   _printf_percent.o
         4          0          0          0          0          0   _printf_percent_end.o
         6          0          0          0          0          0   _printf_x.o
        22          0          0          0          0        100   _rserrno.o
        10          0          0          0          0         68   _sputc.o
       228          4        148          0          0         96   bigflt0.o
      1936        128          0          0          0        668   btod.o
        10          0          0          0          0         68   defsig_exit.o
        50          0          0          0          0         88   defsig_general.o
        80         58          0          0          0         76   defsig_rtmem_inner.o
        14          0          0          0          0         80   defsig_rtmem_outer.o
        18          0          0          0          0         80   exit.o
        94          0          0          0          0         80   h1_alloc.o
        52          0          0          0          0         68   h1_extend.o
        78          0          0          0          0         80   h1_free.o
        12          0          0          0          0         84   h1_init.o
         6          0          0          0          0        152   heapauxi.o
         4          0          0          0          0        136   hguard.o
         0          0          0          0          0          0   indicate_semi.o
       138          0          0          0          0        168   init_alloc.o
        44         10         28          0          0         76   lc_numeric_c.o
         2          0          0          0          0          0   libinit.o
        30          0          0          0          0          0   libinit2.o
         2          0          0          0          0          0   libshutdown.o
         2          0          0          0          0          0   libshutdown2.o
         8          4          0          0         96         68   libspace.o
       138          0          0          0          0         80   lludiv10.o
         0          0          0          0          0          0   maybetermalloc1.o
        88          0          0          0          0         76   memcmp.o
         8          4          0          0          0         68   rt_errno_addr_intlibspace.o
         8          4          0          0          0         68   rt_heap_descriptor_intlibspace.o
         8          4          0          0          0         68   rt_locale_intlibspace.o
        78          0          0          0          0         80   rt_memclr_w.o
       100          0          0          0          0         80   rt_memcpy_w.o
         2          0          0          0          0          0   rtexit.o
        10          0          0          0          0          0   rtexit2.o
       124          0          0          0          0         88   strcmpv7em.o
        12          4          0          0          0         68   sys_exit.o
        74          0          0          0          0         80   sys_stackheap_outer.o
        14          0          0          0          0         76   sys_wrch.o
         2          0          0          0          0         68   use_no_semi.o
        24          0          0          0          0        164   basic.o
        98          4          0          0          0        140   d2f.o
       834         16          0          0          0        516   daddsub_clz.o
       696        140          0          0          0        264   ddiv.o
        94          4          0          0          0        140   dfix.o
        84          0          0          0          0        232   dflt_clz.o
       340         12          0          0          0        152   dmul.o
       156          4          0          0          0        140   dnaninf.o
        12          0          0          0          0        116   dretinf.o
        86          4          0          0          0        132   f2d.o
       140          4          0          0          0        132   fnaninf.o
        26          0          0          0          0        116   fpinit.o
        10          0          0          0          0        116   fretinf.o
         4          0          0          0          0        116   printf1.o
         0          0          0          0          0          0   usenofp.o
       200         20          0          0          0        164   cos.o
       368         46         48          0          0        200   cos_i.o
        84         16          0          0          0        372   dunder.o
       492         62         48          0          0        236   expf.o
        24          0          0          0          0        124   fabs.o
        48          0          0          0          0        124   fpclassify.o
        38          0          0          0          0        116   fpclassifyf.o
        38         12          0          0          0        348   funder.o
       248          0          0          0          0        152   poly.o
      1080        142        204          0          0        188   rred.o
       200         20          0          0          0        164   sin.o
       304         24         40          0          0        208   sin_i.o
       128         20          0          0          0        144   tan.o
       848         84         96          0          0        196   tan_i.o

    ----------------------------------------------------------------------
     20750       1142        784          0         96      17464   Library Totals
        56          8         11          0          0          0   (incl. Padding)

    ----------------------------------------------------------------------

      Code (inc. data)   RO Data    RW Data    ZI Data      Debug   Library Name

      8162        220        104          0          0       8100   NetworkRuntime1010_CM4_Keil.lib
      5828        280        233          0         96       4152   c_w.l
      2604        188          0          0          0       2476   fz_wm.l
      4100        446        436          0          0       2736   m_wm.l

    ----------------------------------------------------------------------
     20750       1142        784          0         96      17464   Library Totals

    ----------------------------------------------------------------------

==============================================================================


      Code (inc. data)   RO Data    RW Data    ZI Data      Debug   

     82636       1936      42164       2556     128420     265834   Grand Totals
     82636       1936      42164       1000     128420     265834   ELF Image Totals (compressed)
     82636       1936      42164       1000          0          0   ROM Totals

==============================================================================

    Total RO  Size (Code + RO Data)               124800 ( 121.88kB)
    Total RW  Size (RW Data + ZI Data)            130976 ( 127.91kB)
    Total ROM Size (Code + RO Data + RW Data)     125800 ( 122.85kB)

==============================================================================

