Component: ARM Compiler 6.14 Tool: armlink [5db06800]

==============================================================================

Section Cross References

    hardwaresystem_ini.o(.ARM.exidx.text.SystemInit) refers to hardwaresystem_ini.o(.text.SystemInit) for [Anonymous Symbol]
    hardwaresystem_ini.o(.ARM.exidx.text.stm32_Get_PreempPrioBits) refers to hardwaresystem_ini.o(.text.stm32_Get_PreempPrioBits) for [Anonymous Symbol]
    hardwaresystem_ini.o(.ARM.exidx.text.HAL_RCC_GetSysClockFreq) refers to hardwaresystem_ini.o(.text.HAL_RCC_GetSysClockFreq) for [Anonymous Symbol]
    hardwaresystem_ini.o(.text.stm32f4_Hardware_Init) refers to hardwaresystem_ini.o(.text.HAL_RCC_GetSysClockFreq) for HAL_RCC_GetSysClockFreq
    hardwaresystem_ini.o(.text.stm32f4_Hardware_Init) refers to hardwaresystem_ini.o(.text.my_getHCLKFreq) for my_getHCLKFreq
    hardwaresystem_ini.o(.text.stm32f4_Hardware_Init) refers to hardwaresystem_ini.o(.text.my_getPCLKx_Freq) for my_getPCLKx_Freq
    hardwaresystem_ini.o(.text.stm32f4_Hardware_Init) refers to hardwaresystem_ini.o(.bss..L_MergedGlobals) for [Anonymous Symbol]
    hardwaresystem_ini.o(.ARM.exidx.text.stm32f4_Hardware_Init) refers to hardwaresystem_ini.o(.text.stm32f4_Hardware_Init) for [Anonymous Symbol]
    hardwaresystem_ini.o(.text.my_getPCLKx_Freq) refers to hardwaresystem_ini.o(.bss..L_MergedGlobals) for [Anonymous Symbol]
    hardwaresystem_ini.o(.ARM.exidx.text.my_getPCLKx_Freq) refers to hardwaresystem_ini.o(.text.my_getPCLKx_Freq) for [Anonymous Symbol]
    hardwaresystem_ini.o(.text.my_getHCLKFreq) refers to hardwaresystem_ini.o(.bss..L_MergedGlobals) for [Anonymous Symbol]
    hardwaresystem_ini.o(.ARM.exidx.text.my_getHCLKFreq) refers to hardwaresystem_ini.o(.text.my_getHCLKFreq) for [Anonymous Symbol]
    user_defined.o(.text.SysTick_Handler) refers to user_defined.o(.text.Debounce) for Debounce
    user_defined.o(.text.SysTick_Handler) refers to user_defined.o(.text.HoldCheck_per_4ms) for HoldCheck_per_4ms
    user_defined.o(.text.SysTick_Handler) refers to user_defined.o(.bss..L_MergedGlobals) for [Anonymous Symbol]
    user_defined.o(.ARM.exidx.text.SysTick_Handler) refers to user_defined.o(.text.SysTick_Handler) for [Anonymous Symbol]
    user_defined.o(.text.delay_ms) refers to user_defined.o(.bss..L_MergedGlobals) for [Anonymous Symbol]
    user_defined.o(.ARM.exidx.text.delay_ms) refers to user_defined.o(.text.delay_ms) for [Anonymous Symbol]
    user_defined.o(.text.hold_key_ms) refers to user_defined.o(.text.delay_ms) for delay_ms
    user_defined.o(.text.hold_key_ms) refers to user_defined.o(.bss..L_MergedGlobals) for [Anonymous Symbol]
    user_defined.o(.ARM.exidx.text.hold_key_ms) refers to user_defined.o(.text.hold_key_ms) for [Anonymous Symbol]
    user_defined.o(.text.FLASH_check_BUSY_bit) refers to user_defined.o(.bss..L_MergedGlobals) for [Anonymous Symbol]
    user_defined.o(.ARM.exidx.text.FLASH_check_BUSY_bit) refers to user_defined.o(.text.FLASH_check_BUSY_bit) for [Anonymous Symbol]
    user_defined.o(.text.User_FLASH_SectorErase) refers to user_defined.o(.text.FLASH_check_BUSY_bit) for FLASH_check_BUSY_bit
    user_defined.o(.ARM.exidx.text.User_FLASH_SectorErase) refers to user_defined.o(.text.User_FLASH_SectorErase) for [Anonymous Symbol]
    user_defined.o(.text.User_FLASH_beforeWRITE) refers to user_defined.o(.text.FLASH_check_BUSY_bit) for FLASH_check_BUSY_bit
    user_defined.o(.ARM.exidx.text.User_FLASH_beforeWRITE) refers to user_defined.o(.text.User_FLASH_beforeWRITE) for [Anonymous Symbol]
    user_defined.o(.text.Debounce) refers to user_defined.o(.bss..L_MergedGlobals) for [Anonymous Symbol]
    user_defined.o(.ARM.exidx.text.Debounce) refers to user_defined.o(.text.Debounce) for [Anonymous Symbol]
    user_defined.o(.text.EXTI0_IRQHandler) refers to user_defined.o(.bss..L_MergedGlobals) for [Anonymous Symbol]
    user_defined.o(.ARM.exidx.text.EXTI0_IRQHandler) refers to user_defined.o(.text.EXTI0_IRQHandler) for [Anonymous Symbol]
    user_defined.o(.text.cancel_EXTI_ms) refers to user_defined.o(.bss..L_MergedGlobals) for [Anonymous Symbol]
    user_defined.o(.ARM.exidx.text.cancel_EXTI_ms) refers to user_defined.o(.text.cancel_EXTI_ms) for [Anonymous Symbol]
    user_defined.o(.text.hold_EXTI_ms) refers to user_defined.o(.bss..L_MergedGlobals) for [Anonymous Symbol]
    user_defined.o(.ARM.exidx.text.hold_EXTI_ms) refers to user_defined.o(.text.hold_EXTI_ms) for [Anonymous Symbol]
    user_defined.o(.text.get_ButtonHoldState) refers to user_defined.o(.bss..L_MergedGlobals) for [Anonymous Symbol]
    user_defined.o(.ARM.exidx.text.get_ButtonHoldState) refers to user_defined.o(.text.get_ButtonHoldState) for [Anonymous Symbol]
    user_defined.o(.text.HoldCheck_per_4ms) refers to user_defined.o(.bss..L_MergedGlobals) for [Anonymous Symbol]
    user_defined.o(.ARM.exidx.text.HoldCheck_per_4ms) refers to user_defined.o(.text.HoldCheck_per_4ms) for [Anonymous Symbol]
[...]
    ../clib/printf.c                         0x00000000   Number         0  __printf_wp.o ABSOLUTE
    ../clib/printf.c                         0x00000000   Number         0  __printf_flags_wp.o ABSOLUTE
    ../clib/printf.c                         0x00000000   Number         0  __printf_ss_wp.o ABSOLUTE
    ../clib/printf.c                         0x00000000   Number         0  __printf_flags_ss_wp.o ABSOLUTE
    ../clib/printf.c                         0x00000000   Number         0  _printf_intcommon.o ABSOLUTE
    ../clib/printf.c                         0x00000000   Number         0  _printf_char_common.o ABSOLUTE
    ../clib/printf.c                         0x00000000   Number         0  _sputc.o ABSOLUTE
    ../clib/printf.c                         0x00000000   Number         0  __printf_nopercent.o ABSOLUTE
    ../clib/printf_percent.s                 0x00000000   Number         0  _printf_x.o ABSOLUTE
    ../clib/printf_percent.s                 0x00000000   Number         0  _printf_d.o ABSOLUTE
    ../clib/printf_percent.s                 0x00000000   Number         0  _printf_percent.o ABSOLUTE
    ../clib/printf_percent.s                 0x00000000   Number         0  _printf_percent_end.o ABSOLUTE
    ../clib/signal.c                         0x00000000   Number         0  defsig_rtmem_outer.o ABSOLUTE
    ../clib/signal.c                         0x00000000   Number         0  defsig_rtmem_formal.o ABSOLUTE
    ../clib/signal.c                         0x00000000   Number         0  defsig_exit.o ABSOLUTE
    ../clib/signal.c                         0x00000000   Number         0  defsig_rtmem_inner.o ABSOLUTE
    ../clib/signal.c                         0x00000000   Number         0  __raise.o ABSOLUTE
    ../clib/signal.c                         0x00000000   Number         0  defsig_general.o ABSOLUTE
    ../clib/signal.c                         0x00000000   Number         0  defsig_abrt_inner.o ABSOLUTE
    ../clib/signal.c                         0x00000000   Number         0  defsig_fpe_inner.o ABSOLUTE
    ../clib/signal.c                         0x00000000   Number         0  defsig_rtred_inner.o ABSOLUTE
    ../clib/signal.c                         0x00000000   Number         0  defsig_stak_inner.o ABSOLUTE
    ../clib/signal.c                         0x00000000   Number         0  defsig_pvfn_inner.o ABSOLUTE
    ../clib/signal.c                         0x00000000   Number         0  defsig_cppl_inner.o ABSOLUTE
    ../clib/signal.c                         0x00000000   Number         0  defsig_segv_inner.o ABSOLUTE
    ../clib/signal.c                         0x00000000   Number         0  defsig_other.o ABSOLUTE
    ../clib/signal.s                         0x00000000   Number         0  defsig.o ABSOLUTE
    ../clib/stdlib.c                         0x00000000   Number         0  exit.o ABSOLUTE
    ../fplib/basic.s                         0x00000000   Number         0  basic.o ABSOLUTE
    ../fplib/daddsub.s                       0x00000000   Number         0  daddsub_clz.o ABSOLUTE
    ../fplib/dcmp.s                          0x00000000   Number         0  dcmp.o ABSOLUTE
    ../fplib/dcmpi.s                         0x00000000   Number         0  dcmpi.o ABSOLUTE
    ../fplib/ddiv.s                          0x00000000   Number         0  ddiv.o ABSOLUTE
    ../fplib/deqf.s                          0x00000000   Number         0  deqf.o ABSOLUTE
    ../fplib/dfix.s                          0x00000000   Number         0  dfix.o ABSOLUTE
    ../fplib/dflt.s                          0x00000000   Number         0  dflt_clz.o ABSOLUTE
    ../fplib/dgeqf.s                         0x00000000   Number         0  dgeqf.o ABSOLUTE
    ../fplib/dleqf.s                         0x00000000   Number         0  dleqf.o ABSOLUTE
    ../fplib/dmul.s                          0x00000000   Number         0  dmul.o ABSOLUTE
    ../fplib/dnaninf.s                       0x00000000   Number         0  dnaninf.o ABSOLUTE
    ../fplib/dretinf.s                       0x00000000   Number         0  dretinf.o ABSOLUTE
    ../fplib/fpinit.s                        0x00000000   Number         0  fpinit.o ABSOLUTE
    ../fplib/usenofp.s                       0x00000000   Number         0  usenofp.o ABSOLUTE
    ../mathlib/cos_i.c                       0x00000000   Number         0  cos_i.o ABSOLUTE
    ../mathlib/dunder.c                      0x00000000   Number         0  dunder.o ABSOLUTE
    ../mathlib/fabs.c                        0x00000000   Number         0  fabs.o ABSOLUTE
    ../mathlib/fpclassify.c                  0x00000000   Number         0  fpclassify.o ABSOLUTE
    ../mathlib/poly.c                        0x00000000   Number         0  poly.o ABSOLUTE
    ../mathlib/rred.c                        0x00000000   Number         0  rred.o ABSOLUTE
    ../mathlib/sin.c                         0x00000000   Number         0  sin.o ABSOLUTE
    ../mathlib/sin.c                         0x00000000   Number         0  sin_x.o ABSOLUTE
    ../mathlib/sin_i.c                       0x00000000   Number         0  sin_i.o ABSOLUTE
    ../mathlib/sin_i.c                       0x00000000   Number         0  sin_i_x.o ABSOLUTE
    Driver_SPI.c                             0x00000000   Number         0  driver_spi.o ABSOLUTE
    HardwareSystem_Ini.c                     0x00000000   Number         0  hardwaresystem_ini.o ABSOLUTE
    RTE/Device/STM32F407ZGTx/startup_stm32f407xx.s 0x00000000   Number         0  startup_stm32f407xx.o ABSOLUTE
    alarm_sample.c                           0x00000000   Number         0  alarm_sample.o ABSOLUTE
    dc.s                                     0x00000000   Number         0  dc.o ABSOLUTE
    main_Samp.c                              0x00000000   Number         0  main_samp.o ABSOLUTE
    rng.c                                    0x00000000   Number         0  rng.o ABSOLUTE
    stm324xg_lcd_ILI9341.c                   0x00000000   Number         0  stm324xg_lcd_ili9341.o ABSOLUTE
    stm32f4xx_fsmc.c                         0x00000000   Number         0  stm32f4xx_fsmc.o ABSOLUTE
    system_stm32f4xx.c                       0x00000000   Number         0  system_stm32f4xx.o ABSOLUTE
    tjpgd.c                                  0x00000000   Number         0  tjpgd.o ABSOLUTE
    tjpgd_user.c                             0x00000000   Number         0  tjpgd_user.o ABSOLUTE
    touch_functions.c                        0x00000000   Number         0  touch_functions.o ABSOLUTE
    touch_module.c                           0x00000000   Number         0  touch_module.o ABSOLUTE
    touch_sample_FreeDraw.c                  0x00000000   Number         0  touch_sample_freedraw.o ABSOLUTE
    touch_sample_Hit.c                       0x00000000   Number         0  touch_sample_hit.o ABSOLUTE
    touch_sample_Sine.c                      0x00000000   Number         0  touch_sample_sine.o ABSOLUTE
    user_defined.c                           0x00000000   Number         0  user_defined.o ABSOLUTE
    RESET                                    0x08000000   Section      392  startup_stm32f407xx.o(RESET)
    !!!main                                  0x08000188   Section        8  __main.o(!!!main)
    !!!scatter                               0x08000190   Section       52  __scatter.o(!!!scatter)
    !!handler_copy                           0x080001c4   Section       26  __scatter_copy.o(!!handler_copy)
    !!handler_zi                             0x080001e0   Section       28  __scatter_zi.o(!!handler_zi)
    .ARM.Collect$$_printf_percent$$00000000  0x080001fc   Section        0  _printf_percent.o(.ARM.Collect$$_printf_percent$$00000000)
    .ARM.Collect$$_printf_percent$$00000009  0x080001fc   Section        6  _printf_d.o(.ARM.Collect$$_printf_percent$$00000009)
    .ARM.Collect$$_printf_percent$$0000000C  0x08000202   Section        6  _printf_x.o(.ARM.Collect$$_printf_percent$$0000000C)
    .ARM.Collect$$_printf_percent$$00000017  0x08000208   Section        4  _printf_percent_end.o(.ARM.Collect$$_printf_percent$$00000017)
    .ARM.Collect$$libinit$$00000000          0x0800020c   Section        2  libinit.o(.ARM.Collect$$libinit$$00000000)
    .ARM.Collect$$libinit$$00000001          0x0800020e   Section        4  libinit2.o(.ARM.Collect$$libinit$$00000001)
    .ARM.Collect$$libinit$$00000004          0x08000212   Section        0  libinit2.o(.ARM.Collect$$libinit$$00000004)
    .ARM.Collect$$libinit$$00000005          0x08000212   Section        8  libinit2.o(.ARM.Collect$$libinit$$00000005)
    .ARM.Collect$$libinit$$0000000A          0x0800021a   Section        0  libinit2.o(.ARM.Collect$$libinit$$0000000A)
    .ARM.Collect$$libinit$$0000000C          0x0800021a   Section        0  libinit2.o(.ARM.Collect$$libinit$$0000000C)
    .ARM.Collect$$libinit$$0000000E          0x0800021a   Section        0  libinit2.o(.ARM.Collect$$libinit$$0000000E)
    .ARM.Collect$$libinit$$00000011          0x0800021a   Section        0  libinit2.o(.ARM.Collect$$libinit$$00000011)
    .ARM.Collect$$libinit$$00000013          0x0800021a   Section        0  libinit2.o(.ARM.Collect$$libinit$$00000013)
    .ARM.Collect$$libinit$$00000015          0x0800021a   Section        0  libinit2.o(.ARM.Collect$$libinit$$00000015)
    .ARM.Collect$$libinit$$00000017          0x0800021a   Section        0  libinit2.o(.ARM.Collect$$libinit$$00000017)
    .ARM.Collect$$libinit$$00000019          0x0800021a   Section        0  libinit2.o(.ARM.Collect$$libinit$$00000019)
    .ARM.Collect$$libinit$$0000001B          0x0800021a   Section        0  libinit2.o(.ARM.Collect$$libinit$$0000001B)
    .ARM.Collect$$libinit$$0000001D          0x0800021a   Section        0  libinit2.o(.ARM.Collect$$libinit$$0000001D)
    .ARM.Collect$$libinit$$0000001F          0x0800021a   Section        0  libinit2.o(.ARM.Collect$$libinit$$0000001F)
    .ARM.Collect$$libinit$$00000021          0x0800021a   Section        0  libinit2.o(.ARM.Collect$$libinit$$00000021)
    .ARM.Collect$$libinit$$00000023          0x0800021a   Section        0  libinit2.o(.ARM.Collect$$libinit$$00000023)
    .ARM.Collect$$libinit$$00000025          0x0800021a   Section        0  libinit2.o(.ARM.Collect$$libinit$$00000025)
    .ARM.Collect$$libinit$$0000002C          0x0800021a   Section        0  libinit2.o(.ARM.Collect$$libinit$$0000002C)
    .ARM.Collect$$libinit$$0000002E          0x0800021a   Section        0  libinit2.o(.ARM.Collect$$libinit$$0000002E)
    .ARM.Collect$$libinit$$00000030          0x0800021a   Section        0  libinit2.o(.ARM.Collect$$libinit$$00000030)
    .ARM.Collect$$libinit$$00000032          0x0800021a   Section        0  libinit2.o(.ARM.Collect$$libinit$$00000032)
    .ARM.Collect$$libinit$$00000033          0x0800021a   Section        2  libinit2.o(.ARM.Collect$$libinit$$00000033)
    .ARM.Collect$$libshutdown$$00000000      0x0800021c   Section        2  libshutdown.o(.ARM.Collect$$libshutdown$$00000000)
    .ARM.Collect$$libshutdown$$00000002      0x0800021e   Section        0  libshutdown2.o(.ARM.Collect$$libshutdown$$00000002)
    .ARM.Collect$$libshutdown$$00000004      0x0800021e   Section        0  libshutdown2.o(.ARM.Collect$$libshutdown$$00000004)
    .ARM.Collect$$libshutdown$$00000007      0x0800021e   Section        0  libshutdown2.o(.ARM.Collect$$libshutdown$$00000007)
    .ARM.Collect$$libshutdown$$0000000A      0x0800021e   Section        0  libshutdown2.o(.ARM.Collect$$libshutdown$$0000000A)
    .ARM.Collect$$libshutdown$$0000000C      0x0800021e   Section        0  libshutdown2.o(.ARM.Collect$$libshutdown$$0000000C)
    .ARM.Collect$$libshutdown$$0000000F      0x0800021e   Section        0  libshutdown2.o(.ARM.Collect$$libshutdown$$0000000F)
    .ARM.Collect$$libshutdown$$00000010      0x0800021e   Section        2  libshutdown2.o(.ARM.Collect$$libshutdown$$00000010)
    .ARM.Collect$$rtentry$$00000000          0x08000220   Section        0  __rtentry.o(.ARM.Collect$$rtentry$$00000000)
    .ARM.Collect$$rtentry$$00000002          0x08000220   Section        0  __rtentry2.o(.ARM.Collect$$rtentry$$00000002)
    .ARM.Collect$$rtentry$$00000004          0x08000220   Section        6  __rtentry4.o(.ARM.Collect$$rtentry$$00000004)
    .ARM.Collect$$rtentry$$00000009          0x08000226   Section        0  __rtentry2.o(.ARM.Collect$$rtentry$$00000009)
    .ARM.Collect$$rtentry$$0000000A          0x08000226   Section        4  __rtentry2.o(.ARM.Collect$$rtentry$$0000000A)
    .ARM.Collect$$rtentry$$0000000C          0x0800022a   Section        0  __rtentry2.o(.ARM.Collect$$rtentry$$0000000C)
    .ARM.Collect$$rtentry$$0000000D          0x0800022a   Section        8  __rtentry2.o(.ARM.Collect$$rtentry$$0000000D)
    .ARM.Collect$$rtexit$$00000000           0x08000232   Section        2  rtexit.o(.ARM.Collect$$rtexit$$00000000)
    .ARM.Collect$$rtexit$$00000002           0x08000234   Section        0  rtexit2.o(.ARM.Collect$$rtexit$$00000002)
    .ARM.Collect$$rtexit$$00000003           0x08000234   Section        4  rtexit2.o(.ARM.Collect$$rtexit$$00000003)
    .ARM.Collect$$rtexit$$00000004           0x08000238   Section        6  rtexit2.o(.ARM.Collect$$rtexit$$00000004)
    $v0                                      0x08000240   Number         0  startup_stm32f407xx.o(.text)
    .text                                    0x08000240   Section       64  startup_stm32f407xx.o(.text)
    .text                                    0x08000280   Section        0  h1_alloc.o(.text)
    .text                                    0x080002de   Section        0  h1_free.o(.text)
    .text                                    0x0800032c   Section        0  noretval__2sprintf.o(.text)
    .text                                    0x08000354   Section        0  _printf_pad.o(.text)
    .text                                    0x080003a4   Section        0  _printf_dec.o(.text)
    .text                                    0x0800041c   Section        0  _printf_hex_int.o(.text)
    .text                                    0x08000474   Section        0  __printf_flags_wp.o(.text)
    .text                                    0x080005ac   Section      138  rt_memcpy_v6.o(.text)
    .text                                    0x08000636   Section       78  rt_memclr_w.o(.text)
    .text                                    0x08000684   Section        0  heapauxi.o(.text)
    .text                                    0x0800068c   Section        8  rt_heap_descriptor_intlibspace.o(.text)
    .text                                    0x08000694   Section        0  hguard.o(.text)
    .text                                    0x08000698   Section        0  init_alloc.o(.text)
    .text                                    0x08000722   Section        0  h1_init.o(.text)
    .text                                    0x08000730   Section        0  _printf_intcommon.o(.text)
    _printf_input_char                       0x080007e5   Thumb Code    10  _printf_char_common.o(.text)
    .text                                    0x080007e4   Section        0  _printf_char_common.o(.text)
    .text                                    0x08000814   Section        0  _sputc.o(.text)
    .text                                    0x0800081e   Section      100  rt_memcpy_w.o(.text)
    .text                                    0x08000884   Section        8  libspace.o(.text)
    .text                                    0x0800088c   Section        0  maybetermalloc1.o(.text)
    .text                                    0x0800088c   Section        0  h1_extend.o(.text)
    .text                                    0x080008c0   Section        0  defsig_rtmem_outer.o(.text)
    .text                                    0x080008ce   Section        2  use_no_semi.o(.text)
    .text                                    0x080008d0   Section        0  indicate_semi.o(.text)
    .text                                    0x080008d0   Section       74  sys_stackheap_outer.o(.text)
    .text                                    0x0800091a   Section        0  exit.o(.text)
    .text                                    0x0800092c   Section        0  defsig_exit.o(.text)
    .text                                    0x08000938   Section        0  defsig_rtmem_inner.o(.text)
    .text                                    0x08000988   Section        0  sys_exit.o(.text)
    .text                                    0x08000994   Section        0  defsig_general.o(.text)
    .text                                    0x080009c6   Section        0  sys_wrch.o(.text)
    [Anonymous Symbol]                       0x080009d4   Section        0  touch_module.o(.text.Cal_GetXY)
    __arm_cp.4_1                             0x08000a40   Number         4  touch_module.o(.text.Cal_GetXY)
    [Anonymous Symbol]                       0x08000a44   Section        0  user_defined.o(.text.Debounce)
    [Anonymous Symbol]                       0x08000a94   Section        0  touch_module.o(.text.Default_Calibration)
    __arm_cp.8_0                             0x08000ae4   Number         4  touch_module.o(.text.Default_Calibration)
    __arm_cp.8_1                             0x08000ae8   Number         4  touch_module.o(.text.Default_Calibration)
    __arm_cp.8_2                             0x08000aec   Number         4  touch_module.o(.text.Default_Calibration)
    [Anonymous Symbol]                       0x08000af0   Section        0  driver_spi.o(.text.Delay_SPI)
    [Anonymous Symbol]                       0x08000b14   Section        0  driver_spi.o(.text.Driver_GPIO)
    __arm_cp.0_2                             0x08000c00   Number         4  driver_spi.o(.text.Driver_GPIO)
    __arm_cp.0_3                             0x08000c04   Number         4  driver_spi.o(.text.Driver_GPIO)
    [Anonymous Symbol]                       0x08000c08   Section        0  driver_spi.o(.text.Driver_SPICS)
    __arm_cp.1_0                             0x08000c18   Number         4  driver_spi.o(.text.Driver_SPICS)
    [Anonymous Symbol]                       0x08000c1c   Section        0  user_defined.o(.text.EXTI0_IRQHandler)
    __arm_cp.7_0                             0x08000c60   Number         4  user_defined.o(.text.EXTI0_IRQHandler)
    __arm_cp.7_1                             0x08000c64   Number         4  user_defined.o(.text.EXTI0_IRQHandler)
    __arm_cp.7_2                             0x08000c68   Number         4  user_defined.o(.text.EXTI0_IRQHandler)
    [Anonymous Symbol]                       0x08000c6c   Section        0  stm32f4xx_fsmc.o(.text.FSMC_NORSRAM_Extended_Timing_Init)
    __arm_cp.3_0                             0x08000ca0   Number         4  stm32f4xx_fsmc.o(.text.FSMC_NORSRAM_Extended_Timing_Init)
    [Anonymous Symbol]                       0x08000ca4   Section        0  stm32f4xx_fsmc.o(.text.FSMC_NORSRAM_Init)
    __arm_cp.0_0                             0x08000d14   Number         4  stm32f4xx_fsmc.o(.text.FSMC_NORSRAM_Init)
    [Anonymous Symbol]                       0x08000d18   Section        0  stm32f4xx_fsmc.o(.text.FSMC_NORSRAM_Timing_Init)
    __arm_cp.2_0                             0x08000d50   Number         4  stm32f4xx_fsmc.o(.text.FSMC_NORSRAM_Timing_Init)
    GPIO_AF12PPhigh                          0x08000d55   Thumb Code   228  stm324xg_lcd_ili9341.o(.text.GPIO_AF12PPhigh)
    [Anonymous Symbol]                       0x08000d54   Section        0  stm324xg_lcd_ili9341.o(.text.GPIO_AF12PPhigh)
    GPIO_outPPhigh                           0x08000e39   Thumb Code   100  stm324xg_lcd_ili9341.o(.text.GPIO_outPPhigh)
    [Anonymous Symbol]                       0x08000e38   Section        0  stm324xg_lcd_ili9341.o(.text.GPIO_outPPhigh)
    __arm_cp.8_0                             0x08000e94   Number         4  stm324xg_lcd_ili9341.o(.text.GPIO_outPPhigh)
    __arm_cp.8_1                             0x08000e98   Number         4  stm324xg_lcd_ili9341.o(.text.GPIO_outPPhigh)
    [Anonymous Symbol]                       0x08000e9c   Section        0  hardwaresystem_ini.o(.text.HAL_RCC_GetSysClockFreq)
    __arm_cp.2_0                             0x08000ee0   Number         4  hardwaresystem_ini.o(.text.HAL_RCC_GetSysClockFreq)
    __arm_cp.2_1                             0x08000ee4   Number         4  hardwaresystem_ini.o(.text.HAL_RCC_GetSysClockFreq)
    __arm_cp.2_2                             0x08000ee8   Number         4  hardwaresystem_ini.o(.text.HAL_RCC_GetSysClockFreq)
    [Anonymous Symbol]                       0x08000eec   Section        0  user_defined.o(.text.HoldCheck_per_4ms)
    __arm_cp.11_0                            0x08000f10   Number         4  user_defined.o(.text.HoldCheck_per_4ms)
    __arm_cp.11_1                            0x08000f14   Number         4  user_defined.o(.text.HoldCheck_per_4ms)
    [Anonymous Symbol]                       0x08000f18   Section        0  stm324xg_lcd_ili9341.o(.text.LCD_Clear)
    [Anonymous Symbol]                       0x08000f48   Section        0  stm324xg_lcd_ili9341.o(.text.LCD_DisplayDevID)
    __arm_cp.4_0                             0x08000f70   Number         4  stm324xg_lcd_ili9341.o(.text.LCD_DisplayDevID)
    [Anonymous Symbol]                       0x08000f84   Section        0  stm324xg_lcd_ili9341.o(.text.LCD_DisplayOn)
    __arm_cp.13_1                            0x08000f94   Number         4  stm324xg_lcd_ili9341.o(.text.LCD_DisplayOn)
    [Anonymous Symbol]                       0x08000f98   Section        0  stm324xg_lcd_ili9341.o(.text.LCD_DisplayStringAt)
    [Anonymous Symbol]                       0x08001000   Section        0  stm324xg_lcd_ili9341.o(.text.LCD_DisplayStringLineCol)
    LCD_DisplayStringSegment                 0x0800101d   Thumb Code   224  stm324xg_lcd_ili9341.o(.text.LCD_DisplayStringSegment)
    [Anonymous Symbol]                       0x0800101c   Section        0  stm324xg_lcd_ili9341.o(.text.LCD_DisplayStringSegment)
    __arm_cp.25_0                            0x080010f8   Number         4  stm324xg_lcd_ili9341.o(.text.LCD_DisplayStringSegment)
    [Anonymous Symbol]                       0x080010fc   Section        0  tjpgd_user.o(.text.LCD_DrawJPG)
    __arm_cp.4_0                             0x0800119c   Number         4  tjpgd_user.o(.text.LCD_DrawJPG)
    __arm_cp.4_1                             0x080011a0   Number         4  tjpgd_user.o(.text.LCD_DrawJPG)
    __arm_cp.4_3                             0x080011b8   Number         4  tjpgd_user.o(.text.LCD_DrawJPG)
    [Anonymous Symbol]                       0x0800122c   Section        0  stm324xg_lcd_ili9341.o(.text.LCD_DrawRGBImage)
    __arm_cp.37_0                            0x08001290   Number         4  stm324xg_lcd_ili9341.o(.text.LCD_DrawRGBImage)
    [Anonymous Symbol]                       0x08001294   Section        0  stm324xg_lcd_ili9341.o(.text.LCD_FSMCConfig)
    __arm_cp.2_0                             0x08001330   Number         4  stm324xg_lcd_ili9341.o(.text.LCD_FSMCConfig)
    __arm_cp.2_1                             0x08001334   Number         4  stm324xg_lcd_ili9341.o(.text.LCD_FSMCConfig)
    [Anonymous Symbol]                       0x08001338   Section        0  stm324xg_lcd_ili9341.o(.text.LCD_FillRect)
    __arm_cp.32_0                            0x08001370   Number         4  stm324xg_lcd_ili9341.o(.text.LCD_FillRect)
    __arm_cp.32_1                            0x08001374   Number         4  stm324xg_lcd_ili9341.o(.text.LCD_FillRect)
    [Anonymous Symbol]                       0x08001378   Section        0  stm324xg_lcd_ili9341.o(.text.LCD_Init)
    __arm_cp.7_1                             0x08001578   Number         4  stm324xg_lcd_ili9341.o(.text.LCD_Init)
    [Anonymous Symbol]                       0x0800157c   Section        0  stm324xg_lcd_ili9341.o(.text.LCD_OpenWin)
    __arm_cp.14_0                            0x080015b4   Number         4  stm324xg_lcd_ili9341.o(.text.LCD_OpenWin)
    [Anonymous Symbol]                       0x080015b8   Section        0  stm324xg_lcd_ili9341.o(.text.LCD_Pixel_Height)
    [Anonymous Symbol]                       0x080015bc   Section        0  stm324xg_lcd_ili9341.o(.text.LCD_Pixel_Width)
    [Anonymous Symbol]                       0x080015c4   Section        0  stm324xg_lcd_ili9341.o(.text.LCD_Reset)
    [Anonymous Symbol]                       0x080015e8   Section        0  stm324xg_lcd_ili9341.o(.text.LCD_RestoreFont)
    [Anonymous Symbol]                       0x080015f0   Section        0  stm324xg_lcd_ili9341.o(.text.LCD_SaveFont)
    [Anonymous Symbol]                       0x080015fc   Section        0  stm324xg_lcd_ili9341.o(.text.LCD_SetColors)
    [Anonymous Symbol]                       0x0800161c   Section        0  stm324xg_lcd_ili9341.o(.text.LCD_SetFont)
    __arm_cp.10_1                            0x08001634   Number         4  stm324xg_lcd_ili9341.o(.text.LCD_SetFont)
    [Anonymous Symbol]                       0x08001638   Section        0  stm324xg_lcd_ili9341.o(.text.LCD_SetTextColor)
    __arm_cp.20_0                            0x0800164c   Number         4  stm324xg_lcd_ili9341.o(.text.LCD_SetTextColor)
    [Anonymous Symbol]                       0x08001650   Section        0  user_defined.o(.text.SysTick_Handler)
    __arm_cp.0_1                             0x08001678   Number         4  user_defined.o(.text.SysTick_Handler)
    [Anonymous Symbol]                       0x0800167c   Section        0  hardwaresystem_ini.o(.text.SystemInit)
    __arm_cp.0_0                             0x08001688   Number         4  hardwaresystem_ini.o(.text.SystemInit)
    [Anonymous Symbol]                       0x0800168c   Section        0  touch_module.o(.text.TS_GetState)
    [Anonymous Symbol]                       0x080016d0   Section        0  touch_module.o(.text.Touch_GetVal)
    [Anonymous Symbol]                       0x08001700   Section        0  driver_spi.o(.text.Touch_SPIRead)
    __arm_cp.6_1                             0x08001740   Number         4  driver_spi.o(.text.Touch_SPIRead)
    [Anonymous Symbol]                       0x08001744   Section        0  driver_spi.o(.text.Touch_SPIWrite)
    __arm_cp.7_0                             0x0800179c   Number         4  driver_spi.o(.text.Touch_SPIWrite)
    __arm_cp.7_1                             0x080017a0   Number         4  driver_spi.o(.text.Touch_SPIWrite)
    [Anonymous Symbol]                       0x080017a4   Section        0  main_samp.o(.text.Wait_PressPA0)
    __arm_cp.1_0                             0x080017c4   Number         4  main_samp.o(.text.Wait_PressPA0)
    alloc_pool                               0x080017c9   Thumb Code    30  tjpgd.o(.text.alloc_pool)
    [Anonymous Symbol]                       0x080017c8   Section        0  tjpgd.o(.text.alloc_pool)
    bitext                                   0x080017e7   Thumb Code   138  tjpgd.o(.text.bitext)
    [Anonymous Symbol]                       0x080017e6   Section        0  tjpgd.o(.text.bitext)
    [Anonymous Symbol]                       0x08001870   Section        0  user_defined.o(.text.delay_ms)
    __arm_cp.1_0                             0x08001880   Number         4  user_defined.o(.text.delay_ms)
    [Anonymous Symbol]                       0x08001884   Section        0  tjpgd_user.o(.text.get_JPG_error_code)
    __arm_cp.3_0                             0x0800188c   Number         4  tjpgd_user.o(.text.get_JPG_error_code)
    [Anonymous Symbol]                       0x08001890   Section        0  tjpgd_user.o(.text.get_scale)
    huffext                                  0x080018d5   Thumb Code   214  tjpgd.o(.text.huffext)
    [Anonymous Symbol]                       0x080018d4   Section        0  tjpgd.o(.text.huffext)
    [Anonymous Symbol]                       0x080019aa   Section        0  tjpgd_user.o(.text.in_func)
    [Anonymous Symbol]                       0x080019c8   Section        0  tjpgd.o(.text.jd_decomp)
    __arm_cp.2_1                             0x0800215c   Number         4  tjpgd.o(.text.jd_decomp)
    [Anonymous Symbol]                       0x08002160   Section        0  tjpgd.o(.text.jd_prepare)
    __arm_cp.0_0                             0x080025bc   Number         4  tjpgd.o(.text.jd_prepare)
    __arm_cp.0_1                             0x080025c0   Number         4  tjpgd.o(.text.jd_prepare)
    [Anonymous Symbol]                       0x080025c4   Section        0  main_samp.o(.text.main)
    __arm_cp.0_0                             0x08002688   Number         4  main_samp.o(.text.main)
    __arm_cp.0_1                             0x0800268c   Number         4  main_samp.o(.text.main)
    __arm_cp.0_4                             0x080026b0   Number         4  main_samp.o(.text.main)
    __arm_cp.0_5                             0x080026b4   Number         4  main_samp.o(.text.main)
    __arm_cp.0_6                             0x080026b8   Number         4  main_samp.o(.text.main)
    my_getHCLKFreq                           0x080026bd   Thumb Code    68  hardwaresystem_ini.o(.text.my_getHCLKFreq)
    [Anonymous Symbol]                       0x080026bc   Section        0  hardwaresystem_ini.o(.text.my_getHCLKFreq)
    __arm_cp.5_0                             0x080026dc   Number         4  hardwaresystem_ini.o(.text.my_getHCLKFreq)
    my_getPCLKx_Freq                         0x08002701   Thumb Code    20  hardwaresystem_ini.o(.text.my_getPCLKx_Freq)
    [Anonymous Symbol]                       0x08002700   Section        0  hardwaresystem_ini.o(.text.my_getPCLKx_Freq)
    [Anonymous Symbol]                       0x08002714   Section        0  tjpgd_user.o(.text.out_func)
    __arm_cp.1_0                             0x08002744   Number         4  tjpgd_user.o(.text.out_func)
    [Anonymous Symbol]                       0x08002748   Section        0  hardwaresystem_ini.o(.text.stm32f4_Hardware_Init)
    __arm_cp.3_0                             0x08002800   Number         4  hardwaresystem_ini.o(.text.stm32f4_Hardware_Init)
    __arm_cp.3_1                             0x08002804   Number         4  hardwaresystem_ini.o(.text.stm32f4_Hardware_Init)
    __arm_cp.3_2                             0x08002808   Number         4  hardwaresystem_ini.o(.text.stm32f4_Hardware_Init)
    __arm_cp.3_3                             0x0800280c   Number         4  hardwaresystem_ini.o(.text.stm32f4_Hardware_Init)
    __arm_cp.3_4                             0x08002810   Number         4  hardwaresystem_ini.o(.text.stm32f4_Hardware_Init)
    __arm_cp.3_5                             0x08002814   Number         4  hardwaresystem_ini.o(.text.stm32f4_Hardware_Init)
    __arm_cp.3_6                             0x08002818   Number         4  hardwaresystem_ini.o(.text.stm32f4_Hardware_Init)
    __arm_cp.3_7                             0x0800281c   Number         4  hardwaresystem_ini.o(.text.stm32f4_Hardware_Init)
    i._is_digit                              0x08002820   Section        0  __printf_wp.o(i._is_digit)
    $v0                                      0x0800282e   Number         0  fpinit.o(x$fpl$fpinit)
    x$fpl$fpinit                             0x0800282e   Section       26  fpinit.o(x$fpl$fpinit)
    uc_hextab                                0x08002848   Data          20  _printf_hex_int.o(.constdata)
    .constdata                               0x08002848   Section       40  _printf_hex_int.o(.constdata)
    lc_hextab                                0x0800285c   Data          20  _printf_hex_int.o(.constdata)
    maptable                                 0x08002870   Data          17  __printf_flags_wp.o(.constdata)
    .constdata                               0x08002870   Section       17  __printf_flags_wp.o(.constdata)
    Clip8                                    0x08002881   Data        1024  tjpgd.o(.rodata.Clip8)
    [Anonymous Symbol]                       0x08002881   Section        0  tjpgd.o(.rodata.Clip8)
    Ipsf                                     0x0800473a   Data         128  tjpgd.o(.rodata.Ipsf)
    [Anonymous Symbol]                       0x0800473a   Section        0  tjpgd.o(.rodata.Ipsf)
    Zig                                      0x080047ba   Data          64  tjpgd.o(.rodata.Zig)
    [Anonymous Symbol]                       0x080047ba   Section        0  tjpgd.o(.rodata.Zig)
    DrawProp.0                               0x20000000   Data           2  stm324xg_lcd_ili9341.o(.data..L_MergedGlobals)
    [Anonymous Symbol]                       0x20000000   Section        0  stm324xg_lcd_ili9341.o(.data..L_MergedGlobals)
    DrawProp.2                               0x20000004   Data           4  stm324xg_lcd_ili9341.o(.data..L_MergedGlobals)
    .bss                                     0x20000018   Section       96  libspace.o(.bss)
    [Anonymous Symbol]                       0x20000078   Section        0  hardwaresystem_ini.o(.bss..L_MergedGlobals)
    [Anonymous Symbol]                       0x20000088   Section        0  user_defined.o(.bss..L_MergedGlobals)
    [Anonymous Symbol]                       0x200000b8   Section        0  tjpgd_user.o(.bss..L_MergedGlobals)
    [Anonymous Symbol]                       0x20000100   Section        0  touch_module.o(.bss..L_MergedGlobals)
    [Anonymous Symbol]                       0x20000118   Section        0  stm324xg_lcd_ili9341.o(.bss..L_MergedGlobals.7)
    wf                                       0x2000011c   Data           2  stm324xg_lcd_ili9341.o(.bss..L_MergedGlobals.7)
    hf                                       0x2000011e   Data           2  stm324xg_lcd_ili9341.o(.bss..L_MergedGlobals.7)
    bytes_f                                  0x20000120   Data           2  stm324xg_lcd_ili9341.o(.bss..L_MergedGlobals.7)
    DrawProp.1                               0x20000128   Data           2  stm324xg_lcd_ili9341.o(.bss..L_MergedGlobals.7)
    TS_State                                 0x20000138   Data           6  main_samp.o(.bss.TS_State)
    [Anonymous Symbol]                       0x20000138   Section        0  main_samp.o(.bss.TS_State)
    Heap_Mem                                 0x20000140   Data       16384  startup_stm32f407xx.o(HEAP)
    HEAP                                     0x20000140   Section    16384  startup_stm32f407xx.o(HEAP)
    Stack_Mem                                0x20004140   Data        1024  startup_stm32f407xx.o(STACK)
    STACK                                    0x20004140   Section     1024  startup_stm32f407xx.o(STACK)
    __initial_sp                             0x20004540   Data           0  startup_stm32f407xx.o(STACK)

    Global Symbols

    Symbol Name                              Value     Ov Type        Size  Object(Section)

    BuildAttributes$$THM_ISAv4$E$P$D$K$B$S$7EM$VFPi3$EXTD16$VFPS$VFMA$PE$A:L22UL41UL21$X:L11$S22US41US21$IEEE1$IW$~IW$USESV6$~STKCKD$USESV7$~SHL$OTIME$ROPI$IEEEX$EBA8$UX$STANDARDLIB$REQ8$PRES8$EABIv2 0x00000000   Number         0  anon$$obj.o ABSOLUTE
    _printf_flags                            0x00000000   Number         0  printf_stubs.o ABSOLUTE
    _printf_return_value                     0x00000000   Number         0  printf_stubs.o ABSOLUTE
    _printf_sizespec                         0x00000000   Number         0  printf_stubs.o ABSOLUTE
    _printf_widthprec                        0x00000000   Number         0  printf_stubs.o ABSOLUTE
    __ARM_exceptions_init                     - Undefined Weak Reference
    __alloca_initialize                       - Undefined Weak Reference
    __arm_preinit_                            - Undefined Weak Reference
    __cpp_initialize__aeabi_                  - Undefined Weak Reference
    __cxa_finalize                            - Undefined Weak Reference
    __rt_locale                               - Undefined Weak Reference
    __sigvec_lookup                           - Undefined Weak Reference
    __user_heap_extent                        - Undefined Weak Reference
    _atexit_init                              - Undefined Weak Reference
    _call_atexit_fns                          - Undefined Weak Reference
    _clock_init                               - Undefined Weak Reference
    _fp_trap_init                             - Undefined Weak Reference
    _fp_trap_shutdown                         - Undefined Weak Reference
    _get_lc_collate                           - Undefined Weak Reference
    _get_lc_ctype                             - Undefined Weak Reference
    _get_lc_monetary                          - Undefined Weak Reference
    _get_lc_numeric                           - Undefined Weak Reference
    _get_lc_time                              - Undefined Weak Reference
    _getenv_init                              - Undefined Weak Reference
    _handle_redirection                       - Undefined Weak Reference
    _initio                                   - Undefined Weak Reference
    _mutex_acquire                            - Undefined Weak Reference
    _mutex_free                               - Undefined Weak Reference
    _mutex_release                            - Undefined Weak Reference
    _printf_truncate_signed                   - Undefined Weak Reference
    _printf_truncate_unsigned                 - Undefined Weak Reference
    _rand_init                                - Undefined Weak Reference
    _signal_finish                            - Undefined Weak Reference
    _signal_init                              - Undefined Weak Reference
    _terminateio                              - Undefined Weak Reference
    __Vectors_Size                           0x00000188   Number         0  startup_stm32f407xx.o ABSOLUTE
    __Vectors                                0x08000000   Data           4  startup_stm32f407xx.o(RESET)
    __Vectors_End                            0x08000188   Data           0  startup_stm32f407xx.o(RESET)
    __main                                   0x08000189   Thumb Code     8  __main.o(!!!main)
    __scatterload                            0x08000191   Thumb Code     0  __scatter.o(!!!scatter)
    __scatterload_rt2                        0x08000191   Thumb Code    44  __scatter.o(!!!scatter)
    __scatterload_rt2_thumb_only             0x08000191   Thumb Code     0  __scatter.o(!!!scatter)
    __scatterload_null                       0x0800019f   Thumb Code     0  __scatter.o(!!!scatter)
    __scatterload_copy                       0x080001c5   Thumb Code    26  __scatter_copy.o(!!handler_copy)
    __scatterload_zeroinit                   0x080001e1   Thumb Code    28  __scatter_zi.o(!!handler_zi)
    _printf_d                                0x080001fd   Thumb Code     0  _printf_d.o(.ARM.Collect$$_printf_percent$$00000009)
    _printf_percent                          0x080001fd   Thumb Code     0  _printf_percent.o(.ARM.Collect$$_printf_percent$$00000000)
    _printf_x                                0x08000203   Thumb Code     0  _printf_x.o(.ARM.Collect$$_printf_percent$$0000000C)
    _printf_percent_end                      0x08000209   Thumb Code     0  _printf_percent_end.o(.ARM.Collect$$_printf_percent$$00000017)
    __rt_lib_init                            0x0800020d   Thumb Code     0  libinit.o(.ARM.Collect$$libinit$$00000000)
    __rt_lib_init_fp_1                       0x0800020f   Thumb Code     0  libinit2.o(.ARM.Collect$$libinit$$00000001)
    __rt_lib_init_heap_2                     0x08000213   Thumb Code     0  libinit2.o(.ARM.Collect$$libinit$$00000005)
    __rt_lib_init_preinit_1                  0x08000213   Thumb Code     0  libinit2.o(.ARM.Collect$$libinit$$00000004)
    __rt_lib_init_alloca_1                   0x0800021b   Thumb Code     0  libinit2.o(.ARM.Collect$$libinit$$0000002E)
    __rt_lib_init_argv_1                     0x0800021b   Thumb Code     0  libinit2.o(.ARM.Collect$$libinit$$0000002C)
    __rt_lib_init_atexit_1                   0x0800021b   Thumb Code     0  libinit2.o(.ARM.Collect$$libinit$$0000001B)
    __rt_lib_init_clock_1                    0x0800021b   Thumb Code     0  libinit2.o(.ARM.Collect$$libinit$$00000021)
    __rt_lib_init_cpp_1                      0x0800021b   Thumb Code     0  libinit2.o(.ARM.Collect$$libinit$$00000032)
    __rt_lib_init_exceptions_1               0x0800021b   Thumb Code     0  libinit2.o(.ARM.Collect$$libinit$$00000030)
    __rt_lib_init_fp_trap_1                  0x0800021b   Thumb Code     0  libinit2.o(.ARM.Collect$$libinit$$0000001F)
    __rt_lib_init_getenv_1                   0x0800021b   Thumb Code     0  libinit2.o(.ARM.Collect$$libinit$$00000023)
    __rt_lib_init_heap_1                     0x0800021b   Thumb Code     0  libinit2.o(.ARM.Collect$$libinit$$0000000A)
    __rt_lib_init_lc_collate_1               0x0800021b   Thumb Code     0  libinit2.o(.ARM.Collect$$libinit$$00000011)
    __rt_lib_init_lc_ctype_1                 0x0800021b   Thumb Code     0  libinit2.o(.ARM.Collect$$libinit$$00000013)
    __rt_lib_init_lc_monetary_1              0x0800021b   Thumb Code     0  libinit2.o(.ARM.Collect$$libinit$$00000015)
    __rt_lib_init_lc_numeric_1               0x0800021b   Thumb Code     0  libinit2.o(.ARM.Collect$$libinit$$00000017)
    __rt_lib_init_lc_time_1                  0x0800021b   Thumb Code     0  libinit2.o(.ARM.Collect$$libinit$$00000019)
    __rt_lib_init_rand_1                     0x0800021b   Thumb Code     0  libinit2.o(.ARM.Collect$$libinit$$0000000E)
    __rt_lib_init_return                     0x0800021b   Thumb Code     0  libinit2.o(.ARM.Collect$$libinit$$00000033)
    __rt_lib_init_signal_1                   0x0800021b   Thumb Code     0  libinit2.o(.ARM.Collect$$libinit$$0000001D)
    __rt_lib_init_stdio_1                    0x0800021b   Thumb Code     0  libinit2.o(.ARM.Collect$$libinit$$00000025)
    __rt_lib_init_user_alloc_1               0x0800021b   Thumb Code     0  libinit2.o(.ARM.Collect$$libinit$$0000000C)
    __rt_lib_shutdown                        0x0800021d   Thumb Code     0  libshutdown.o(.ARM.Collect$$libshutdown$$00000000)
    __rt_lib_shutdown_cpp_1                  0x0800021f   Thumb Code     0  libshutdown2.o(.ARM.Collect$$libshutdown$$00000002)
    __rt_lib_shutdown_fp_trap_1              0x0800021f   Thumb Code     0  libshutdown2.o(.ARM.Collect$$libshutdown$$00000007)
    __rt_lib_shutdown_heap_1                 0x0800021f   Thumb Code     0  libshutdown2.o(.ARM.Collect$$libshutdown$$0000000F)
    __rt_lib_shutdown_return                 0x0800021f   Thumb Code     0  libshutdown2.o(.ARM.Collect$$libshutdown$$00000010)
    __rt_lib_shutdown_signal_1               0x0800021f   Thumb Code     0  libshutdown2.o(.ARM.Collect$$libshutdown$$0000000A)
    __rt_lib_shutdown_stdio_1                0x0800021f   Thumb Code     0  libshutdown2.o(.ARM.Collect$$libshutdown$$00000004)
    __rt_lib_shutdown_user_alloc_1           0x0800021f   Thumb Code     0  libshutdown2.o(.ARM.Collect$$libshutdown$$0000000C)
    __rt_entry                               0x08000221   Thumb Code     0  __rtentry.o(.ARM.Collect$$rtentry$$00000000)
    __rt_entry_presh_1                       0x08000221   Thumb Code     0  __rtentry2.o(.ARM.Collect$$rtentry$$00000002)
    __rt_entry_sh                            0x08000221   Thumb Code     0  __rtentry4.o(.ARM.Collect$$rtentry$$00000004)
    __rt_entry_li                            0x08000227   Thumb Code     0  __rtentry2.o(.ARM.Collect$$rtentry$$0000000A)
    __rt_entry_postsh_1                      0x08000227   Thumb Code     0  __rtentry2.o(.ARM.Collect$$rtentry$$00000009)
    __rt_entry_main                          0x0800022b   Thumb Code     0  __rtentry2.o(.ARM.Collect$$rtentry$$0000000D)
    __rt_entry_postli_1                      0x0800022b   Thumb Code     0  __rtentry2.o(.ARM.Collect$$rtentry$$0000000C)
    __rt_exit                                0x08000233   Thumb Code     0  rtexit.o(.ARM.Collect$$rtexit$$00000000)
    __rt_exit_ls                             0x08000235   Thumb Code     0  rtexit2.o(.ARM.Collect$$rtexit$$00000003)
    __rt_exit_prels_1                        0x08000235   Thumb Code     0  rtexit2.o(.ARM.Collect$$rtexit$$00000002)
    __rt_exit_exit                           0x08000239   Thumb Code     0  rtexit2.o(.ARM.Collect$$rtexit$$00000004)
    Reset_Handler                            0x08000241   Thumb Code     8  startup_stm32f407xx.o(.text)
    NMI_Handler                              0x08000249   Thumb Code     2  startup_stm32f407xx.o(.text)
    HardFault_Handler                        0x0800024b   Thumb Code     2  startup_stm32f407xx.o(.text)
    MemManage_Handler                        0x0800024d   Thumb Code     2  startup_stm32f407xx.o(.text)
    BusFault_Handler                         0x0800024f   Thumb Code     2  startup_stm32f407xx.o(.text)
    UsageFault_Handler                       0x08000251   Thumb Code     2  startup_stm32f407xx.o(.text)
    SVC_Handler                              0x08000253   Thumb Code     2  startup_stm32f407xx.o(.text)
    DebugMon_Handler                         0x08000255   Thumb Code     2  startup_stm32f407xx.o(.text)
    PendSV_Handler                           0x08000257   Thumb Code     2  startup_stm32f407xx.o(.text)
    ADC_IRQHandler                           0x0800025b   Thumb Code     0  startup_stm32f407xx.o(.text)
    CAN1_RX0_IRQHandler                      0x0800025b   Thumb Code     0  startup_stm32f407xx.o(.text)
    CAN1_RX1_IRQHandler                      0x0800025b   Thumb Code     0  startup_stm32f407xx.o(.text)
    CAN1_SCE_IRQHandler                      0x0800025b   Thumb Code     0  startup_stm32f407xx.o(.text)
    CAN1_TX_IRQHandler                       0x0800025b   Thumb Code     0  startup_stm32f407xx.o(.text)
    CAN2_RX0_IRQHandler                      0x0800025b   Thumb Code     0  startup_stm32f407xx.o(.text)
    CAN2_RX1_IRQHandler                      0x0800025b   Thumb Code     0  startup_stm32f407xx.o(.text)
    CAN2_SCE_IRQHandler                      0x0800025b   Thumb Code     0  startup_stm32f407xx.o(.text)
    CAN2_TX_IRQHandler                       0x0800025b   Thumb Code     0  startup_stm32f407xx.o(.text)
    DCMI_IRQHandler                          0x0800025b   Thumb Code     0  startup_stm32f407xx.o(.text)
    DMA1_Stream0_IRQHandler                  0x0800025b   Thumb Code     0  startup_stm32f407xx.o(.text)
    DMA1_Stream1_IRQHandler                  0x0800025b   Thumb Code     0  startup_stm32f407xx.o(.text)
    DMA1_Stream2_IRQHandler                  0x0800025b   Thumb Code     0  startup_stm32f407xx.o(.text)
    DMA1_Stream3_IRQHandler                  0x0800025b   Thumb Code     0  startup_stm32f407xx.o(.text)
    DMA1_Stream4_IRQHandler                  0x0800025b   Thumb Code     0  startup_stm32f407xx.o(.text)
    DMA1_Stream5_IRQHandler                  0x0800025b   Thumb Code     0  startup_stm32f407xx.o(.text)
    DMA1_Stream6_IRQHandler                  0x0800025b   Thumb Code     0  startup_stm32f407xx.o(.text)
    DMA1_Stream7_IRQHandler                  0x0800025b   Thumb Code     0  startup_stm32f407xx.o(.text)
    DMA2_Stream0_IRQHandler                  0x0800025b   Thumb Code     0  startup_stm32f407xx.o(.text)
    DMA2_Stream1_IRQHandler                  0x0800025b   Thumb Code     0  startup_stm32f407xx.o(.text)
    DMA2_Stream2_IRQHandler                  0x0800025b   Thumb Code     0  startup_stm32f407xx.o(.text)
    DMA2_Stream3_IRQHandler                  0x0800025b   Thumb Code     0  startup_stm32f407xx.o(.text)
    DMA2_Stream4_IRQHandler                  0x0800025b   Thumb Code     0  startup_stm32f407xx.o(.text)
    DMA2_Stream5_IRQHandler                  0x0800025b   Thumb Code     0  startup_stm32f407xx.o(.text)
    DMA2_Stream6_IRQHandler                  0x0800025b   Thumb Code     0  startup_stm32f407xx.o(.text)
    DMA2_Stream7_IRQHandler                  0x0800025b   Thumb Code     0  startup_stm32f407xx.o(.text)
    ETH_IRQHandler                           0x0800025b   Thumb Code     0  startup_stm32f407xx.o(.text)
    ETH_WKUP_IRQHandler                      0x0800025b   Thumb Code     0  startup_stm32f407xx.o(.text)
    EXTI15_10_IRQHandler                     0x0800025b   Thumb Code     0  startup_stm32f407xx.o(.text)
    EXTI1_IRQHandler                         0x0800025b   Thumb Code     0  startup_stm32f407xx.o(.text)
    EXTI2_IRQHandler                         0x0800025b   Thumb Code     0  startup_stm32f407xx.o(.text)
    EXTI3_IRQHandler                         0x0800025b   Thumb Code     0  startup_stm32f407xx.o(.text)
    EXTI4_IRQHandler                         0x0800025b   Thumb Code     0  startup_stm32f407xx.o(.text)
    EXTI9_5_IRQHandler                       0x0800025b   Thumb Code     0  startup_stm32f407xx.o(.text)
    FLASH_IRQHandler                         0x0800025b   Thumb Code     0  startup_stm32f407xx.o(.text)
    FMC_IRQHandler                           0x0800025b   Thumb Code     0  startup_stm32f407xx.o(.text)
    FPU_IRQHandler                           0x0800025b   Thumb Code     0  startup_stm32f407xx.o(.text)
    HASH_RNG_IRQHandler                      0x0800025b   Thumb Code     0  startup_stm32f407xx.o(.text)
    I2C1_ER_IRQHandler                       0x0800025b   Thumb Code     0  startup_stm32f407xx.o(.text)
    I2C1_EV_IRQHandler                       0x0800025b   Thumb Code     0  startup_stm32f407xx.o(.text)
    I2C2_ER_IRQHandler                       0x0800025b   Thumb Code     0  startup_stm32f407xx.o(.text)
    I2C2_EV_IRQHandler                       0x0800025b   Thumb Code     0  startup_stm32f407xx.o(.text)
    I2C3_ER_IRQHandler                       0x0800025b   Thumb Code     0  startup_stm32f407xx.o(.text)
    I2C3_EV_IRQHandler                       0x0800025b   Thumb Code     0  startup_stm32f407xx.o(.text)
    OTG_FS_IRQHandler                        0x0800025b   Thumb Code     0  startup_stm32f407xx.o(.text)
    OTG_FS_WKUP_IRQHandler                   0x0800025b   Thumb Code     0  startup_stm32f407xx.o(.text)
    OTG_HS_EP1_IN_IRQHandler                 0x0800025b   Thumb Code     0  startup_stm32f407xx.o(.text)
    OTG_HS_EP1_OUT_IRQHandler                0x0800025b   Thumb Code     0  startup_stm32f407xx.o(.text)
    OTG_HS_IRQHandler                        0x0800025b   Thumb Code     0  startup_stm32f407xx.o(.text)
    OTG_HS_WKUP_IRQHandler                   0x0800025b   Thumb Code     0  startup_stm32f407xx.o(.text)
    PVD_IRQHandler                           0x0800025b   Thumb Code     0  startup_stm32f407xx.o(.text)
    RCC_IRQHandler                           0x0800025b   Thumb Code     0  startup_stm32f407xx.o(.text)
    RTC_Alarm_IRQHandler                     0x0800025b   Thumb Code     0  startup_stm32f407xx.o(.text)
    RTC_WKUP_IRQHandler                      0x0800025b   Thumb Code     0  startup_stm32f407xx.o(.text)
    SDIO_IRQHandler                          0x0800025b   Thumb Code     0  startup_stm32f407xx.o(.text)
    SPI1_IRQHandler                          0x0800025b   Thumb Code     0  startup_stm32f407xx.o(.text)
    SPI2_IRQHandler                          0x0800025b   Thumb Code     0  startup_stm32f407xx.o(.text)
    SPI3_IRQHandler                          0x0800025b   Thumb Code     0  startup_stm32f407xx.o(.text)
    TAMP_STAMP_IRQHandler                    0x0800025b   Thumb Code     0  startup_stm32f407xx.o(.text)
    TIM1_BRK_TIM9_IRQHandler                 0x0800025b   Thumb Code     0  startup_stm32f407xx.o(.text)
    TIM1_CC_IRQHandler                       0x0800025b   Thumb Code     0  startup_stm32f407xx.o(.text)
    TIM1_TRG_COM_TIM11_IRQHandler            0x0800025b   Thumb Code     0  startup_stm32f407xx.o(.text)
    TIM1_UP_TIM10_IRQHandler                 0x0800025b   Thumb Code     0  startup_stm32f407xx.o(.text)
    TIM2_IRQHandler                          0x0800025b   Thumb Code     0  startup_stm32f407xx.o(.text)
    TIM3_IRQHandler                          0x0800025b   Thumb Code     0  startup_stm32f407xx.o(.text)
    TIM4_IRQHandler                          0x0800025b   Thumb Code     0  startup_stm32f407xx.o(.text)
    TIM5_IRQHandler                          0x0800025b   Thumb Code     0  startup_stm32f407xx.o(.text)
    TIM6_DAC_IRQHandler                      0x0800025b   Thumb Code     0  startup_stm32f407xx.o(.text)
    TIM7_IRQHandler                          0x0800025b   Thumb Code     0  startup_stm32f407xx.o(.text)
    TIM8_BRK_TIM12_IRQHandler                0x0800025b   Thumb Code     0  startup_stm32f407xx.o(.text)
    TIM8_CC_IRQHandler                       0x0800025b   Thumb Code     0  startup_stm32f407xx.o(.text)
    TIM8_TRG_COM_TIM14_IRQHandler            0x0800025b   Thumb Code     0  startup_stm32f407xx.o(.text)
    TIM8_UP_TIM13_IRQHandler                 0x0800025b   Thumb Code     0  startup_stm32f407xx.o(.text)
    UART4_IRQHandler                         0x0800025b   Thumb Code     0  startup_stm32f407xx.o(.text)
    UART5_IRQHandler                         0x0800025b   Thumb Code     0  startup_stm32f407xx.o(.text)
    USART1_IRQHandler                        0x0800025b   Thumb Code     0  startup_stm32f407xx.o(.text)
    USART2_IRQHandler                        0x0800025b   Thumb Code     0  startup_stm32f407xx.o(.text)
    USART3_IRQHandler                        0x0800025b   Thumb Code     0  startup_stm32f407xx.o(.text)
    USART6_IRQHandler                        0x0800025b   Thumb Code     0  startup_stm32f407xx.o(.text)
    WWDG_IRQHandler                          0x0800025b   Thumb Code     0  startup_stm32f407xx.o(.text)
    __user_initial_stackheap                 0x0800025d   Thumb Code     0  startup_stm32f407xx.o(.text)
    malloc                                   0x08000281   Thumb Code    94  h1_alloc.o(.text)
    free                                     0x080002df   Thumb Code    78  h1_free.o(.text)
    __2sprintf                               0x0800032d   Thumb Code    34  noretval__2sprintf.o(.text)
    _printf_pre_padding                      0x08000355   Thumb Code    44  _printf_pad.o(.text)
    _printf_post_padding                     0x08000381   Thumb Code    34  _printf_pad.o(.text)
    _printf_int_dec                          0x080003a5   Thumb Code   104  _printf_dec.o(.text)
    _printf_int_hex                          0x0800041d   Thumb Code    84  _printf_hex_int.o(.text)
    _printf_longlong_hex                     0x0800041d   Thumb Code     0  _printf_hex_int.o(.text)
    __printf                                 0x08000475   Thumb Code   308  __printf_flags_wp.o(.text)
    __aeabi_memcpy                           0x080005ad   Thumb Code     0  rt_memcpy_v6.o(.text)
    __rt_memcpy                              0x080005ad   Thumb Code   138  rt_memcpy_v6.o(.text)
    _memcpy_lastbytes                        0x08000613   Thumb Code     0  rt_memcpy_v6.o(.text)
    __aeabi_memclr4                          0x08000637   Thumb Code     0  rt_memclr_w.o(.text)
    __aeabi_memclr8                          0x08000637   Thumb Code     0  rt_memclr_w.o(.text)
    __rt_memclr_w                            0x08000637   Thumb Code    78  rt_memclr_w.o(.text)
    _memset_w                                0x0800063b   Thumb Code     0  rt_memclr_w.o(.text)
    __use_two_region_memory                  0x08000685   Thumb Code     2  heapauxi.o(.text)
    __rt_heap_escrow                         0x08000687   Thumb Code     2  heapauxi.o(.text)
    __rt_heap_expand                         0x08000689   Thumb Code     2  heapauxi.o(.text)
    __rt_heap_descriptor                     0x0800068d   Thumb Code     8  rt_heap_descriptor_intlibspace.o(.text)
    __use_no_heap                            0x08000695   Thumb Code     2  hguard.o(.text)
    __heap$guard                             0x08000697   Thumb Code     2  hguard.o(.text)
    _terminate_user_alloc                    0x08000699   Thumb Code     2  init_alloc.o(.text)
    _init_user_alloc                         0x0800069b   Thumb Code     2  init_alloc.o(.text)
    __Heap_Full                              0x0800069d   Thumb Code    34  init_alloc.o(.text)
    __Heap_Broken                            0x080006bf   Thumb Code     6  init_alloc.o(.text)
    _init_alloc                              0x080006c5   Thumb Code    94  init_alloc.o(.text)
    __Heap_Initialize                        0x08000723   Thumb Code    10  h1_init.o(.text)
    __Heap_DescSize                          0x0800072d   Thumb Code     4  h1_init.o(.text)
    _printf_int_common                       0x08000731   Thumb Code   178  _printf_intcommon.o(.text)
    _printf_char_common                      0x080007ef   Thumb Code    32  _printf_char_common.o(.text)
    _sputc                                   0x08000815   Thumb Code    10  _sputc.o(.text)
    __aeabi_memcpy4                          0x0800081f   Thumb Code     0  rt_memcpy_w.o(.text)
    __aeabi_memcpy8                          0x0800081f   Thumb Code     0  rt_memcpy_w.o(.text)
    __rt_memcpy_w                            0x0800081f   Thumb Code   100  rt_memcpy_w.o(.text)
    _memcpy_lastbytes_aligned                0x08000867   Thumb Code     0  rt_memcpy_w.o(.text)
    __user_libspace                          0x08000885   Thumb Code     8  libspace.o(.text)
    __user_perproc_libspace                  0x08000885   Thumb Code     0  libspace.o(.text)
    __user_perthread_libspace                0x08000885   Thumb Code     0  libspace.o(.text)
    __Heap_ProvideMemory                     0x0800088d   Thumb Code    52  h1_extend.o(.text)
    _maybe_terminate_alloc                   0x0800088d   Thumb Code     0  maybetermalloc1.o(.text)
    __rt_SIGRTMEM                            0x080008c1   Thumb Code    14  defsig_rtmem_outer.o(.text)
    __I$use$semihosting                      0x080008cf   Thumb Code     0  use_no_semi.o(.text)
    __use_no_semihosting_swi                 0x080008cf   Thumb Code     2  use_no_semi.o(.text)
    __semihosting_library_function           0x080008d1   Thumb Code     0  indicate_semi.o(.text)
    __user_setup_stackheap                   0x080008d1   Thumb Code    74  sys_stackheap_outer.o(.text)
    exit                                     0x0800091b   Thumb Code    18  exit.o(.text)
    __sig_exit                               0x0800092d   Thumb Code    10  defsig_exit.o(.text)
    __rt_SIGRTMEM_inner                      0x08000939   Thumb Code    22  defsig_rtmem_inner.o(.text)
    _sys_exit                                0x08000989   Thumb Code     8  sys_exit.o(.text)
    __default_signal_display                 0x08000995   Thumb Code    50  defsig_general.o(.text)
    _ttywrch                                 0x080009c7   Thumb Code    14  sys_wrch.o(.text)
    Cal_GetXY                                0x080009d5   Thumb Code   112  touch_module.o(.text.Cal_GetXY)
    Debounce                                 0x08000a45   Thumb Code    80  user_defined.o(.text.Debounce)
    Default_Calibration                      0x08000a95   Thumb Code    92  touch_module.o(.text.Default_Calibration)
    Delay_SPI                                0x08000af1   Thumb Code    34  driver_spi.o(.text.Delay_SPI)
    Driver_GPIO                              0x08000b15   Thumb Code   244  driver_spi.o(.text.Driver_GPIO)
    Driver_SPICS                             0x08000c09   Thumb Code    20  driver_spi.o(.text.Driver_SPICS)
    EXTI0_IRQHandler                         0x08000c1d   Thumb Code    80  user_defined.o(.text.EXTI0_IRQHandler)
    FSMC_NORSRAM_Extended_Timing_Init        0x08000c6d   Thumb Code    56  stm32f4xx_fsmc.o(.text.FSMC_NORSRAM_Extended_Timing_Init)
    FSMC_NORSRAM_Init                        0x08000ca5   Thumb Code   116  stm32f4xx_fsmc.o(.text.FSMC_NORSRAM_Init)
    FSMC_NORSRAM_Timing_Init                 0x08000d19   Thumb Code    60  stm32f4xx_fsmc.o(.text.FSMC_NORSRAM_Timing_Init)
    HAL_RCC_GetSysClockFreq                  0x08000e9d   Thumb Code    80  hardwaresystem_ini.o(.text.HAL_RCC_GetSysClockFreq)
    HoldCheck_per_4ms                        0x08000eed   Thumb Code    44  user_defined.o(.text.HoldCheck_per_4ms)
    LCD_Clear                                0x08000f19   Thumb Code    48  stm324xg_lcd_ili9341.o(.text.LCD_Clear)
    LCD_DisplayDevID                         0x08000f49   Thumb Code    60  stm324xg_lcd_ili9341.o(.text.LCD_DisplayDevID)
    LCD_DisplayOn                            0x08000f85   Thumb Code    20  stm324xg_lcd_ili9341.o(.text.LCD_DisplayOn)
    LCD_DisplayStringAt                      0x08000f99   Thumb Code   104  stm324xg_lcd_ili9341.o(.text.LCD_DisplayStringAt)
    LCD_DisplayStringLineCol                 0x08001001   Thumb Code    28  stm324xg_lcd_ili9341.o(.text.LCD_DisplayStringLineCol)
    LCD_DrawJPG                              0x080010fd   Thumb Code   304  tjpgd_user.o(.text.LCD_DrawJPG)
    LCD_DrawRGBImage                         0x0800122d   Thumb Code   104  stm324xg_lcd_ili9341.o(.text.LCD_DrawRGBImage)
    LCD_FSMCConfig                           0x08001295   Thumb Code   164  stm324xg_lcd_ili9341.o(.text.LCD_FSMCConfig)
    LCD_FillRect                             0x08001339   Thumb Code    64  stm324xg_lcd_ili9341.o(.text.LCD_FillRect)
    LCD_Init                                 0x08001379   Thumb Code   516  stm324xg_lcd_ili9341.o(.text.LCD_Init)
    LCD_OpenWin                              0x0800157d   Thumb Code    60  stm324xg_lcd_ili9341.o(.text.LCD_OpenWin)
    LCD_Pixel_Height                         0x080015b9   Thumb Code     4  stm324xg_lcd_ili9341.o(.text.LCD_Pixel_Height)
    LCD_Pixel_Width                          0x080015bd   Thumb Code     6  stm324xg_lcd_ili9341.o(.text.LCD_Pixel_Width)
    LCD_Reset                                0x080015c5   Thumb Code    36  stm324xg_lcd_ili9341.o(.text.LCD_Reset)
    LCD_RestoreFont                          0x080015e9   Thumb Code     8  stm324xg_lcd_ili9341.o(.text.LCD_RestoreFont)
    LCD_SaveFont                             0x080015f1   Thumb Code    12  stm324xg_lcd_ili9341.o(.text.LCD_SaveFont)
    LCD_SetColors                            0x080015fd   Thumb Code    32  stm324xg_lcd_ili9341.o(.text.LCD_SetColors)
    LCD_SetFont                              0x0800161d   Thumb Code    28  stm324xg_lcd_ili9341.o(.text.LCD_SetFont)
    LCD_SetTextColor                         0x08001639   Thumb Code    24  stm324xg_lcd_ili9341.o(.text.LCD_SetTextColor)
    SysTick_Handler                          0x08001651   Thumb Code    44  user_defined.o(.text.SysTick_Handler)
    SystemInit                               0x0800167d   Thumb Code    16  hardwaresystem_ini.o(.text.SystemInit)
    TS_GetState                              0x0800168d   Thumb Code    68  touch_module.o(.text.TS_GetState)
    Touch_GetVal                             0x080016d1   Thumb Code    46  touch_module.o(.text.Touch_GetVal)
    Touch_SPIRead                            0x08001701   Thumb Code    68  driver_spi.o(.text.Touch_SPIRead)
    Touch_SPIWrite                           0x08001745   Thumb Code    96  driver_spi.o(.text.Touch_SPIWrite)
    Wait_PressPA0                            0x080017a5   Thumb Code    36  main_samp.o(.text.Wait_PressPA0)
    delay_ms                                 0x08001871   Thumb Code    20  user_defined.o(.text.delay_ms)
    get_JPG_error_code                       0x08001885   Thumb Code    12  tjpgd_user.o(.text.get_JPG_error_code)
    get_scale                                0x08001891   Thumb Code    68  tjpgd_user.o(.text.get_scale)
    in_func                                  0x080019ab   Thumb Code    30  tjpgd_user.o(.text.in_func)
    jd_decomp                                0x080019c9   Thumb Code  1944  tjpgd.o(.text.jd_decomp)
    jd_prepare                               0x08002161   Thumb Code  1124  tjpgd.o(.text.jd_prepare)
    main                                     0x080025c5   Thumb Code   248  main_samp.o(.text.main)
    out_func                                 0x08002715   Thumb Code    52  tjpgd_user.o(.text.out_func)
    stm32f4_Hardware_Init                    0x08002749   Thumb Code   216  hardwaresystem_ini.o(.text.stm32f4_Hardware_Init)
    _is_digit                                0x08002821   Thumb Code    14  __printf_wp.o(i._is_digit)
    _fp_init                                 0x0800282f   Thumb Code    26  fpinit.o(x$fpl$fpinit)
    __fplib_config_fpu_vfp                   0x08002847   Thumb Code     0  fpinit.o(x$fpl$fpinit)
    __fplib_config_pureend_doubles           0x08002847   Thumb Code     0  fpinit.o(x$fpl$fpinit)
    Font16_Table                             0x08002c81   Data        3040  stm324xg_lcd_ili9341.o(.rodata.Font16_Table)
    Font20_Table                             0x08003861   Data        3800  stm324xg_lcd_ili9341.o(.rodata.Font20_Table)
    Region$$Table$$Base                      0x080047fc   Number         0  anon$$obj.o(Region$$Table)
    Region$$Table$$Limit                     0x0800481c   Number         0  anon$$obj.o(Region$$Table)
    Font20                                   0x20000008   Data           8  stm324xg_lcd_ili9341.o(.data..L_MergedGlobals)
    Font16                                   0x20000010   Data           8  stm324xg_lcd_ili9341.o(.data.Font16)
    __libspace_start                         0x20000018   Data          96  libspace.o(.bss)
    SYS_Freq                                 0x20000078   Data           4  hardwaresystem_ini.o(.bss..L_MergedGlobals)
    __temporary_stack_top$libspace           0x20000078   Data           0  libspace.o(.bss)
    HCLK_Freq                                0x2000007c   Data           4  hardwaresystem_ini.o(.bss..L_MergedGlobals)
    PCLK1_Freq                               0x20000080   Data           4  hardwaresystem_ini.o(.bss..L_MergedGlobals)
    PCLK2_Freq                               0x20000084   Data           4  hardwaresystem_ini.o(.bss..L_MergedGlobals)
    trig_PASS                                0x20000088   Data           1  user_defined.o(.bss..L_MergedGlobals)
    trig_status                              0x20000089   Data           1  user_defined.o(.bss..L_MergedGlobals)
    msTick                                   0x2000008c   Data           4  user_defined.o(.bss..L_MergedGlobals)
    HoldRequestTime                          0x20000090   Data           4  user_defined.o(.bss..L_MergedGlobals)
    MyCounts                                 0x20000094   Data           4  user_defined.o(.bss..L_MergedGlobals)
    debState                                 0x20000098   Data          16  user_defined.o(.bss..L_MergedGlobals)
    waitCnt                                  0x200000a8   Data          16  user_defined.o(.bss..L_MergedGlobals)
    LCDwindow                                0x200000b8   Data           8  tjpgd_user.o(.bss..L_MergedGlobals)
    text                                     0x200000c0   Data          64  tjpgd_user.o(.bss..L_MergedGlobals)
    X1                                       0x20000100   Data           4  touch_module.o(.bss..L_MergedGlobals)
    Xx                                       0x20000104   Data           4  touch_module.o(.bss..L_MergedGlobals)
    Xy                                       0x20000108   Data           4  touch_module.o(.bss..L_MergedGlobals)
    Y1                                       0x2000010c   Data           4  touch_module.o(.bss..L_MergedGlobals)
    Yy                                       0x20000110   Data           4  touch_module.o(.bss..L_MergedGlobals)
    Yx                                       0x20000114   Data           4  touch_module.o(.bss..L_MergedGlobals)
    lcd_id                                   0x20000118   Data           2  stm324xg_lcd_ili9341.o(.bss..L_MergedGlobals.7)
    GRAM_mode                                0x2000011a   Data           2  stm324xg_lcd_ili9341.o(.bss..L_MergedGlobals.7)
    ltColor                                  0x20000122   Data           2  stm324xg_lcd_ili9341.o(.bss..L_MergedGlobals.7)
    lbColor                                  0x20000124   Data           2  stm324xg_lcd_ili9341.o(.bss..L_MergedGlobals.7)
    GPIO_reset                               0x2000012c   Data           4  stm324xg_lcd_ili9341.o(.bss..L_MergedGlobals.7)
    GPIO_backlight                           0x20000130   Data           4  stm324xg_lcd_ili9341.o(.bss..L_MergedGlobals.7)
    lFont                                    0x20000134   Data           4  stm324xg_lcd_ili9341.o(.bss..L_MergedGlobals.7)



==============================================================================

Memory Map of the image

  Image Entry point : 0x08000189

  Load Region LR_IROM1 (Base: 0x08000000, Size: 0x00004838, Max: 0x00100000, ABSOLUTE)

    Execution Region ER_IROM1 (Exec base: 0x08000000, Load base: 0x08000000, Size: 0x0000481c, Max: 0x00100000, ABSOLUTE)

    Exec Addr    Load Addr    Size         Type   Attr      Idx    E Section Name        Object

    0x08000000   0x08000000   0x00000188   Data   RO          439    RESET               startup_stm32f407xx.o
    0x08000188   0x08000188   0x00000008   Code   RO          585  * !!!main             c_w.l(__main.o)
    0x08000190   0x08000190   0x00000034   Code   RO          897    !!!scatter          c_w.l(__scatter.o)
    0x080001c4   0x080001c4   0x0000001a   Code   RO          899    !!handler_copy      c_w.l(__scatter_copy.o)
    0x080001de   0x080001de   0x00000002   PAD
    0x080001e0   0x080001e0   0x0000001c   Code   RO          901    !!handler_zi        c_w.l(__scatter_zi.o)
    0x080001fc   0x080001fc   0x00000000   Code   RO          578    .ARM.Collect$$_printf_percent$$00000000  c_w.l(_printf_percent.o)
    0x080001fc   0x080001fc   0x00000006   Code   RO          577    .ARM.Collect$$_printf_percent$$00000009  c_w.l(_printf_d.o)
    0x08000202   0x08000202   0x00000006   Code   RO          576    .ARM.Collect$$_printf_percent$$0000000C  c_w.l(_printf_x.o)
    0x08000208   0x08000208   0x00000004   Code   RO          657    .ARM.Collect$$_printf_percent$$00000017  c_w.l(_printf_percent_end.o)
    0x0800020c   0x0800020c   0x00000002   Code   RO          832    .ARM.Collect$$libinit$$00000000  c_w.l(libinit.o)
    0x0800020e   0x0800020e   0x00000004   Code   RO          662    .ARM.Collect$$libinit$$00000001  c_w.l(libinit2.o)
    0x08000212   0x08000212   0x00000000   Code   RO          665    .ARM.Collect$$libinit$$00000004  c_w.l(libinit2.o)
    0x08000212   0x08000212   0x00000008   Code   RO          666    .ARM.Collect$$libinit$$00000005  c_w.l(libinit2.o)
    0x0800021a   0x0800021a   0x00000000   Code   RO          668    .ARM.Collect$$libinit$$0000000A  c_w.l(libinit2.o)
    0x0800021a   0x0800021a   0x00000000   Code   RO          670    .ARM.Collect$$libinit$$0000000C  c_w.l(libinit2.o)
    0x0800021a   0x0800021a   0x00000000   Code   RO          672    .ARM.Collect$$libinit$$0000000E  c_w.l(libinit2.o)
    0x0800021a   0x0800021a   0x00000000   Code   RO          675    .ARM.Collect$$libinit$$00000011  c_w.l(libinit2.o)
    0x0800021a   0x0800021a   0x00000000   Code   RO          677    .ARM.Collect$$libinit$$00000013  c_w.l(libinit2.o)
    0x0800021a   0x0800021a   0x00000000   Code   RO          679    .ARM.Collect$$libinit$$00000015  c_w.l(libinit2.o)
    0x0800021a   0x0800021a   0x00000000   Code   RO          681    .ARM.Collect$$libinit$$00000017  c_w.l(libinit2.o)
    0x0800021a   0x0800021a   0x00000000   Code   RO          683    .ARM.Collect$$libinit$$00000019  c_w.l(libinit2.o)
    0x0800021a   0x0800021a   0x00000000   Code   RO          685    .ARM.Collect$$libinit$$0000001B  c_w.l(libinit2.o)
    0x0800021a   0x0800021a   0x00000000   Code   RO          687    .ARM.Collect$$libinit$$0000001D  c_w.l(libinit2.o)
    0x0800021a   0x0800021a   0x00000000   Code   RO          689    .ARM.Collect$$libinit$$0000001F  c_w.l(libinit2.o)
    0x0800021a   0x0800021a   0x00000000   Code   RO          691    .ARM.Collect$$libinit$$00000021  c_w.l(libinit2.o)
    0x0800021a   0x0800021a   0x00000000   Code   RO          693    .ARM.Collect$$libinit$$00000023  c_w.l(libinit2.o)
    0x0800021a   0x0800021a   0x00000000   Code   RO          695    .ARM.Collect$$libinit$$00000025  c_w.l(libinit2.o)
    0x0800021a   0x0800021a   0x00000000   Code   RO          699    .ARM.Collect$$libinit$$0000002C  c_w.l(libinit2.o)
    0x0800021a   0x0800021a   0x00000000   Code   RO          701    .ARM.Collect$$libinit$$0000002E  c_w.l(libinit2.o)
    0x0800021a   0x0800021a   0x00000000   Code   RO          703    .ARM.Collect$$libinit$$00000030  c_w.l(libinit2.o)
    0x0800021a   0x0800021a   0x00000000   Code   RO          705    .ARM.Collect$$libinit$$00000032  c_w.l(libinit2.o)
    0x0800021a   0x0800021a   0x00000002   Code   RO          706    .ARM.Collect$$libinit$$00000033  c_w.l(libinit2.o)
    0x0800021c   0x0800021c   0x00000002   Code   RO          894    .ARM.Collect$$libshutdown$$00000000  c_w.l(libshutdown.o)
    0x0800021e   0x0800021e   0x00000000   Code   RO          848    .ARM.Collect$$libshutdown$$00000002  c_w.l(libshutdown2.o)
    0x0800021e   0x0800021e   0x00000000   Code   RO          850    .ARM.Collect$$libshutdown$$00000004  c_w.l(libshutdown2.o)
    0x0800021e   0x0800021e   0x00000000   Code   RO          853    .ARM.Collect$$libshutdown$$00000007  c_w.l(libshutdown2.o)
    0x0800021e   0x0800021e   0x00000000   Code   RO          856    .ARM.Collect$$libshutdown$$0000000A  c_w.l(libshutdown2.o)
    0x0800021e   0x0800021e   0x00000000   Code   RO          858    .ARM.Collect$$libshutdown$$0000000C  c_w.l(libshutdown2.o)
    0x0800021e   0x0800021e   0x00000000   Code   RO          861    .ARM.Collect$$libshutdown$$0000000F  c_w.l(libshutdown2.o)
    0x0800021e   0x0800021e   0x00000002   Code   RO          862    .ARM.Collect$$libshutdown$$00000010  c_w.l(libshutdown2.o)
    0x08000220   0x08000220   0x00000000   Code   RO          625    .ARM.Collect$$rtentry$$00000000  c_w.l(__rtentry.o)
    0x08000220   0x08000220   0x00000000   Code   RO          756    .ARM.Collect$$rtentry$$00000002  c_w.l(__rtentry2.o)
    0x08000220   0x08000220   0x00000006   Code   RO          768    .ARM.Collect$$rtentry$$00000004  c_w.l(__rtentry4.o)
    0x08000226   0x08000226   0x00000000   Code   RO          758    .ARM.Collect$$rtentry$$00000009  c_w.l(__rtentry2.o)
    0x08000226   0x08000226   0x00000004   Code   RO          759    .ARM.Collect$$rtentry$$0000000A  c_w.l(__rtentry2.o)
    0x0800022a   0x0800022a   0x00000000   Code   RO          761    .ARM.Collect$$rtentry$$0000000C  c_w.l(__rtentry2.o)
    0x0800022a   0x0800022a   0x00000008   Code   RO          762    .ARM.Collect$$rtentry$$0000000D  c_w.l(__rtentry2.o)
    0x08000232   0x08000232   0x00000002   Code   RO          837    .ARM.Collect$$rtexit$$00000000  c_w.l(rtexit.o)
    0x08000234   0x08000234   0x00000000   Code   RO          868    .ARM.Collect$$rtexit$$00000002  c_w.l(rtexit2.o)
    0x08000234   0x08000234   0x00000004   Code   RO          869    .ARM.Collect$$rtexit$$00000003  c_w.l(rtexit2.o)
    0x08000238   0x08000238   0x00000006   Code   RO          870    .ARM.Collect$$rtexit$$00000004  c_w.l(rtexit2.o)
    0x0800023e   0x0800023e   0x00000002   PAD
    0x08000240   0x08000240   0x00000040   Code   RO          440    .text               startup_stm32f407xx.o
    0x08000280   0x08000280   0x0000005e   Code   RO          467    .text               c_w.l(h1_alloc.o)
    0x080002de   0x080002de   0x0000004e   Code   RO          469    .text               c_w.l(h1_free.o)
    0x0800032c   0x0800032c   0x00000028   Code   RO          527    .text               c_w.l(noretval__2sprintf.o)
    0x08000354   0x08000354   0x0000004e   Code   RO          531    .text               c_w.l(_printf_pad.o)
    0x080003a2   0x080003a2   0x00000002   PAD
    0x080003a4   0x080003a4   0x00000078   Code   RO          533    .text               c_w.l(_printf_dec.o)
    0x0800041c   0x0800041c   0x00000058   Code   RO          538    .text               c_w.l(_printf_hex_int.o)
    0x08000474   0x08000474   0x00000138   Code   RO          568    .text               c_w.l(__printf_flags_wp.o)
    0x080005ac   0x080005ac   0x0000008a   Code   RO          579    .text               c_w.l(rt_memcpy_v6.o)
    0x08000636   0x08000636   0x0000004e   Code   RO          581    .text               c_w.l(rt_memclr_w.o)
    0x08000684   0x08000684   0x00000006   Code   RO          583    .text               c_w.l(heapauxi.o)
    0x0800068a   0x0800068a   0x00000002   PAD
    0x0800068c   0x0800068c   0x00000008   Code   RO          629    .text               c_w.l(rt_heap_descriptor_intlibspace.o)
    0x08000694   0x08000694   0x00000004   Code   RO          631    .text               c_w.l(hguard.o)
    0x08000698   0x08000698   0x0000008a   Code   RO          633    .text               c_w.l(init_alloc.o)
    0x08000722   0x08000722   0x0000000e   Code   RO          637    .text               c_w.l(h1_init.o)
    0x08000730   0x08000730   0x000000b2   Code   RO          651    .text               c_w.l(_printf_intcommon.o)
    0x080007e2   0x080007e2   0x00000002   PAD
    0x080007e4   0x080007e4   0x00000030   Code   RO          653    .text               c_w.l(_printf_char_common.o)
    0x08000814   0x08000814   0x0000000a   Code   RO          655    .text               c_w.l(_sputc.o)
    0x0800081e   0x0800081e   0x00000064   Code   RO          658    .text               c_w.l(rt_memcpy_w.o)
    0x08000882   0x08000882   0x00000002   PAD
    0x08000884   0x08000884   0x00000008   Code   RO          752    .text               c_w.l(libspace.o)
    0x0800088c   0x0800088c   0x00000000   Code   RO          777    .text               c_w.l(maybetermalloc1.o)
    0x0800088c   0x0800088c   0x00000034   Code   RO          779    .text               c_w.l(h1_extend.o)
    0x080008c0   0x080008c0   0x0000000e   Code   RO          785    .text               c_w.l(defsig_rtmem_outer.o)
    0x080008ce   0x080008ce   0x00000002   Code   RO          808    .text               c_w.l(use_no_semi.o)
    0x080008d0   0x080008d0   0x00000000   Code   RO          810    .text               c_w.l(indicate_semi.o)
    0x080008d0   0x080008d0   0x0000004a   Code   RO          811    .text               c_w.l(sys_stackheap_outer.o)
    0x0800091a   0x0800091a   0x00000012   Code   RO          817    .text               c_w.l(exit.o)
    0x0800092c   0x0800092c   0x0000000a   Code   RO          819    .text               c_w.l(defsig_exit.o)
    0x08000936   0x08000936   0x00000002   PAD
    0x08000938   0x08000938   0x00000050   Code   RO          821    .text               c_w.l(defsig_rtmem_inner.o)
    0x08000988   0x08000988   0x0000000c   Code   RO          833    .text               c_w.l(sys_exit.o)
    0x08000994   0x08000994   0x00000032   Code   RO          845    .text               c_w.l(defsig_general.o)
    0x080009c6   0x080009c6   0x0000000e   Code   RO          863    .text               c_w.l(sys_wrch.o)
    0x080009d4   0x080009d4   0x00000070   Code   RO          401    .text.Cal_GetXY     touch_module.o
    0x08000a44   0x08000a44   0x00000050   Code   RO           35    .text.Debounce      user_defined.o
    0x08000a94   0x08000a94   0x0000005c   Code   RO          409    .text.Default_Calibration  touch_module.o
    0x08000af0   0x08000af0   0x00000022   Code   RO          364    .text.Delay_SPI     driver_spi.o
    0x08000b12   0x08000b12   0x00000002   PAD
    0x08000b14   0x08000b14   0x000000f4   Code   RO          354    .text.Driver_GPIO   driver_spi.o
    0x08000c08   0x08000c08   0x00000014   Code   RO          356    .text.Driver_SPICS  driver_spi.o
    0x08000c1c   0x08000c1c   0x00000050   Code   RO           37    .text.EXTI0_IRQHandler  user_defined.o
    0x08000c6c   0x08000c6c   0x00000038   Code   RO           62    .text.FSMC_NORSRAM_Extended_Timing_Init  stm32f4xx_fsmc.o
    0x08000ca4   0x08000ca4   0x00000074   Code   RO           56    .text.FSMC_NORSRAM_Init  stm32f4xx_fsmc.o
    0x08000d18   0x08000d18   0x0000003c   Code   RO           60    .text.FSMC_NORSRAM_Timing_Init  stm32f4xx_fsmc.o
    0x08000d54   0x08000d54   0x000000e4   Code   RO          120    .text.GPIO_AF12PPhigh  stm324xg_lcd_ili9341.o
    0x08000e38   0x08000e38   0x00000064   Code   RO          118    .text.GPIO_outPPhigh  stm324xg_lcd_ili9341.o
    0x08000e9c   0x08000e9c   0x00000050   Code   RO            6    .text.HAL_RCC_GetSysClockFreq  hardwaresystem_ini.o
    0x08000eec   0x08000eec   0x0000002c   Code   RO           45    .text.HoldCheck_per_4ms  user_defined.o
    0x08000f18   0x08000f18   0x00000030   Code   RO          126    .text.LCD_Clear     stm324xg_lcd_ili9341.o
    0x08000f48   0x08000f48   0x0000003c   Code   RO          110    .text.LCD_DisplayDevID  stm324xg_lcd_ili9341.o
    0x08000f84   0x08000f84   0x00000014   Code   RO          128    .text.LCD_DisplayOn  stm324xg_lcd_ili9341.o
    0x08000f98   0x08000f98   0x00000068   Code   RO          150    .text.LCD_DisplayStringAt  stm324xg_lcd_ili9341.o
    0x08001000   0x08001000   0x0000001c   Code   RO          112    .text.LCD_DisplayStringLineCol  stm324xg_lcd_ili9341.o
    0x0800101c   0x0800101c   0x000000e0   Code   RO          152    .text.LCD_DisplayStringSegment  stm324xg_lcd_ili9341.o
    0x080010fc   0x080010fc   0x00000130   Code   RO          239    .text.LCD_DrawJPG   tjpgd_user.o
    0x0800122c   0x0800122c   0x00000068   Code   RO          176    .text.LCD_DrawRGBImage  stm324xg_lcd_ili9341.o
    0x08001294   0x08001294   0x000000a4   Code   RO          106    .text.LCD_FSMCConfig  stm324xg_lcd_ili9341.o
    0x08001338   0x08001338   0x00000040   Code   RO          166    .text.LCD_FillRect  stm324xg_lcd_ili9341.o
    0x08001378   0x08001378   0x00000204   Code   RO          116    .text.LCD_Init      stm324xg_lcd_ili9341.o
    0x0800157c   0x0800157c   0x0000003c   Code   RO          130    .text.LCD_OpenWin   stm324xg_lcd_ili9341.o
    0x080015b8   0x080015b8   0x00000004   Code   RO          104    .text.LCD_Pixel_Height  stm324xg_lcd_ili9341.o
    0x080015bc   0x080015bc   0x00000006   Code   RO          102    .text.LCD_Pixel_Width  stm324xg_lcd_ili9341.o
    0x080015c2   0x080015c2   0x00000002   PAD
    0x080015c4   0x080015c4   0x00000024   Code   RO          114    .text.LCD_Reset     stm324xg_lcd_ili9341.o
    0x080015e8   0x080015e8   0x00000008   Code   RO          202    .text.LCD_RestoreFont  stm324xg_lcd_ili9341.o
    0x080015f0   0x080015f0   0x0000000c   Code   RO          200    .text.LCD_SaveFont  stm324xg_lcd_ili9341.o
    0x080015fc   0x080015fc   0x00000020   Code   RO          124    .text.LCD_SetColors  stm324xg_lcd_ili9341.o
    0x0800161c   0x0800161c   0x0000001c   Code   RO          122    .text.LCD_SetFont   stm324xg_lcd_ili9341.o
    0x08001638   0x08001638   0x00000018   Code   RO          142    .text.LCD_SetTextColor  stm324xg_lcd_ili9341.o
    0x08001650   0x08001650   0x0000002c   Code   RO           23    .text.SysTick_Handler  user_defined.o
    0x0800167c   0x0800167c   0x00000010   Code   RO            2    .text.SystemInit    hardwaresystem_ini.o
    0x0800168c   0x0800168c   0x00000044   Code   RO          399    .text.TS_GetState   touch_module.o
    0x080016d0   0x080016d0   0x0000002e   Code   RO          395    .text.Touch_GetVal  touch_module.o
    0x080016fe   0x080016fe   0x00000002   PAD
    0x08001700   0x08001700   0x00000044   Code   RO          366    .text.Touch_SPIRead  driver_spi.o
    0x08001744   0x08001744   0x00000060   Code   RO          368    .text.Touch_SPIWrite  driver_spi.o
    0x080017a4   0x080017a4   0x00000024   Code   RO          294    .text.Wait_PressPA0  main_samp.o
    0x080017c8   0x080017c8   0x0000001e   Code   RO          252    .text.alloc_pool    tjpgd.o
    0x080017e6   0x080017e6   0x0000008a   Code   RO          258    .text.bitext        tjpgd.o
    0x08001870   0x08001870   0x00000014   Code   RO           25    .text.delay_ms      user_defined.o
    0x08001884   0x08001884   0x0000000c   Code   RO          237    .text.get_JPG_error_code  tjpgd_user.o
    0x08001890   0x08001890   0x00000044   Code   RO          235    .text.get_scale     tjpgd_user.o
    0x080018d4   0x080018d4   0x000000d6   Code   RO          256    .text.huffext       tjpgd.o
    0x080019aa   0x080019aa   0x0000001e   Code   RO          231    .text.in_func       tjpgd_user.o
    0x080019c8   0x080019c8   0x00000798   Code   RO          254    .text.jd_decomp     tjpgd.o
    0x08002160   0x08002160   0x00000464   Code   RO          250    .text.jd_prepare    tjpgd.o
    0x080025c4   0x080025c4   0x000000f8   Code   RO          292    .text.main          main_samp.o
    0x080026bc   0x080026bc   0x00000044   Code   RO           12    .text.my_getHCLKFreq  hardwaresystem_ini.o
    0x08002700   0x08002700   0x00000014   Code   RO           10    .text.my_getPCLKx_Freq  hardwaresystem_ini.o
    0x08002714   0x08002714   0x00000034   Code   RO          233    .text.out_func      tjpgd_user.o
    0x08002748   0x08002748   0x000000d8   Code   RO            8    .text.stm32f4_Hardware_Init  hardwaresystem_ini.o
    0x08002820   0x08002820   0x0000000e   Code   RO          566    i._is_digit         c_w.l(__printf_wp.o)
    0x0800282e   0x0800282e   0x0000001a   Code   RO          796    x$fpl$fpinit        fz_wm.l(fpinit.o)
    0x08002848   0x08002848   0x00000028   Data   RO          539    .constdata          c_w.l(_printf_hex_int.o)
    0x08002870   0x08002870   0x00000011   Data   RO          569    .constdata          c_w.l(__printf_flags_wp.o)
    0x08002881   0x08002881   0x00000400   Data   RO          262    .rodata.Clip8       tjpgd.o
    0x08002c81   0x08002c81   0x00000be0   Data   RO          214    .rodata.Font16_Table  stm324xg_lcd_ili9341.o
    0x08003861   0x08003861   0x00000ed8   Data   RO          216    .rodata.Font20_Table  stm324xg_lcd_ili9341.o
    0x08004739   0x08004739   0x00000001   PAD
    0x0800473a   0x0800473a   0x00000080   Data   RO          261    .rodata.Ipsf        tjpgd.o
    0x080047ba   0x080047ba   0x00000040   Data   RO          260    .rodata.Zig         tjpgd.o
    0x080047fa   0x080047fa   0x00000002   PAD
    0x080047fc   0x080047fc   0x00000020   Data   RO          896    Region$$Table       anon$$obj.o


    Execution Region RW_IRAM1 (Exec base: 0x20000000, Load base: 0x08004820, Size: 0x00004540, Max: 0x00020000, ABSOLUTE)

    Exec Addr    Load Addr    Size         Type   Attr      Idx    E Section Name        Object

    0x20000000   0x08004820   0x00000010   Data   RW          221    .data..L_MergedGlobals  stm324xg_lcd_ili9341.o
    0x20000010   0x08004830   0x00000008   Data   RW          215    .data.Font16        stm324xg_lcd_ili9341.o
    0x20000018        -       0x00000060   Zero   RW          753    .bss                c_w.l(libspace.o)
    0x20000078        -       0x00000010   Zero   RW           14    .bss..L_MergedGlobals  hardwaresystem_ini.o
    0x20000088        -       0x00000030   Zero   RW           47    .bss..L_MergedGlobals  user_defined.o
    0x200000b8        -       0x00000048   Zero   RW          241    .bss..L_MergedGlobals  tjpgd_user.o
    0x20000100        -       0x00000018   Zero   RW          412    .bss..L_MergedGlobals  touch_module.o
    0x20000118        -       0x00000020   Zero   RW          222    .bss..L_MergedGlobals.7  stm324xg_lcd_ili9341.o
    0x20000138        -       0x00000006   Zero   RW          296    .bss.TS_State       main_samp.o
    0x2000013e   0x08004838   0x00000002   PAD
    0x20000140        -       0x00004000   Zero   RW          438    HEAP                startup_stm32f407xx.o
    0x20004140        -       0x00000400   Zero   RW          437    STACK               startup_stm32f407xx.o


==============================================================================

Image component sizes


      Code (inc. data)   RO Data    RW Data    ZI Data      Debug   Object Name

       462         24          0          0          0       3719   driver_spi.o
       400         84          0          0         16       4104   hardwaresystem_ini.o
       284         56          0          0          6       1806   main_samp.o
        64         26        392          0      17408        848   startup_stm32f407xx.o
      1870         72       6840         24         32      26896   stm324xg_lcd_ili9341.o
       232         12          0          0          0       8088   stm32f4xx_fsmc.o
      3450         72       1216          0          0      15752   tjpgd.o
       466        152          0          0         72       4103   tjpgd_user.o
       318         16          0          0         24       4726   touch_module.o
       268         28          0          0         48       4665   user_defined.o

    ----------------------------------------------------------------------
      7820        542       8483         24      17608      74707   Object Totals
         0          0         32          0          0          0   (incl. Generated)
         6          0          3          0          2          0   (incl. Padding)

    ----------------------------------------------------------------------

      Code (inc. data)   RO Data    RW Data    ZI Data      Debug   Library Member Name

         8          0          0          0          0         68   __main.o
       312          4         17          0          0         92   __printf_flags_wp.o
        14          0          0          0          0         68   __printf_wp.o
         0          0          0          0          0          0   __rtentry.o
        12          0          0          0          0          0   __rtentry2.o
         6          0          0          0          0          0   __rtentry4.o
        52          8          0          0          0          0   __scatter.o
        26          0          0          0          0          0   __scatter_copy.o
        28          0          0          0          0          0   __scatter_zi.o
        48          6          0          0          0         96   _printf_char_common.o
         6          0          0          0          0          0   _printf_d.o
       120         16          0          0          0         92   _printf_dec.o
        88          4         40          0          0         88   _printf_hex_int.o
       178          0          0          0          0         88   _printf_intcommon.o
        78          0          0          0          0        108   _printf_pad.o
         0          0          0          0          0          0   _printf_percent.o
         4          0          0          0          0          0   _printf_percent_end.o
         6          0          0          0          0          0   _printf_x.o
        10          0          0          0          0         68   _sputc.o
        10          0          0          0          0         68   defsig_exit.o
        50          0          0          0          0         88   defsig_general.o
        80         58          0          0          0         76   defsig_rtmem_inner.o
        14          0          0          0          0         80   defsig_rtmem_outer.o
        18          0          0          0          0         80   exit.o
        94          0          0          0          0         80   h1_alloc.o
        52          0          0          0          0         68   h1_extend.o
        78          0          0          0          0         80   h1_free.o
        14          0          0          0          0         84   h1_init.o
         6          0          0          0          0        152   heapauxi.o
         4          0          0          0          0        136   hguard.o
         0          0          0          0          0          0   indicate_semi.o
       138          0          0          0          0        168   init_alloc.o
         2          0          0          0          0          0   libinit.o
        14          0          0          0          0          0   libinit2.o
         2          0          0          0          0          0   libshutdown.o
         2          0          0          0          0          0   libshutdown2.o
         8          4          0          0         96         68   libspace.o
         0          0          0          0          0          0   maybetermalloc1.o
        40          6          0          0          0         84   noretval__2sprintf.o
         8          4          0          0          0         68   rt_heap_descriptor_intlibspace.o
        78          0          0          0          0         80   rt_memclr_w.o
       138          0          0          0          0         68   rt_memcpy_v6.o
       100          0          0          0          0         80   rt_memcpy_w.o
         2          0          0          0          0          0   rtexit.o
        10          0          0          0          0          0   rtexit2.o
        12          4          0          0          0         68   sys_exit.o
        74          0          0          0          0         80   sys_stackheap_outer.o
        14          0          0          0          0         76   sys_wrch.o
         2          0          0          0          0         68   use_no_semi.o
        26          0          0          0          0        116   fpinit.o

    ----------------------------------------------------------------------
      2100        114         57          0         96       2784   Library Totals
        14          0          0          0          0          0   (incl. Padding)

    ----------------------------------------------------------------------

      Code (inc. data)   RO Data    RW Data    ZI Data      Debug   Library Name

      2060        114         57          0         96       2668   c_w.l
        26          0          0          0          0        116   fz_wm.l

    ----------------------------------------------------------------------
      2100        114         57          0         96       2784   Library Totals

    ----------------------------------------------------------------------

==============================================================================


      Code (inc. data)   RO Data    RW Data    ZI Data      Debug   

      9920        656       8540         24      17704      75907   Grand Totals
      9920        656       8540         24      17704      75907   ELF Image Totals
      9920        656       8540         24          0          0   ROM Totals

==============================================================================

    Total RO  Size (Code + RO Data)                18460 (  18.03kB)
    Total RW  Size (RW Data + ZI Data)             17728 (  17.31kB)
    Total ROM Size (Code + RO Data + RW Data)      18484 (  18.05kB)

==============================================================================

